[n9] 分组 ['main']；10 臂 × 9 对 + 基线 = 99 个条目；dry_run=False

组     臂                配对      唯一开关                           复用判定
----------------------------------------------------------------------------------------
main  _base            0:0     （基线臂）                          ♻ 复用
main  _base            0:1     （基线臂）                          ♻ 复用
main  _base            0:2     （基线臂）                          ♻ 复用
main  _base            1:0     （基线臂）                          ♻ 复用
main  _base            1:1     （基线臂）                          ♻ 复用
main  _base            1:2     （基线臂）                          ♻ 复用
main  _base            2:0     （基线臂）                          ♻ 复用
main  _base            2:1     （基线臂）                          ♻ 复用
main  _base            2:2     （基线臂）                          ♻ 复用
main  lvar_dose_0.01   0:0     --lambda-var 0.01              ▶ 新跑
main  lvar_dose_0.01   0:1     --lambda-var 0.01              ▶ 新跑
main  lvar_dose_0.01   0:2     --lambda-var 0.01              ▶ 新跑
main  lvar_dose_0.01   1:0     --lambda-var 0.01              ▶ 新跑
main  lvar_dose_0.01   1:1     --lambda-var 0.01              ▶ 新跑
main  lvar_dose_0.01   1:2     --lambda-var 0.01              ▶ 新跑
main  lvar_dose_0.01   2:0     --lambda-var 0.01              ▶ 新跑
main  lvar_dose_0.01   2:1     --lambda-var 0.01              ▶ 新跑
main  lvar_dose_0.01   2:2     --lambda-var 0.01              ▶ 新跑
main  lvar_dose_0.1    0:0     --lambda-var 0.1               ▶ 新跑
main  lvar_dose_0.1    0:1     --lambda-var 0.1               ▶ 新跑
main  lvar_dose_0.1    0:2     --lambda-var 0.1               ▶ 新跑
main  lvar_dose_0.1    1:0     --lambda-var 0.1               ▶ 新跑
main  lvar_dose_0.1    1:1     --lambda-var 0.1               ▶ 新跑
main  lvar_dose_0.1    1:2     --lambda-var 0.1               ▶ 新跑
main  lvar_dose_0.1    2:0     --lambda-var 0.1               ▶ 新跑
main  lvar_dose_0.1    2:1     --lambda-var 0.1               ▶ 新跑
main  lvar_dose_0.1    2:2     --lambda-var 0.1               ▶ 新跑
main  lvar_dose_1.0    0:0     --lambda-var 1.0               ▶ 新跑
main  lvar_dose_1.0    0:1     --lambda-var 1.0               ▶ 新跑
main  lvar_dose_1.0    0:2     --lambda-var 1.0               ▶ 新跑
main  lvar_dose_1.0    1:0     --lambda-var 1.0               ▶ 新跑
main  lvar_dose_1.0    1:1     --lambda-var 1.0               ▶ 新跑
main  lvar_dose_1.0    1:2     --lambda-var 1.0               ▶ 新跑
main  lvar_dose_1.0    2:0     --lambda-var 1.0               ▶ 新跑
main  lvar_dose_1.0    2:1     --lambda-var 1.0               ▶ 新跑
main  lvar_dose_1.0    2:2     --lambda-var 1.0               ▶ 新跑
main  conv_gcn         0:0     --conv gcn                     ▶ 新跑
main  conv_gcn         0:1     --conv gcn                     ▶ 新跑
main  conv_gcn         0:2     --conv gcn                     ▶ 新跑
main  conv_gcn         1:0     --conv gcn                     ▶ 新跑
main  conv_gcn         1:1     --conv gcn                     ▶ 新跑
main  conv_gcn         1:2     --conv gcn                     ▶ 新跑
main  conv_gcn         2:0     --conv gcn                     ▶ 新跑
main  conv_gcn         2:1     --conv gcn                     ▶ 新跑
main  conv_gcn         2:2     --conv gcn                     ▶ 新跑
main  conv_gat         0:0     --conv gat                     ▶ 新跑
main  conv_gat         0:1     --conv gat                     ▶ 新跑
main  conv_gat         0:2     --conv gat                     ▶ 新跑
main  conv_gat         1:0     --conv gat                     ▶ 新跑
main  conv_gat         1:1     --conv gat                     ▶ 新跑
main  conv_gat         1:2     --conv gat                     ▶ 新跑
main  conv_gat         2:0     --conv gat                     ▶ 新跑
main  conv_gat         2:1     --conv gat                     ▶ 新跑
main  conv_gat         2:2     --conv gat                     ▶ 新跑
main  conv_sage        0:0     --conv sage                    ▶ 新跑
main  conv_sage        0:1     --conv sage                    ▶ 新跑
main  conv_sage        0:2     --conv sage                    ▶ 新跑
main  conv_sage        1:0     --conv sage                    ▶ 新跑
main  conv_sage        1:1     --conv sage                    ▶ 新跑
main  conv_sage        1:2     --conv sage                    ▶ 新跑
main  conv_sage        2:0     --conv sage                    ▶ 新跑
main  conv_sage        2:1     --conv sage                    ▶ 新跑
main  conv_sage        2:2     --conv sage                    ▶ 新跑
main  hid256_pm        0:0     --hid 256 --num-bases 1        ▶ 新跑
main  hid256_pm        0:1     --hid 256 --num-bases 1        ▶ 新跑
main  hid256_pm        0:2     --hid 256 --num-bases 1        ▶ 新跑
main  hid256_pm        1:0     --hid 256 --num-bases 1        ▶ 新跑
main  hid256_pm        1:1     --hid 256 --num-bases 1        ▶ 新跑
main  hid256_pm        1:2     --hid 256 --num-bases 1        ▶ 新跑
main  hid256_pm        2:0     --hid 256 --num-bases 1        ▶ 新跑
main  hid256_pm        2:1     --hid 256 --num-bases 1        ▶ 新跑
main  hid256_pm        2:2     --hid 256 --num-bases 1        ▶ 新跑
main  gcn_pm           0:0     --conv gcn --hid 366           ▶ 新跑
main  gcn_pm           0:1     --conv gcn --hid 366           ▶ 新跑
main  gcn_pm           0:2     --conv gcn --hid 366           ▶ 新跑
main  gcn_pm           1:0     --conv gcn --hid 366           ▶ 新跑
main  gcn_pm           1:1     --conv gcn --hid 366           ▶ 新跑
main  gcn_pm           1:2     --conv gcn --hid 366           ▶ 新跑
main  gcn_pm           2:0     --conv gcn --hid 366           ▶ 新跑
main  gcn_pm           2:1     --conv gcn --hid 366           ▶ 新跑
main  gcn_pm           2:2     --conv gcn --hid 366           ▶ 新跑
main  gat_pm           0:0     --conv gat --hid 364           ▶ 新跑
main  gat_pm           0:1     --conv gat --hid 364           ▶ 新跑
main  gat_pm           0:2     --conv gat --hid 364           ▶ 新跑
main  gat_pm           1:0     --conv gat --hid 364           ▶ 新跑
main  gat_pm           1:1     --conv gat --hid 364           ▶ 新跑
main  gat_pm           1:2     --conv gat --hid 364           ▶ 新跑
main  gat_pm           2:0     --conv gat --hid 364           ▶ 新跑
main  gat_pm           2:1     --conv gat --hid 364           ▶ 新跑
main  gat_pm           2:2     --conv gat --hid 364           ▶ 新跑
main  sage_pm          0:0     --conv sage --hid 250          ▶ 新跑
main  sage_pm          0:1     --conv sage --hid 250          ▶ 新跑
main  sage_pm          0:2     --conv sage --hid 250          ▶ 新跑
main  sage_pm          1:0     --conv sage --hid 250          ▶ 新跑
main  sage_pm          1:1     --conv sage --hid 250          ▶ 新跑
main  sage_pm          1:2     --conv sage --hid 250          ▶ 新跑
main  sage_pm          2:0     --conv sage --hid 250          ▶ 新跑
main  sage_pm          2:1     --conv sage --hid 250          ▶ 新跑
main  sage_pm          2:2     --conv sage --hid 250          ▶ 新跑

[清点] 共 99 个条目：复用 9、新跑 90

[main/lvar_dose_0.01/0:0] ✓   26.8s  L_var 剂量 λ=0.01（基线 0.001，×10）
[main/lvar_dose_0.01/0:1] ✓   56.2s  L_var 剂量 λ=0.01（基线 0.001，×10）
[main/lvar_dose_0.01/0:2] ✓   75.3s  L_var 剂量 λ=0.01（基线 0.001，×10）
[main/lvar_dose_0.01/1:0] ✓   92.9s  L_var 剂量 λ=0.01（基线 0.001，×10）
[main/lvar_dose_0.01/1:1] ✓  112.4s  L_var 剂量 λ=0.01（基线 0.001，×10）
[main/lvar_dose_0.01/1:2] ✓  129.8s  L_var 剂量 λ=0.01（基线 0.001，×10）
[main/lvar_dose_0.01/2:0] ✓  151.6s  L_var 剂量 λ=0.01（基线 0.001，×10）
[main/lvar_dose_0.01/2:1] ✓  169.2s  L_var 剂量 λ=0.01（基线 0.001，×10）
[main/lvar_dose_0.01/2:2] ✓  189.7s  L_var 剂量 λ=0.01（基线 0.001，×10）
[main/lvar_dose_0.1/0:0] ✓  209.5s  L_var 剂量 λ=0.1（基线 0.001，×100）
[main/lvar_dose_0.1/0:1] ✓  228.3s  L_var 剂量 λ=0.1（基线 0.001，×100）
[main/lvar_dose_0.1/0:2] ✓  246.6s  L_var 剂量 λ=0.1（基线 0.001，×100）
[main/lvar_dose_0.1/1:0] ✓  265.0s  L_var 剂量 λ=0.1（基线 0.001，×100）
[main/lvar_dose_0.1/1:1] ✓  283.7s  L_var 剂量 λ=0.1（基线 0.001，×100）
[main/lvar_dose_0.1/1:2] ✓  300.2s  L_var 剂量 λ=0.1（基线 0.001，×100）
[main/lvar_dose_0.1/2:0] ✓  321.1s  L_var 剂量 λ=0.1（基线 0.001，×100）
[main/lvar_dose_0.1/2:1] ✓  337.3s  L_var 剂量 λ=0.1（基线 0.001，×100）
[main/lvar_dose_0.1/2:2] ✓  355.8s  L_var 剂量 λ=0.1（基线 0.001，×100）
[main/lvar_dose_1.0/0:0] ✓  374.8s  L_var 剂量 λ=1.0（基线 0.001，×1000）
[main/lvar_dose_1.0/0:1] ✓  391.4s  L_var 剂量 λ=1.0（基线 0.001，×1000）
[main/lvar_dose_1.0/0:2] ✓  412.3s  L_var 剂量 λ=1.0（基线 0.001，×1000）
[main/lvar_dose_1.0/1:0] ✓  428.7s  L_var 剂量 λ=1.0（基线 0.001，×1000）
[main/lvar_dose_1.0/1:1] ✓  445.2s  L_var 剂量 λ=1.0（基线 0.001，×1000）
[main/lvar_dose_1.0/1:2] ✓  461.2s  L_var 剂量 λ=1.0（基线 0.001，×1000）
[main/lvar_dose_1.0/2:0] ✓  483.5s  L_var 剂量 λ=1.0（基线 0.001，×1000）
[main/lvar_dose_1.0/2:1] ✓  499.7s  L_var 剂量 λ=1.0（基线 0.001，×1000）
[main/lvar_dose_1.0/2:2] ✓  516.9s  L_var 剂量 λ=1.0（基线 0.001，×1000）
[main/conv_gcn/0:0] ✓  532.1s  GCN（关系盲；大纲 5.3 的 EGFL 行）
[main/conv_gcn/0:1] ✓  549.3s  GCN（关系盲；大纲 5.3 的 EGFL 行）
[main/conv_gcn/0:2] ✓  564.1s  GCN（关系盲；大纲 5.3 的 EGFL 行）
[main/conv_gcn/1:0] ✓  581.1s  GCN（关系盲；大纲 5.3 的 EGFL 行）
[main/conv_gcn/1:1] ✓  595.7s  GCN（关系盲；大纲 5.3 的 EGFL 行）
[main/conv_gcn/1:2] ✓  610.3s  GCN（关系盲；大纲 5.3 的 EGFL 行）
[main/conv_gcn/2:0] ✓  626.4s  GCN（关系盲；大纲 5.3 的 EGFL 行）
[main/conv_gcn/2:1] ✓  642.7s  GCN（关系盲；大纲 5.3 的 EGFL 行）
[main/conv_gcn/2:2] ✓  659.2s  GCN（关系盲；大纲 5.3 的 EGFL 行）
[main/conv_gat/0:0] ✓  678.5s  GAT（关系盲）
[main/conv_gat/0:1] ✓  695.7s  GAT（关系盲）
[main/conv_gat/0:2] ✓  711.4s  GAT（关系盲）
[main/conv_gat/1:0] ✓  729.3s  GAT（关系盲）
[main/conv_gat/1:1] ✓  746.1s  GAT（关系盲）
[main/conv_gat/1:2] ✓  763.3s  GAT（关系盲）
[main/conv_gat/2:0] ✓  780.4s  GAT（关系盲）
[main/conv_gat/2:1] ✓  796.1s  GAT（关系盲）
[main/conv_gat/2:2] ✓  812.5s  GAT（关系盲）
[main/conv_sage/0:0] ✓  827.8s  GraphSAGE（关系盲）
[main/conv_sage/0:1] ✓  843.6s  GraphSAGE（关系盲）
[main/conv_sage/0:2] ✓  859.0s  GraphSAGE（关系盲）
[main/conv_sage/1:0] ✓  875.9s  GraphSAGE（关系盲）
[main/conv_sage/1:1] ✓  893.0s  GraphSAGE（关系盲）
[main/conv_sage/1:2] ✓  908.6s  GraphSAGE（关系盲）
[main/conv_sage/2:0] ✓  924.1s  GraphSAGE（关系盲）
[main/conv_sage/2:1] ✓  941.7s  GraphSAGE（关系盲）
[main/conv_sage/2:2] ✓  957.3s  GraphSAGE（关系盲）
[main/hid256_pm/0:0] ✓  977.8s  hid256 的同参数量版（423,762 = 正典 1.021×；**变量 = 宽度 128→256 + 基 5→1**，深度不变）
[main/hid256_pm/0:1] ✓  996.2s  hid256 的同参数量版（423,762 = 正典 1.021×；**变量 = 宽度 128→256 + 基 5→1**，深度不变）
[main/hid256_pm/0:2] ✓ 1019.4s  hid256 的同参数量版（423,762 = 正典 1.021×；**变量 = 宽度 128→256 + 基 5→1**，深度不变）
[main/hid256_pm/1:0] ✓ 1038.4s  hid256 的同参数量版（423,762 = 正典 1.021×；**变量 = 宽度 128→256 + 基 5→1**，深度不变）
[main/hid256_pm/1:1] ✓ 1058.2s  hid256 的同参数量版（423,762 = 正典 1.021×；**变量 = 宽度 128→256 + 基 5→1**，深度不变）
[main/hid256_pm/1:2] ✓ 1074.8s  hid256 的同参数量版（423,762 = 正典 1.021×；**变量 = 宽度 128→256 + 基 5→1**，深度不变）
[main/hid256_pm/2:0] ✓ 1093.4s  hid256 的同参数量版（423,762 = 正典 1.021×；**变量 = 宽度 128→256 + 基 5→1**，深度不变）
[main/hid256_pm/2:1] ✓ 1110.5s  hid256 的同参数量版（423,762 = 正典 1.021×；**变量 = 宽度 128→256 + 基 5→1**，深度不变）
[main/hid256_pm/2:2] ✓ 1127.2s  hid256 的同参数量版（423,762 = 正典 1.021×；**变量 = 宽度 128→256 + 基 5→1**，深度不变）
[main/gcn_pm/0:0] ✓ 1144.2s  GCN 参数量匹配（hid=366 → 415,318 ≈ 正典；**变量 = 算子 + 宽度**）
[main/gcn_pm/0:1] ✓ 1159.5s  GCN 参数量匹配（hid=366 → 415,318 ≈ 正典；**变量 = 算子 + 宽度**）
[main/gcn_pm/0:2] ✓ 1174.6s  GCN 参数量匹配（hid=366 → 415,318 ≈ 正典；**变量 = 算子 + 宽度**）
[main/gcn_pm/1:0] ✓ 1189.0s  GCN 参数量匹配（hid=366 → 415,318 ≈ 正典；**变量 = 算子 + 宽度**）
[main/gcn_pm/1:1] ✓ 1205.8s  GCN 参数量匹配（hid=366 → 415,318 ≈ 正典；**变量 = 算子 + 宽度**）
[main/gcn_pm/1:2] ✓ 1225.2s  GCN 参数量匹配（hid=366 → 415,318 ≈ 正典；**变量 = 算子 + 宽度**）
[main/gcn_pm/2:0] ✓ 1239.4s  GCN 参数量匹配（hid=366 → 415,318 ≈ 正典；**变量 = 算子 + 宽度**）
[main/gcn_pm/2:1] ✓ 1255.5s  GCN 参数量匹配（hid=366 → 415,318 ≈ 正典；**变量 = 算子 + 宽度**）
[main/gcn_pm/2:2] ✓ 1272.1s  GCN 参数量匹配（hid=366 → 415,318 ≈ 正典；**变量 = 算子 + 宽度**）
[main/gat_pm/0:0] ✓ 1287.4s  GAT 参数量匹配（hid=364 → 414,924 ≈ 正典；**变量 = 算子 + 宽度**）
[main/gat_pm/0:1] ✓ 1302.8s  GAT 参数量匹配（hid=364 → 414,924 ≈ 正典；**变量 = 算子 + 宽度**）
[main/gat_pm/0:2] ✓ 1334.5s  GAT 参数量匹配（hid=364 → 414,924 ≈ 正典；**变量 = 算子 + 宽度**）
[main/gat_pm/1:0] ✓ 1354.9s  GAT 参数量匹配（hid=364 → 414,924 ≈ 正典；**变量 = 算子 + 宽度**）
[main/gat_pm/1:1] ✓ 1373.5s  GAT 参数量匹配（hid=364 → 414,924 ≈ 正典；**变量 = 算子 + 宽度**）
[main/gat_pm/1:2] ✓ 1389.1s  GAT 参数量匹配（hid=364 → 414,924 ≈ 正典；**变量 = 算子 + 宽度**）
[main/gat_pm/2:0] ✓ 1417.1s  GAT 参数量匹配（hid=364 → 414,924 ≈ 正典；**变量 = 算子 + 宽度**）
[main/gat_pm/2:1] ✓ 1433.6s  GAT 参数量匹配（hid=364 → 414,924 ≈ 正典；**变量 = 算子 + 宽度**）
[main/gat_pm/2:2] ✓ 1448.1s  GAT 参数量匹配（hid=364 → 414,924 ≈ 正典；**变量 = 算子 + 宽度**）
[main/sage_pm/0:0] ✓ 1469.5s  SAGE 参数量匹配（hid=250 → 415,742 ≈ 正典；**变量 = 算子 + 宽度**）
[main/sage_pm/0:1] ✓ 1486.8s  SAGE 参数量匹配（hid=250 → 415,742 ≈ 正典；**变量 = 算子 + 宽度**）
[main/sage_pm/0:2] ✓ 1500.2s  SAGE 参数量匹配（hid=250 → 415,742 ≈ 正典；**变量 = 算子 + 宽度**）
[main/sage_pm/1:0] ✓ 1518.3s  SAGE 参数量匹配（hid=250 → 415,742 ≈ 正典；**变量 = 算子 + 宽度**）
[main/sage_pm/1:1] ✓ 1536.5s  SAGE 参数量匹配（hid=250 → 415,742 ≈ 正典；**变量 = 算子 + 宽度**）
[main/sage_pm/1:2] ✓ 1553.9s  SAGE 参数量匹配（hid=250 → 415,742 ≈ 正典；**变量 = 算子 + 宽度**）
[main/sage_pm/2:0] ✓ 1567.0s  SAGE 参数量匹配（hid=250 → 415,742 ≈ 正典；**变量 = 算子 + 宽度**）
[main/sage_pm/2:1] ✓ 1582.2s  SAGE 参数量匹配（hid=250 → 415,742 ≈ 正典；**变量 = 算子 + 宽度**）
[main/sage_pm/2:2] ✓ 1601.0s  SAGE 参数量匹配（hid=250 → 415,742 ≈ 正典；**变量 = 算子 + 宽度**）

[n9] 结束：新跑 90 个 run，wall 26.7 min，失败 0
[n9] 下一步：python scripts/collect_ablation_n9.py --group both
