[ft] 语料=alldata  输出=runs/codebert_ft_buggy/ss2
[ft] split_seed2  train=398 val=50 test=49（已断言 train ∩ val∪test = ∅）
[ft] 训练序列 9731 条（合约均 24.4 个函数）
[ft] epoch 1: loss=2.3725 val_macro_f1=0.5298 lr=2.00e-05 (165.4s)
[ft] epoch 2: loss=0.7595 val_macro_f1=0.7406 lr=2.00e-05 (317.6s)
[ft] epoch 3: loss=0.6035 val_macro_f1=0.7764 lr=2.00e-05 (468.6s)
[ft] epoch 4: loss=0.4576 val_macro_f1=0.8565 lr=2.00e-05 (619.3s)
[ft] epoch 5: loss=0.3701 val_macro_f1=0.8985 lr=2.00e-05 (769.3s)
[ft] epoch 6: loss=0.2323 val_macro_f1=0.9271 lr=2.00e-05 (919.7s)
[ft] epoch 7: loss=0.1595 val_macro_f1=0.9186 lr=2.00e-05 (1071.2s)
[ft] epoch 8: loss=0.1100 val_macro_f1=0.9196 lr=1.00e-05 (1223.2s)
[ft] epoch 9: loss=0.0547 val_macro_f1=0.9356 lr=1.00e-05 (1373.5s)
[ft] epoch 10: loss=0.0536 val_macro_f1=0.9529 lr=1.00e-05 (1525.1s)
[ft] epoch 11: loss=0.0190 val_macro_f1=0.9326 lr=1.00e-05 (1681.8s)
[ft] epoch 12: loss=0.0228 val_macro_f1=0.9755 lr=1.00e-05 (1838.0s)
[ft] epoch 13: loss=0.0278 val_macro_f1=0.9397 lr=1.00e-05 (1999.1s)
[ft] epoch 14: loss=0.0141 val_macro_f1=0.9464 lr=5.00e-06 (2155.6s)
[ft] epoch 15: loss=0.0082 val_macro_f1=0.9591 lr=5.00e-06 (2316.5s)
[ft] epoch 16: loss=0.0092 val_macro_f1=0.9701 lr=2.50e-06 (2473.5s)
[ft] val macro-F1 连续 4 个 epoch 未提升，早停于 epoch 16
[ft] 完成：best epoch 12 val_macro_f1=0.9755 → runs/codebert_ft_buggy/ss2/encoder
