=== ① seed0 train ===
epoch   0 loss 0.9697 clss 0.9697 var 0.0722 sc_mean 0.5239 sc_std 0.0278 val_micro 0.3077 val_macro 0.3440 lr 1.00e-04 1.4s
epoch   1 loss 0.8382 clss 0.8382 var 0.0377 sc_mean 0.6759 sc_std 0.0624 val_micro 0.5161 val_macro 0.2527 lr 1.00e-04 0.4s
epoch   2 loss 0.6908 clss 0.6907 var 0.0202 sc_mean 0.7757 sc_std 0.0819 val_micro 0.5714 val_macro 0.2776 lr 1.00e-04 0.3s
epoch   3 loss 0.5546 clss 0.5546 var 0.0125 sc_mean 0.7925 sc_std 0.0939 val_micro 0.6061 val_macro 0.2993 lr 1.00e-04 0.3s
epoch   4 loss 0.4767 clss 0.4767 var 0.0081 sc_mean 0.7577 sc_std 0.1119 val_micro 0.6250 val_macro 0.3184 lr 1.00e-04 0.3s
epoch   5 loss 0.4120 clss 0.4119 var 0.0064 sc_mean 0.6682 sc_std 0.1317 val_micro 0.6250 val_macro 0.3184 lr 1.00e-04 0.3s
epoch   6 loss 0.3686 clss 0.3685 var 0.0061 sc_mean 0.5144 sc_std 0.1493 val_micro 0.6486 val_macro 0.3250 lr 1.00e-04 0.3s
epoch   7 loss 0.3365 clss 0.3365 var 0.0038 sc_mean 0.3847 sc_std 0.1614 val_micro 0.7317 val_macro 0.3725 lr 1.00e-04 0.3s
epoch   8 loss 0.2947 clss 0.2947 var 0.0038 sc_mean 0.2390 sc_std 0.1445 val_micro 0.7805 val_macro 0.3956 lr 1.00e-04 0.2s
epoch   9 loss 0.2882 clss 0.2882 var 0.0061 sc_mean 0.1486 sc_std 0.1288 val_micro 0.8205 val_macro 0.4156 lr 1.00e-04 0.2s
epoch  10 loss 0.2418 clss 0.2418 var 0.0108 sc_mean 0.1032 sc_std 0.1133 val_micro 0.8372 val_macro 0.5099 lr 1.00e-04 0.3s
epoch  11 loss 0.2341 clss 0.2341 var 0.0218 sc_mean 0.0778 sc_std 0.1027 val_micro 0.8372 val_macro 0.5099 lr 1.00e-04 0.3s
epoch  12 loss 0.2235 clss 0.2235 var 0.0329 sc_mean 0.0579 sc_std 0.0913 val_micro 0.8182 val_macro 0.4908 lr 1.00e-04 0.3s
epoch  13 loss 0.2010 clss 0.2010 var 0.0312 sc_mean 0.0591 sc_std 0.0938 val_micro 0.8372 val_macro 0.5099 lr 1.00e-04 0.3s
epoch  14 loss 0.1841 clss 0.1841 var 0.0290 sc_mean 0.0589 sc_std 0.0960 val_micro 0.7917 val_macro 0.6020 lr 5.00e-05 0.2s
epoch  15 loss 0.1844 clss 0.1844 var 0.0363 sc_mean 0.0511 sc_std 0.0907 val_micro 0.7843 val_macro 0.5688 lr 5.00e-05 0.3s
early stop at epoch 15（连续 5 epoch val micro-F1 不提升）
done seed0 (split_seed0): best val micro-F1=0.8372 @ epoch; wall=9.3s train=5.0s graphs/s=1156.90 → runs/baseline_gcn/seed0
=== ① seed0 eval ===
[evaluate] 标签来源：file=/home/saumarez/projects/deep-learning/SSM-HG/alldata(readonly)/contract_labels.json key_mode=project
seed0 (split_seed0): test micro-F1 0.5=0.4722 / val_thr(0.7)=0.7500；macro 0.5=0.3930；mAP=0.7190 (classes used 7)
=== ① seed1 train ===
epoch   0 loss 0.9660 clss 0.9659 var 0.0806 sc_mean 0.5194 sc_std 0.0194 val_micro 0.4667 val_macro 0.4089 lr 1.00e-04 0.9s
epoch   1 loss 0.8731 clss 0.8730 var 0.0619 sc_mean 0.5109 sc_std 0.0381 val_micro 0.5882 val_macro 0.2812 lr 1.00e-04 0.3s
epoch   2 loss 0.7036 clss 0.7036 var 0.0334 sc_mean 0.5367 sc_std 0.0670 val_micro 0.6667 val_macro 0.3414 lr 1.00e-04 0.3s
epoch   3 loss 0.5523 clss 0.5523 var 0.0136 sc_mean 0.5662 sc_std 0.0911 val_micro 0.6842 val_macro 0.3466 lr 1.00e-04 0.3s
epoch   4 loss 0.4709 clss 0.4709 var 0.0074 sc_mean 0.5616 sc_std 0.1126 val_micro 0.7368 val_macro 0.3366 lr 1.00e-04 0.3s
epoch   5 loss 0.3946 clss 0.3946 var 0.0037 sc_mean 0.4899 sc_std 0.1342 val_micro 0.7805 val_macro 0.3806 lr 1.00e-04 0.3s
epoch   6 loss 0.3174 clss 0.3174 var 0.0030 sc_mean 0.3809 sc_std 0.1459 val_micro 0.8333 val_macro 0.6365 lr 1.00e-04 0.3s
epoch   7 loss 0.2713 clss 0.2713 var 0.0033 sc_mean 0.2475 sc_std 0.1384 val_micro 0.8182 val_macro 0.4712 lr 1.00e-04 0.3s
epoch   8 loss 0.2477 clss 0.2477 var 0.0050 sc_mean 0.1550 sc_std 0.1235 val_micro 0.8696 val_macro 0.6663 lr 1.00e-04 0.4s
epoch   9 loss 0.2045 clss 0.2045 var 0.0207 sc_mean 0.0864 sc_std 0.1046 val_micro 0.9091 val_macro 0.6773 lr 1.00e-04 0.3s
epoch  10 loss 0.1910 clss 0.1910 var 0.0233 sc_mean 0.0750 sc_std 0.1037 val_micro 0.8889 val_macro 0.6773 lr 1.00e-04 0.3s
epoch  11 loss 0.1655 clss 0.1654 var 0.0419 sc_mean 0.0477 sc_std 0.0843 val_micro 0.9091 val_macro 0.6773 lr 1.00e-04 0.3s
epoch  12 loss 0.1568 clss 0.1568 var 0.0466 sc_mean 0.0382 sc_std 0.0827 val_micro 0.9091 val_macro 0.6773 lr 1.00e-04 0.3s
epoch  13 loss 0.1354 clss 0.1354 var 0.0518 sc_mean 0.0345 sc_std 0.0787 val_micro 0.9091 val_macro 0.6773 lr 5.00e-05 0.3s
epoch  14 loss 0.1205 clss 0.1204 var 0.0520 sc_mean 0.0324 sc_std 0.0776 val_micro 0.8889 val_macro 0.6773 lr 5.00e-05 0.3s
early stop at epoch 14（连续 5 epoch val micro-F1 不提升）
done seed1 (split_seed1): best val micro-F1=0.9091 @ epoch; wall=8.1s train=4.3s graphs/s=1263.01 → runs/baseline_gcn/seed1
=== ① seed1 eval ===
[evaluate] 标签来源：file=/home/saumarez/projects/deep-learning/SSM-HG/alldata(readonly)/contract_labels.json key_mode=project
seed1 (split_seed1): test micro-F1 0.5=0.6122 / val_thr(0.65)=0.7778；macro 0.5=0.3760；mAP=0.7137 (classes used 7)
=== ① seed2 train ===
epoch   0 loss 0.9794 clss 0.9794 var 0.0716 sc_mean 0.5322 sc_std 0.0284 val_micro 0.5556 val_macro 0.2449 lr 1.00e-04 0.5s
epoch   1 loss 0.8260 clss 0.8260 var 0.0418 sc_mean 0.6081 sc_std 0.0582 val_micro 0.6000 val_macro 0.3160 lr 1.00e-04 0.2s
epoch   2 loss 0.6690 clss 0.6690 var 0.0177 sc_mean 0.7263 sc_std 0.0865 val_micro 0.7000 val_macro 0.4340 lr 1.00e-04 0.2s
epoch   3 loss 0.5246 clss 0.5246 var 0.0098 sc_mean 0.7869 sc_std 0.1027 val_micro 0.7368 val_macro 0.4762 lr 1.00e-04 0.3s
epoch   4 loss 0.4254 clss 0.4254 var 0.0079 sc_mean 0.7552 sc_std 0.1242 val_micro 0.7778 val_macro 0.5020 lr 1.00e-04 0.3s
epoch   5 loss 0.3730 clss 0.3730 var 0.0069 sc_mean 0.6334 sc_std 0.1505 val_micro 0.8108 val_macro 0.5143 lr 1.00e-04 0.2s
epoch   6 loss 0.3183 clss 0.3183 var 0.0045 sc_mean 0.4985 sc_std 0.1711 val_micro 0.8108 val_macro 0.5143 lr 1.00e-04 0.2s
epoch   7 loss 0.2699 clss 0.2699 var 0.0034 sc_mean 0.3498 sc_std 0.1707 val_micro 0.8333 val_macro 0.5224 lr 1.00e-04 0.2s
epoch   8 loss 0.2568 clss 0.2568 var 0.0032 sc_mean 0.2962 sc_std 0.1721 val_micro 0.8333 val_macro 0.5224 lr 1.00e-04 0.3s
epoch   9 loss 0.2275 clss 0.2274 var 0.0026 sc_mean 0.3266 sc_std 0.1880 val_micro 0.8333 val_macro 0.5224 lr 1.00e-04 0.3s
epoch  10 loss 0.2129 clss 0.2129 var 0.0037 sc_mean 0.2172 sc_std 0.1675 val_micro 0.8649 val_macro 0.5333 lr 1.00e-04 0.2s
epoch  11 loss 0.1823 clss 0.1823 var 0.0027 sc_mean 0.1890 sc_std 0.1663 val_micro 0.8649 val_macro 0.5333 lr 1.00e-04 0.2s
epoch  12 loss 0.1667 clss 0.1667 var 0.0040 sc_mean 0.1792 sc_std 0.1654 val_micro 0.8333 val_macro 0.5224 lr 1.00e-04 0.2s
epoch  13 loss 0.1618 clss 0.1618 var 0.0032 sc_mean 0.2154 sc_std 0.1847 val_micro 0.8108 val_macro 0.5034 lr 1.00e-04 0.3s
epoch  14 loss 0.1678 clss 0.1678 var 0.0027 sc_mean 0.2012 sc_std 0.1902 val_micro 0.8205 val_macro 0.5007 lr 5.00e-05 0.2s
epoch  15 loss 0.1388 clss 0.1388 var 0.0048 sc_mean 0.1677 sc_std 0.1701 val_micro 0.8205 val_macro 0.5007 lr 5.00e-05 0.2s
early stop at epoch 15（连续 5 epoch val micro-F1 不提升）
done seed2 (split_seed2): best val micro-F1=0.8649 @ epoch; wall=7.3s train=3.7s graphs/s=1582.23 → runs/baseline_gcn/seed2
=== ① seed2 eval ===
[evaluate] 标签来源：file=/home/saumarez/projects/deep-learning/SSM-HG/alldata(readonly)/contract_labels.json key_mode=project
seed2 (split_seed2): test micro-F1 0.5=0.6800 / val_thr(0.8)=0.8000；macro 0.5=0.5238；mAP=0.7963 (classes used 7)
summary: 3 seeds [0, 1, 2] → micro-F1(0.5) 0.588156±0.105963；micro-F1(val_thr) 0.775926±0.025051 → runs/baseline_gcn/summary.json
=== ② seed0 train ===
epoch   0 loss 1.0209 clss 1.0209 var 0.0414 sc_mean 0.4443 sc_std 0.0752 val_micro 0.9615 val_macro 0.9496 lr 1.00e-04 9.8s
epoch   1 loss 0.4055 clss 0.4055 var 0.0047 sc_mean 0.2996 sc_std 0.2183 val_micro 0.9935 val_macro 0.9929 lr 1.00e-04 2.7s
epoch   2 loss 0.0843 clss 0.0843 var 0.0009 sc_mean 0.3511 sc_std 0.2739 val_micro 0.9968 val_macro 0.9957 lr 1.00e-04 1.8s
epoch   3 loss 0.0339 clss 0.0339 var 0.0010 sc_mean 0.3605 sc_std 0.2864 val_micro 0.9968 val_macro 0.9957 lr 1.00e-04 3.0s
epoch   4 loss 0.0218 clss 0.0218 var 0.0007 sc_mean 0.3804 sc_std 0.2979 val_micro 0.9968 val_macro 0.9957 lr 1.00e-04 1.7s
epoch   5 loss 0.0179 clss 0.0179 var 0.0009 sc_mean 0.3799 sc_std 0.3025 val_micro 0.9968 val_macro 0.9957 lr 1.00e-04 1.6s
epoch   6 loss 0.0147 clss 0.0147 var 0.0008 sc_mean 0.3840 sc_std 0.3073 val_micro 0.9968 val_macro 0.9957 lr 5.00e-05 1.5s
epoch   7 loss 0.0136 clss 0.0136 var 0.0009 sc_mean 0.4006 sc_std 0.3092 val_micro 0.9968 val_macro 0.9957 lr 5.00e-05 1.5s
early stop at epoch 7（连续 5 epoch val micro-F1 不提升）
done seed0 (split_seed0): best val micro-F1=0.9968 @ epoch; wall=55.2s train=22.2s graphs/s=511.33 → runs/baseline_gcn_aug/seed0
=== ② seed0 eval ===
[evaluate] 标签来源：file=products/augmentation/contract_labels_repaired.json key_mode=stem
seed0 (split_seed0): test micro-F1 0.5=0.9697 / val_thr(0.6)=0.9662；macro 0.5=0.9772；mAP=0.9926 (classes used 7)
=== ② seed1 train ===
epoch   0 loss 1.0235 clss 1.0234 var 0.0453 sc_mean 0.5982 sc_std 0.0601 val_micro 0.9437 val_macro 0.9508 lr 1.00e-04 2.7s
epoch   1 loss 0.4309 clss 0.4309 var 0.0028 sc_mean 0.4429 sc_std 0.2165 val_micro 0.9766 val_macro 0.9804 lr 1.00e-04 1.3s
epoch   2 loss 0.0828 clss 0.0828 var 0.0018 sc_mean 0.3833 sc_std 0.2911 val_micro 0.9832 val_macro 0.9846 lr 1.00e-04 1.3s
epoch   3 loss 0.0271 clss 0.0271 var 0.0012 sc_mean 0.3973 sc_std 0.3107 val_micro 0.9799 val_macro 0.9825 lr 1.00e-04 1.3s
epoch   4 loss 0.0174 clss 0.0174 var 0.0013 sc_mean 0.4253 sc_std 0.3198 val_micro 0.9932 val_macro 0.9914 lr 1.00e-04 1.4s
epoch   5 loss 0.0136 clss 0.0136 var 0.0014 sc_mean 0.4505 sc_std 0.3284 val_micro 0.9832 val_macro 0.9846 lr 1.00e-04 1.3s
epoch   6 loss 0.0105 clss 0.0105 var 0.0010 sc_mean 0.4595 sc_std 0.3282 val_micro 0.9832 val_macro 0.9846 lr 1.00e-04 1.4s
epoch   7 loss 0.0083 clss 0.0083 var 0.0013 sc_mean 0.4768 sc_std 0.3250 val_micro 0.9932 val_macro 0.9914 lr 1.00e-04 1.4s
epoch   8 loss 0.0068 clss 0.0068 var 0.0013 sc_mean 0.5065 sc_std 0.3288 val_micro 0.9932 val_macro 0.9914 lr 5.00e-05 1.3s
epoch   9 loss 0.0057 clss 0.0057 var 0.0013 sc_mean 0.4960 sc_std 0.3301 val_micro 0.9898 val_macro 0.9886 lr 5.00e-05 1.3s
early stop at epoch 9（连续 5 epoch val micro-F1 不提升）
done seed1 (split_seed1): best val micro-F1=0.9932 @ epoch; wall=48.4s train=13.5s graphs/s=1053.78 → runs/baseline_gcn_aug/seed1
=== ② seed1 eval ===
[evaluate] 标签来源：file=products/augmentation/contract_labels_repaired.json key_mode=stem
seed1 (split_seed1): test micro-F1 0.5=1.0000 / val_thr(0.7)=1.0000；macro 0.5=1.0000；mAP=1.0000 (classes used 7)
=== ② seed2 train ===
epoch   0 loss 1.0183 clss 1.0182 var 0.0418 sc_mean 0.4342 sc_std 0.0733 val_micro 0.9767 val_macro 0.9767 lr 1.00e-04 1.9s
epoch   1 loss 0.3765 clss 0.3765 var 0.0052 sc_mean 0.2869 sc_std 0.2230 val_micro 0.9838 val_macro 0.9880 lr 1.00e-04 1.3s
epoch   2 loss 0.0787 clss 0.0787 var 0.0013 sc_mean 0.3373 sc_std 0.2783 val_micro 0.9838 val_macro 0.9871 lr 1.00e-04 1.4s
epoch   3 loss 0.0304 clss 0.0304 var 0.0006 sc_mean 0.3503 sc_std 0.2915 val_micro 0.9775 val_macro 0.9815 lr 1.00e-04 1.3s
epoch   4 loss 0.0184 clss 0.0184 var 0.0004 sc_mean 0.3673 sc_std 0.3018 val_micro 0.9835 val_macro 0.9822 lr 1.00e-04 1.3s
epoch   5 loss 0.0150 clss 0.0150 var 0.0004 sc_mean 0.3487 sc_std 0.2985 val_micro 0.9836 val_macro 0.9818 lr 5.00e-05 1.3s
epoch   6 loss 0.0114 clss 0.0114 var 0.0004 sc_mean 0.3716 sc_std 0.3067 val_micro 0.9839 val_macro 0.9860 lr 5.00e-05 1.3s
epoch   7 loss 0.0127 clss 0.0127 var 0.0005 sc_mean 0.3851 sc_std 0.3109 val_micro 0.9839 val_macro 0.9860 lr 5.00e-05 1.4s
epoch   8 loss 0.0100 clss 0.0100 var 0.0004 sc_mean 0.3986 sc_std 0.3168 val_micro 0.9839 val_macro 0.9860 lr 5.00e-05 1.3s
epoch   9 loss 0.0096 clss 0.0096 var 0.0004 sc_mean 0.3915 sc_std 0.3168 val_micro 0.9839 val_macro 0.9860 lr 5.00e-05 1.3s
epoch  10 loss 0.0073 clss 0.0073 var 0.0004 sc_mean 0.3842 sc_std 0.3130 val_micro 0.9839 val_macro 0.9860 lr 2.50e-05 1.3s
epoch  11 loss 0.0086 clss 0.0086 var 0.0004 sc_mean 0.3724 sc_std 0.3127 val_micro 0.9839 val_macro 0.9860 lr 2.50e-05 1.8s
early stop at epoch 11（连续 5 epoch val micro-F1 不提升）
done seed2 (split_seed2): best val micro-F1=0.9839 @ epoch; wall=35.8s train=15.1s graphs/s=1124.82 → runs/baseline_gcn_aug/seed2
=== ② seed2 eval ===
[evaluate] 标签来源：file=products/augmentation/contract_labels_repaired.json key_mode=stem
seed2 (split_seed2): test micro-F1 0.5=0.9775 / val_thr(0.2)=0.9745；macro 0.5=0.9741；mAP=0.9998 (classes used 7)
summary: 3 seeds [0, 1, 2] → micro-F1(0.5) 0.982396±0.015736；micro-F1(val_thr) 0.980246±0.017604 → runs/baseline_gcn_aug/summary.json
GCN_BASELINE_DONE failures=0
