2026-09-23 08:53:40,311: [180690] m.c.plugin:[33mWARNING:[0m Caught will_solve in state None, but failed to capture its initialization
2026-09-23 08:53:40,354: [180698] m.c.manticore:[34mINFO:[0m Generated testcase No. 6 - STOP(3 txs)
2026-09-23 08:53:40,355: [180698] m.c.plugin:[33mWARNING:[0m Caught will_solve in state None, but failed to capture its initialization
2026-09-23 08:53:40,429: [180702] m.c.manticore:[34mINFO:[0m Generated testcase No. 7 - REVERT(2 txs)
2026-09-23 08:53:40,524: [180691] m.c.plugin:[33mWARNING:[0m Caught will_solve in state None, but failed to capture its initialization
2026-09-23 08:53:40,592: [180693] m.c.plugin:[33mWARNING:[0m Caught will_solve in state None, but failed to capture its initialization
2026-09-23 08:53:40,648: [180700] m.c.plugin:[33mWARNING:[0m Caught will_solve in state None, but failed to capture its initialization
2026-09-23 08:53:40,869: [180691] m.c.manticore:[34mINFO:[0m Generated testcase No. 8 - STOP(3 txs)
2026-09-23 08:53:40,952: [180693] m.c.manticore:[34mINFO:[0m Generated testcase No. 9 - RETURN(3 txs)
2026-09-23 08:53:40,961: [180696] m.c.plugin:[33mWARNING:[0m Caught will_solve in state None, but failed to capture its initialization
2026-09-23 08:53:41,033: [180703] m.c.manticore:[34mINFO:[0m Generated testcase No. 10 - REVERT(2 txs)
2026-09-23 08:53:41,097: [180700] m.c.manticore:[34mINFO:[0m Generated testcase No. 11 - STOP(3 txs)
2026-09-23 08:53:41,289: [180702] m.c.manticore:[34mINFO:[0m Generated testcase No. 12 - REVERT(3 txs)
2026-09-23 08:53:41,346: [180701] m.c.plugin:[33mWARNING:[0m Caught will_solve in state None, but failed to capture its initialization
2026-09-23 08:53:41,598: [180696] m.c.manticore:[34mINFO:[0m Generated testcase No. 13 - RETURN(3 txs)
2026-09-23 08:53:41,804: [180705] m.c.manticore:[34mINFO:[0m Generated testcase No. 14 - REVERT(3 txs)
2026-09-23 08:53:42,476: [180703] m.c.manticore:[34mINFO:[0m Generated testcase No. 15 - REVERT(3 txs)
2026-09-23 08:53:42,528: [180701] m.c.manticore:[34mINFO:[0m Generated testcase No. 16 - RETURN(3 txs)
2026-09-23 08:53:42,705: [180702] m.c.manticore:[34mINFO:[0m Generated testcase No. 17 - REVERT(3 txs)
2026-09-23 08:53:42,935: [180698] m.c.manticore:[34mINFO:[0m Generated testcase No. 18 - REVERT(3 txs)
2026-09-23 08:53:43,153: [180700] m.c.manticore:[34mINFO:[0m Generated testcase No. 19 - REVERT(3 txs)
2026-09-23 08:53:43,395: [180696] m.c.manticore:[34mINFO:[0m Generated testcase No. 20 - REVERT(3 txs)
2026-09-23 08:53:43,520: [180705] m.c.manticore:[34mINFO:[0m Generated testcase No. 21 - REVERT(3 txs)
2026-09-23 08:53:43,677: [180703] m.c.manticore:[34mINFO:[0m Generated testcase No. 22 - REVERT(3 txs)
2026-09-23 08:53:44,059: [180702] m.c.manticore:[34mINFO:[0m Generated testcase No. 23 - REVERT(3 txs)
2026-09-23 08:53:44,322: [180698] m.c.manticore:[34mINFO:[0m Generated testcase No. 24 - REVERT(3 txs)
2026-09-23 08:53:44,333: [180700] m.c.manticore:[34mINFO:[0m Generated testcase No. 25 - REVERT(3 txs)
2026-09-23 08:54:12,852: [180341] m.c.plugin:[33mWARNING:[0m Caught will_solve in state None, but failed to capture its initialization
2026-09-23 08:54:17,517: [180341] m.c.manticore:[34mINFO:[0m Results in /tmp/mcore_fix
2026-09-23 08:54:17,517: [180341] m.c.manticore:[34mINFO:[0m Total time: 100.33126330375671
########## DONE ##########
