/home/saumarez/anaconda3/envs/mythril/lib/python3.11/site-packages/eth/__init__.py:1: UserWarning: pkg_resources is deprecated as an API. See https://setuptools.pypa.io/en/latest/pkg_resources.html. The pkg_resources package is slated for removal as early as 2025-11-30. Refrain from using this package or pin to Setuptools<81.
  import pkg_resources
usage: myth analyze [-h] [--rpc HOST:PORT / ganache / infura-[network_name]]
                    [--rpctls RPCTLS] [--infura-id INFURA_ID]
                    [--solc-json SOLC_JSON] [--solc-args SOLC_ARGS]
                    [--solv SOLV] [-c BYTECODE] [-f BYTECODEFILE]
                    [-a CONTRACT_ADDRESS] [--bin-runtime]
                    [-o <text/markdown/json/jsonv2>] [-g GRAPH]
                    [-j OUTPUT_FILE] [-m MODULES] [--max-depth MAX_DEPTH]
                    [--call-depth-limit CALL_DEPTH_LIMIT]
                    [--strategy {dfs,bfs,naive-random,weighted-random,pending}]
                    [--transaction-sequences TRANSACTION_SEQUENCES]
                    [--beam-search BEAM_SEARCH] [-b N] [-t TRANSACTION_COUNT]
                    [--execution-timeout EXECUTION_TIMEOUT]
                    [--solver-timeout SOLVER_TIMEOUT]
                    [--create-timeout CREATE_TIMEOUT] [--parallel-solving]
                    [--solver-log SOLVER_LOG] [--no-onchain-data]
                    [--pruning-factor PRUNING_FACTOR]
                    [--unconstrained-storage] [--phrack] [--enable-physics]
                    [-q] [--disable-iprof] [--disable-dependency-pruning]
                    [--disable-coverage-strategy] [--disable-mutation-pruner]
                    [--enable-state-merging] [--enable-summaries]
                    [--custom-modules-directory CUSTOM_MODULES_DIRECTORY]
                    [--attacker-address ATTACKER_ADDRESS]
                    [--creator-address CREATOR_ADDRESS]
                    [solidity_files ...]
myth analyze: error: ambiguous option: --solc could match --solc-json, --solc-args
########## DONE ##########
