+ echo 1
+ sudo -S mkdir -p /opt/souffle162
[sudo] password for saumarez: + for d in souffle_1.6.2-1_amd64.deb libffi6_3.2.1-8_amd64.deb libncurses5_6.3-2_amd64.deb libtinfo5_6.3-2_amd64.deb
+ echo 1
+ sudo -S dpkg-deb -x /tmp/souf162/souffle_1.6.2-1_amd64.deb /opt/souffle162
+ for d in souffle_1.6.2-1_amd64.deb libffi6_3.2.1-8_amd64.deb libncurses5_6.3-2_amd64.deb libtinfo5_6.3-2_amd64.deb
+ echo 1
+ sudo -S dpkg-deb -x /tmp/souf162/libffi6_3.2.1-8_amd64.deb /opt/souffle162
+ for d in souffle_1.6.2-1_amd64.deb libffi6_3.2.1-8_amd64.deb libncurses5_6.3-2_amd64.deb libtinfo5_6.3-2_amd64.deb
+ echo 1
+ sudo -S dpkg-deb -x /tmp/souf162/libncurses5_6.3-2_amd64.deb /opt/souffle162
+ for d in souffle_1.6.2-1_amd64.deb libffi6_3.2.1-8_amd64.deb libncurses5_6.3-2_amd64.deb libtinfo5_6.3-2_amd64.deb
+ echo 1
+ sudo -S dpkg-deb -x /tmp/souf162/libtinfo5_6.3-2_amd64.deb /opt/souffle162
+ echo '=== 旧库就位? ==='
=== 旧库就位? ===
+ ls /opt/souffle162/usr/lib/x86_64-linux-gnu/
+ head -5
libffi.so.6
libffi.so.6.0.4
libform.so.5
libform.so.5.9
libmenu.so.5
+ ls /opt/souffle162/usr/bin/souffle
/opt/souffle162/usr/bin/souffle
+ echo '=== 写 wrapper ==='
=== 写 wrapper ===
+ echo 1
+ sudo -S tee /usr/local/bin/souffle162
+ echo 1
+ sudo -S chmod +x /usr/local/bin/souffle162
+ echo '=== mcpp（souffle 预处理需要）==='
=== mcpp（souffle 预处理需要）===
+ echo 1
+ sudo -S apt-get install -y mcpp
+ tail -3
mcpp is already the newest version (2.7.2-5.1).
mcpp set to manually installed.
0 upgraded, 0 newly installed, 0 to remove and 55 not upgraded.
+ echo '=== 验证 ==='
=== 验证 ===
+ souffle162 --version
+ head -4
/opt/souffle162/usr/bin/souffle: error while loading shared libraries: libncurses.so.5: cannot open shared object file: No such file or directory
+ echo '########## DONE ##########'
########## DONE ##########
