合约数 = 214
=== [19:00:18] smartcheck 开始（单合约预算 120s）===
[smartcheck] 语料=alldata  图目录=/home/saumarez/projects/deep-learning/SSM-HG/products/alldata/graphs
[smartcheck] 单合约预算=120s  工作目录=/home/saumarez/projects/deep-learning/SSM-HG/work/static_tools
  [10/214] ok=10 {'ok': 10} (1.5 s/合约, 已用 0 min)
  [20/214] ok=20 {'ok': 20} (1.3 s/合约, 已用 0 min)
  [30/214] ok=30 {'ok': 30} (1.2 s/合约, 已用 1 min)
  [40/214] ok=40 {'ok': 40} (1.1 s/合约, 已用 1 min)
  [50/214] ok=50 {'ok': 50} (1.2 s/合约, 已用 1 min)
  [60/214] ok=60 {'ok': 60} (1.3 s/合约, 已用 1 min)
  [70/214] ok=70 {'ok': 70} (1.3 s/合约, 已用 2 min)
  [80/214] ok=80 {'ok': 80} (1.3 s/合约, 已用 2 min)
  [90/214] ok=90 {'ok': 90} (1.2 s/合约, 已用 2 min)
  [100/214] ok=100 {'ok': 100} (1.2 s/合约, 已用 2 min)
  [110/214] ok=110 {'ok': 110} (1.2 s/合约, 已用 2 min)
  [120/214] ok=120 {'ok': 120} (1.2 s/合约, 已用 2 min)
  [130/214] ok=130 {'ok': 130} (1.3 s/合约, 已用 3 min)
  [140/214] ok=140 {'ok': 140} (1.2 s/合约, 已用 3 min)
  [150/214] ok=150 {'ok': 150} (1.2 s/合约, 已用 3 min)
  [160/214] ok=160 {'ok': 160} (1.3 s/合约, 已用 3 min)
  [170/214] ok=170 {'ok': 170} (1.2 s/合约, 已用 4 min)
  [180/214] ok=180 {'ok': 180} (1.2 s/合约, 已用 4 min)
  [190/214] ok=190 {'ok': 190} (1.3 s/合约, 已用 4 min)
  [200/214] ok=200 {'ok': 200} (1.2 s/合约, 已用 4 min)
  [210/214] ok=210 {'ok': 210} (1.2 s/合约, 已用 4 min)
  [214/214] ok=214 {'ok': 214} (1.2 s/合约, 已用 4 min)
[smartcheck] 完成：{'ok': 214} → /home/saumarez/projects/deep-learning/SSM-HG/eval_results/baseline/smartcheck_alldata.json
[eval] seed0 test: 覆盖 46/46，micro-F1=0.352941（严格映射 0.352941）
[eval] seed1 test: 覆盖 46/46，micro-F1=0.307692（严格映射 0.307692）
[eval] seed2 test: 覆盖 46/46，micro-F1=0.325581（严格映射 0.325581）
smartcheck rc=0
=== [19:04:47] securify 开始（单合约预算 120s）===
合约数 = 214
=== [19:04:51] smartcheck 开始（单合约预算 120s）===
[smartcheck] 语料=alldata  图目录=/home/saumarez/projects/deep-learning/SSM-HG/products/alldata/graphs
[smartcheck] 单合约预算=120s  工作目录=/home/saumarez/projects/deep-learning/SSM-HG/runs/_tools_work
[smartcheck] 完成：{'ok': 214} → /home/saumarez/projects/deep-learning/SSM-HG/eval_results/baseline/smartcheck_alldata.json
[eval] seed0 test: 覆盖 46/46，micro-F1=0.352941（严格映射 0.352941）
[eval] seed1 test: 覆盖 46/46，micro-F1=0.307692（严格映射 0.307692）
[eval] seed2 test: 覆盖 46/46，micro-F1=0.325581（严格映射 0.325581）
smartcheck rc=0
=== [19:04:52] securify 开始（单合约预算 120s）===
[securify] 语料=alldata  图目录=/home/saumarez/projects/deep-learning/SSM-HG/products/alldata/graphs
[securify] 单合约预算=120s  工作目录=/home/saumarez/projects/deep-learning/SSM-HG/runs/_tools_work
  [10/214] ok=4 {'ok': 4, 'error': 6} (0.9 s/合约, 已用 0 min)
  [20/214] ok=8 {'ok': 8, 'error': 12} (0.8 s/合约, 已用 0 min)
  [30/214] ok=8 {'ok': 8, 'error': 22} (0.6 s/合约, 已用 0 min)
  [40/214] ok=11 {'ok': 11, 'error': 29} (0.7 s/合约, 已用 0 min)
  [50/214] ok=15 {'ok': 15, 'error': 35} (0.7 s/合约, 已用 1 min)
  [60/214] ok=17 {'ok': 17, 'error': 43} (0.7 s/合约, 已用 1 min)
  [70/214] ok=18 {'ok': 18, 'error': 52} (0.6 s/合约, 已用 1 min)
  [80/214] ok=18 {'ok': 18, 'error': 62} (0.6 s/合约, 已用 1 min)
  [90/214] ok=18 {'ok': 18, 'error': 72} (0.5 s/合约, 已用 1 min)
  [100/214] ok=18 {'ok': 18, 'error': 82} (0.5 s/合约, 已用 1 min)
  [110/214] ok=22 {'ok': 22, 'error': 88} (0.5 s/合约, 已用 1 min)
  [120/214] ok=25 {'ok': 25, 'error': 95} (0.6 s/合约, 已用 1 min)
  [130/214] ok=27 {'ok': 27, 'error': 103} (0.6 s/合约, 已用 1 min)
  [140/214] ok=30 {'ok': 30, 'error': 110} (0.6 s/合约, 已用 1 min)
  [150/214] ok=33 {'ok': 33, 'error': 117} (0.6 s/合约, 已用 1 min)
合约数 = 214
=== [19:06:42] smartcheck 开始（单合约预算 120s）===
[smartcheck] 语料=alldata  图目录=/home/saumarez/projects/deep-learning/SSM-HG/products/alldata/graphs
[smartcheck] 单合约预算=120s  工作目录=/home/saumarez/projects/deep-learning/SSM-HG/runs/_tools_work
[smartcheck] 完成：{'ok': 214} → /home/saumarez/projects/deep-learning/SSM-HG/eval_results/baseline/smartcheck_alldata.json
[eval] seed0 test: 覆盖 46/46，micro-F1=0.352941（严格映射 0.352941）
[eval] seed1 test: 覆盖 46/46，micro-F1=0.307692（严格映射 0.307692）
[eval] seed2 test: 覆盖 46/46，micro-F1=0.325581（严格映射 0.325581）
smartcheck rc=0
=== [19:06:44] securify 开始（单合约预算 120s）===
[securify] 语料=alldata  图目录=/home/saumarez/projects/deep-learning/SSM-HG/products/alldata/graphs
[securify] 单合约预算=120s  工作目录=/home/saumarez/projects/deep-learning/SSM-HG/runs/_tools_work
  [16/214] ok=33 {'ok': 33, 'error': 117} (0.2 s/合约, 已用 0 min)
  [28/214] ok=33 {'ok': 33, 'error': 117} (0.2 s/合约, 已用 0 min)
  [42/214] ok=33 {'ok': 33, 'error': 117} (0.2 s/合约, 已用 0 min)
  [56/214] ok=33 {'ok': 33, 'error': 117} (0.2 s/合约, 已用 0 min)
  [68/214] ok=33 {'ok': 33, 'error': 117} (0.2 s/合约, 已用 0 min)
  [78/214] ok=33 {'ok': 33, 'error': 117} (0.2 s/合约, 已用 0 min)
  [88/214] ok=33 {'ok': 33, 'error': 117} (0.2 s/合约, 已用 0 min)
  [98/214] ok=33 {'ok': 33, 'error': 117} (0.2 s/合约, 已用 0 min)
  [112/214] ok=33 {'ok': 33, 'error': 117} (0.3 s/合约, 已用 0 min)
  [127/214] ok=33 {'ok': 33, 'error': 117} (0.3 s/合约, 已用 0 min)
  [139/214] ok=33 {'ok': 33, 'error': 117} (0.3 s/合约, 已用 0 min)
  [153/214] ok=34 {'ok': 34, 'error': 119} (0.4 s/合约, 已用 1 min)
  [163/214] ok=37 {'ok': 37, 'error': 126} (0.4 s/合约, 已用 1 min)
  [173/214] ok=39 {'ok': 39, 'error': 134} (0.4 s/合约, 已用 1 min)
  [183/214] ok=46 {'ok': 46, 'error': 137} (0.5 s/合约, 已用 1 min)
  [193/214] ok=47 {'ok': 47, 'error': 146} (0.5 s/合约, 已用 1 min)
  [203/214] ok=47 {'ok': 47, 'error': 156} (0.5 s/合约, 已用 1 min)
  [213/214] ok=47 {'ok': 47, 'error': 166} (0.5 s/合约, 已用 1 min)
  [214/214] ok=47 {'ok': 47, 'error': 167} (0.5 s/合约, 已用 1 min)
[securify] 完成：{'ok': 47, 'error': 167} → /home/saumarez/projects/deep-learning/SSM-HG/eval_results/baseline/securify_alldata.json
[eval] seed0 test: 覆盖 8/46，micro-F1=0.0（严格映射 0.0）
[eval] seed1 test: 覆盖 11/46，micro-F1=0.0（严格映射 0.0）
[eval] seed2 test: 覆盖 7/46，micro-F1=0.0（严格映射 0.0）
securify rc=0
=== [19:08:12] oyente 开始（单合约预算 120s）===
[oyente] 语料=alldata  图目录=/home/saumarez/projects/deep-learning/SSM-HG/products/alldata/graphs
[oyente] 单合约预算=120s  工作目录=/home/saumarez/projects/deep-learning/SSM-HG/runs/_tools_work
  [10/214] ok=1 {'error': 9, 'ok': 1} (6.3 s/合约, 已用 1 min)
  [20/214] ok=1 {'error': 19, 'ok': 1} (3.3 s/合约, 已用 1 min)
  [30/214] ok=3 {'error': 27, 'ok': 3} (2.8 s/合约, 已用 1 min)
  [40/214] ok=6 {'error': 34, 'ok': 6} (2.2 s/合约, 已用 1 min)
  [50/214] ok=8 {'error': 42, 'ok': 8} (1.8 s/合约, 已用 2 min)
  [60/214] ok=10 {'error': 50, 'ok': 10} (3.2 s/合约, 已用 3 min)
  [70/214] ok=13 {'error': 57, 'ok': 13} (2.8 s/合约, 已用 3 min)
  [80/214] ok=17 {'error': 63, 'ok': 17} (2.5 s/合约, 已用 3 min)
  [90/214] ok=21 {'error': 69, 'ok': 21} (2.5 s/合约, 已用 4 min)
  [100/214] ok=23 {'error': 77, 'ok': 23} (2.6 s/合约, 已用 4 min)
  [110/214] ok=25 {'error': 85, 'ok': 25} (2.4 s/合约, 已用 4 min)
  [120/214] ok=25 {'error': 95, 'ok': 25} (2.3 s/合约, 已用 5 min)
  [130/214] ok=26 {'error': 104, 'ok': 26} (2.1 s/合约, 已用 5 min)
  [140/214] ok=27 {'error': 113, 'ok': 27} (2.1 s/合约, 已用 5 min)
  [150/214] ok=28 {'error': 122, 'ok': 28} (2.0 s/合约, 已用 5 min)
  [160/214] ok=28 {'error': 132, 'ok': 28} (1.9 s/合约, 已用 5 min)
  [170/214] ok=32 {'error': 138, 'ok': 32} (1.9 s/合约, 已用 5 min)
  [180/214] ok=32 {'error': 148, 'ok': 32} (1.8 s/合约, 已用 5 min)
  [190/214] ok=32 {'error': 158, 'ok': 32} (1.7 s/合约, 已用 6 min)
  [200/214] ok=39 {'error': 161, 'ok': 39} (1.7 s/合约, 已用 6 min)
  [210/214] ok=43 {'error': 167, 'ok': 43} (1.6 s/合约, 已用 6 min)
  [214/214] ok=45 {'error': 169, 'ok': 45} (1.6 s/合约, 已用 6 min)
[oyente] 完成：{'error': 169, 'ok': 45} → /home/saumarez/projects/deep-learning/SSM-HG/eval_results/baseline/oyente_alldata.json
[eval] seed0 test: 覆盖 10/46，micro-F1=0.444444（严格映射 0.444444）
[eval] seed1 test: 覆盖 14/46，micro-F1=0.324324（严格映射 0.324324）
[eval] seed2 test: 覆盖 12/46，micro-F1=0.387097（严格映射 0.387097）
oyente rc=0
=== [19:14:01] mythril 开始（单合约预算 180s）===
[mythril] 语料=alldata  图目录=/home/saumarez/projects/deep-learning/SSM-HG/products/alldata/graphs
[mythril] 单合约预算=180s  工作目录=/home/saumarez/projects/deep-learning/SSM-HG/runs/_tools_work
  [10/214] ok=8 {'ok': 8, 'timeout': 2} (104.9 s/合约, 已用 17 min)
  [20/214] ok=17 {'ok': 17, 'timeout': 3} (99.5 s/合约, 已用 33 min)
  [30/214] ok=24 {'ok': 24, 'timeout': 3, 'error': 3} (78.0 s/合约, 已用 39 min)
  [40/214] ok=34 {'ok': 34, 'timeout': 3, 'error': 3} (72.8 s/合约, 已用 49 min)
  [50/214] ok=41 {'ok': 41, 'timeout': 5, 'error': 4} (76.8 s/合约, 已用 64 min)
  [60/214] ok=48 {'ok': 48, 'timeout': 8, 'error': 4} (82.2 s/合约, 已用 82 min)
  [70/214] ok=56 {'ok': 56, 'timeout': 9, 'error': 5} (81.5 s/合约, 已用 95 min)
  [80/214] ok=65 {'ok': 65, 'timeout': 9, 'error': 6} (77.7 s/合约, 已用 104 min)
  [90/214] ok=75 {'ok': 75, 'timeout': 9, 'error': 6} (71.8 s/合约, 已用 108 min)
  [100/214] ok=85 {'ok': 85, 'timeout': 9, 'error': 6} (67.6 s/合约, 已用 113 min)
  [110/214] ok=94 {'ok': 94, 'timeout': 9, 'error': 7} (68.3 s/合约, 已用 125 min)
  [120/214] ok=101 {'ok': 101, 'timeout': 12, 'error': 7} (71.1 s/合约, 已用 142 min)
  [130/214] ok=109 {'ok': 109, 'timeout': 14, 'error': 7} (73.9 s/合约, 已用 160 min)
  [140/214] ok=118 {'ok': 118, 'timeout': 14, 'error': 8} (73.0 s/合约, 已用 170 min)
  [150/214] ok=127 {'ok': 127, 'timeout': 15, 'error': 8} (74.8 s/合约, 已用 187 min)
  [160/214] ok=134 {'ok': 134, 'timeout': 18, 'error': 8} (76.8 s/合约, 已用 205 min)
  [170/214] ok=143 {'ok': 143, 'timeout': 19, 'error': 8} (79.5 s/合约, 已用 225 min)
  [180/214] ok=153 {'ok': 153, 'timeout': 19, 'error': 8} (79.6 s/合约, 已用 239 min)
  [190/214] ok=161 {'ok': 161, 'timeout': 20, 'error': 9} (78.6 s/合约, 已用 249 min)
  [200/214] ok=171 {'ok': 171, 'timeout': 20, 'error': 9} (75.1 s/合约, 已用 250 min)
  [210/214] ok=181 {'ok': 181, 'timeout': 20, 'error': 9} (72.7 s/合约, 已用 254 min)
  [214/214] ok=184 {'ok': 184, 'timeout': 21, 'error': 9} (72.4 s/合约, 已用 258 min)
[mythril] 完成：{'ok': 184, 'timeout': 21, 'error': 9} → /home/saumarez/projects/deep-learning/SSM-HG/eval_results/baseline/mythril_alldata.json
[eval] seed0 test: 覆盖 40/46，micro-F1=0.473684（严格映射 0.473684）
[eval] seed1 test: 覆盖 38/46，micro-F1=0.358974（严格映射 0.358974）
[eval] seed2 test: 覆盖 39/46，micro-F1=0.384615（严格映射 0.384615）
mythril rc=0
=== [23:32:30] manticore 开始（单合约预算 180s）===
[manticore] 语料=alldata  图目录=/home/saumarez/projects/deep-learning/SSM-HG/products/alldata/graphs
[manticore] 单合约预算=180s  工作目录=/home/saumarez/projects/deep-learning/SSM-HG/runs/_tools_work
  [10/214] ok=10 {'ok': 10} (149.5 s/合约, 已用 25 min)
  [20/214] ok=19 {'ok': 19, 'timeout': 1} (173.4 s/合约, 已用 58 min)
  [30/214] ok=28 {'ok': 28, 'timeout': 2} (152.7 s/合约, 已用 76 min)
  [40/214] ok=35 {'ok': 35, 'timeout': 5} (162.7 s/合约, 已用 108 min)
  [50/214] ok=42 {'ok': 42, 'timeout': 7, 'error': 1} (162.5 s/合约, 已用 135 min)
