=== [16:41:41] 续跑开始：A=86 B=90 ===
=== [17:08:27] v2 单路续跑开始：待跑 172 个，内存上限 3G，flush-every=1 ===
--- [17:08:27] 第 1 次启动：已完成 0/172 ---
[manticore] 语料=alldata  图目录=/home/saumarez/projects/deep-learning/SSM-HG/products/alldata/graphs
[manticore] 单合约预算=180s  工作目录=/home/saumarez/projects/deep-learning/SSM-HG/runs/_tools_work
  [1/172] ok=42 {'ok': 42, 'timeout': 7, 'error': 1} (227.8 s/合约, 已用 4 min)
=== [17:13:59] v3 单路续跑开始：待跑 172 个，内存上限 4G，flush-every=1 ===
--- [17:13:59] 第 1 次启动（启动前 MemAvailable=5.2 GB）---
[manticore] 语料=alldata  图目录=/home/saumarez/projects/deep-learning/SSM-HG/products/alldata/graphs
[manticore] 单合约预算=180s  工作目录=/home/saumarez/projects/deep-learning/SSM-HG/runs/_tools_work
  [1/172] ok=42 {'ok': 42, 'timeout': 7, 'error': 1} (229.0 s/合约, 已用 4 min)
=== [17:20:26] v3 单路续跑开始：待跑 172 个，内存上限 4G，flush-every=1 ===
--- [17:20:26] 第 1 次启动（启动前 MemAvailable=5.5 GB）---
[manticore] 语料=alldata  图目录=/home/saumarez/projects/deep-learning/SSM-HG/products/alldata/graphs
[manticore] 单合约预算=180s  工作目录=/home/saumarez/projects/deep-learning/SSM-HG/runs/_tools_work
  [1/172] ok=43 {'ok': 43, 'timeout': 7, 'error': 1} (203.5 s/合约, 已用 3 min)
  [2/172] ok=44 {'ok': 44, 'timeout': 7, 'error': 1} (215.2 s/合约, 已用 7 min)
  [3/172] ok=45 {'ok': 45, 'timeout': 7, 'error': 1} (204.9 s/合约, 已用 10 min)
--- [17:32:45] 第 1 次退出 rc=143，已 ok 3/172（MemAvailable=5.0 GB）---
--- [17:32:45] 第 2 次启动（启动前 MemAvailable=5.0 GB）---
--- [17:34:46] 第 2 次退出 rc=143，已 ok 3/172（MemAvailable=4.6 GB）---
--- [17:34:46] 第 3 次启动（启动前 MemAvailable=4.6 GB）---
=== [17:35:59] v3 单路续跑开始：待跑 169 个，内存上限 5G，flush-every=1 ===
--- [17:35:59] 第 1 次启动（启动前 MemAvailable=5.4 GB，累计 cgroup-OOM 击杀=5）---
--- [17:37:50] 第 1 次退出 rc=143，已 ok 0/169（MemAvailable=4.7 GB，累计 cgroup-OOM 击杀=5）---
--- [17:37:50] 第 2 次启动（启动前 MemAvailable=4.7 GB，累计 cgroup-OOM 击杀=5）---
--- [17:40:10] 第 2 次退出 rc=143，已 ok 0/169（MemAvailable=4.7 GB，累计 cgroup-OOM 击杀=7）---
--- [17:40:10] 第 3 次启动（启动前 MemAvailable=4.7 GB，累计 cgroup-OOM 击杀=7）---
--- [17:41:58] 第 3 次退出 rc=143，已 ok 0/169（MemAvailable=4.7 GB，累计 cgroup-OOM 击杀=8）---
--- [17:41:58] 第 4 次启动（启动前 MemAvailable=5.5 GB，累计 cgroup-OOM 击杀=8）---
[manticore] 语料=alldata  图目录=/home/saumarez/projects/deep-learning/SSM-HG/products/alldata/graphs
[manticore] 单合约预算=180s  工作目录=/home/saumarez/projects/deep-learning/SSM-HG/runs/_tools_work
  [1/169] ok=46 {'ok': 46, 'timeout': 7, 'error': 1} (134.0 s/合约, 已用 2 min)
--- [17:44:26] 第 4 次退出 rc=143，已 ok 1/169（MemAvailable=5.3 GB，累计 cgroup-OOM 击杀=9）---
--- [17:44:26] 第 5 次启动（启动前 MemAvailable=5.6 GB，累计 cgroup-OOM 击杀=9）---
=== [17:45:05] v3 单路续跑开始：待跑 168 个，内存上限 5G，flush-every=1 ===
--- [17:45:05] 第 1 次启动（启动前 MemAvailable=5.6 GB，累计 cgroup-OOM 击杀=10）---
[manticore] 语料=alldata  图目录=/home/saumarez/projects/deep-learning/SSM-HG/products/alldata/graphs
[manticore] 单合约预算=180s  工作目录=/home/saumarez/projects/deep-learning/SSM-HG/runs/_tools_work
  [1/168] ok=47 {'ok': 47, 'timeout': 7, 'error': 1} (185.0 s/合约, 已用 3 min)
=== [17:50:59] v3 单路续跑开始：待跑 167 个，内存上限 4.5G，flush-every=1 ===
--- [17:50:59] 第 1 次启动（启动前 MemAvailable=5.5 GB，累计 cgroup-OOM 击杀=10）---
[manticore] 语料=alldata  图目录=/home/saumarez/projects/deep-learning/SSM-HG/products/alldata/graphs
[manticore] 单合约预算=180s  工作目录=/home/saumarez/projects/deep-learning/SSM-HG/runs/_tools_work
  [1/167] ok=48 {'ok': 48, 'timeout': 7, 'error': 1} (227.4 s/合约, 已用 4 min)
  [2/167] ok=48 {'ok': 48, 'timeout': 8, 'error': 1} (229.0 s/合约, 已用 8 min)
  [3/167] ok=49 {'ok': 49, 'timeout': 8, 'error': 1} (228.5 s/合约, 已用 11 min)
  [4/167] ok=50 {'ok': 50, 'timeout': 8, 'error': 1} (216.0 s/合约, 已用 14 min)
  [5/167] ok=51 {'ok': 51, 'timeout': 8, 'error': 1} (213.5 s/合约, 已用 18 min)
  [6/167] ok=52 {'ok': 52, 'timeout': 8, 'error': 1} (209.5 s/合约, 已用 21 min)
  [7/167] ok=52 {'ok': 52, 'timeout': 8, 'error': 2} (179.7 s/合约, 已用 21 min)
  [8/167] ok=53 {'ok': 53, 'timeout': 8, 'error': 2} (179.8 s/合约, 已用 24 min)
  [9/167] ok=54 {'ok': 54, 'timeout': 8, 'error': 2} (180.4 s/合约, 已用 27 min)
  [10/167] ok=55 {'ok': 55, 'timeout': 8, 'error': 2} (184.0 s/合约, 已用 31 min)
  [11/167] ok=55 {'ok': 55, 'timeout': 9, 'error': 2} (188.7 s/合约, 已用 35 min)
  [12/167] ok=55 {'ok': 55, 'timeout': 10, 'error': 2} (192.2 s/合约, 已用 38 min)
  [13/167] ok=56 {'ok': 56, 'timeout': 10, 'error': 2} (182.1 s/合约, 已用 39 min)
  [14/167] ok=57 {'ok': 57, 'timeout': 10, 'error': 2} (179.9 s/合约, 已用 42 min)
  [15/167] ok=57 {'ok': 57, 'timeout': 11, 'error': 2} (182.3 s/合约, 已用 46 min)
  [16/167] ok=58 {'ok': 58, 'timeout': 11, 'error': 2} (171.7 s/合约, 已用 46 min)
  [17/167] ok=59 {'ok': 59, 'timeout': 11, 'error': 2} (164.7 s/合约, 已用 47 min)
  [18/167] ok=59 {'ok': 59, 'timeout': 12, 'error': 2} (167.6 s/合约, 已用 50 min)
  [19/167] ok=59 {'ok': 59, 'timeout': 13, 'error': 2} (170.1 s/合约, 已用 54 min)
  [20/167] ok=59 {'ok': 59, 'timeout': 14, 'error': 2} (173.1 s/合约, 已用 58 min)
  [21/167] ok=59 {'ok': 59, 'timeout': 15, 'error': 2} (175.8 s/合约, 已用 62 min)
  [22/167] ok=59 {'ok': 59, 'timeout': 16, 'error': 2} (178.2 s/合约, 已用 65 min)
  [23/167] ok=59 {'ok': 59, 'timeout': 16, 'error': 3} (170.6 s/合约, 已用 65 min)
  [24/167] ok=60 {'ok': 60, 'timeout': 16, 'error': 3} (163.6 s/合约, 已用 65 min)
  [25/167] ok=61 {'ok': 61, 'timeout': 16, 'error': 3} (157.4 s/合约, 已用 66 min)
  [26/167] ok=62 {'ok': 62, 'timeout': 16, 'error': 3} (158.3 s/合约, 已用 69 min)
  [27/167] ok=63 {'ok': 63, 'timeout': 16, 'error': 3} (152.8 s/合约, 已用 69 min)
  [28/167] ok=64 {'ok': 64, 'timeout': 16, 'error': 3} (155.0 s/合约, 已用 72 min)
  [29/167] ok=65 {'ok': 65, 'timeout': 16, 'error': 3} (156.0 s/合约, 已用 75 min)
  [30/167] ok=66 {'ok': 66, 'timeout': 16, 'error': 3} (151.1 s/合约, 已用 76 min)
  [31/167] ok=67 {'ok': 67, 'timeout': 16, 'error': 3} (146.5 s/合约, 已用 76 min)
  [32/167] ok=68 {'ok': 68, 'timeout': 16, 'error': 3} (142.4 s/合约, 已用 76 min)
  [33/167] ok=69 {'ok': 69, 'timeout': 16, 'error': 3} (138.2 s/合约, 已用 76 min)
  [34/167] ok=70 {'ok': 70, 'timeout': 16, 'error': 3} (139.9 s/合约, 已用 79 min)
  [35/167] ok=71 {'ok': 71, 'timeout': 16, 'error': 3} (136.5 s/合约, 已用 80 min)
  [36/167] ok=72 {'ok': 72, 'timeout': 16, 'error': 3} (132.8 s/合约, 已用 80 min)
  [37/167] ok=73 {'ok': 73, 'timeout': 16, 'error': 3} (135.3 s/合约, 已用 83 min)
  [38/167] ok=74 {'ok': 74, 'timeout': 16, 'error': 3} (133.1 s/合约, 已用 84 min)
  [39/167] ok=75 {'ok': 75, 'timeout': 16, 'error': 3} (129.8 s/合约, 已用 84 min)
  [40/167] ok=75 {'ok': 75, 'timeout': 17, 'error': 3} (132.3 s/合约, 已用 88 min)
  [41/167] ok=76 {'ok': 76, 'timeout': 17, 'error': 3} (129.1 s/合约, 已用 88 min)
  [42/167] ok=77 {'ok': 77, 'timeout': 17, 'error': 3} (126.1 s/合约, 已用 88 min)
  [43/167] ok=78 {'ok': 78, 'timeout': 17, 'error': 3} (127.5 s/合约, 已用 91 min)
  [44/167] ok=79 {'ok': 79, 'timeout': 17, 'error': 3} (129.8 s/合约, 已用 95 min)
  [45/167] ok=79 {'ok': 79, 'timeout': 18, 'error': 3} (131.9 s/合约, 已用 99 min)
  [46/167] ok=80 {'ok': 80, 'timeout': 18, 'error': 3} (133.8 s/合约, 已用 103 min)
  [47/167] ok=81 {'ok': 81, 'timeout': 18, 'error': 3} (135.7 s/合约, 已用 106 min)
  [48/167] ok=82 {'ok': 82, 'timeout': 18, 'error': 3} (137.7 s/合约, 已用 110 min)
  [49/167] ok=83 {'ok': 83, 'timeout': 18, 'error': 3} (139.5 s/合约, 已用 114 min)
  [50/167] ok=84 {'ok': 84, 'timeout': 18, 'error': 3} (141.3 s/合约, 已用 118 min)
  [51/167] ok=85 {'ok': 85, 'timeout': 18, 'error': 3} (142.5 s/合约, 已用 121 min)
  [52/167] ok=85 {'ok': 85, 'timeout': 18, 'error': 4} (139.9 s/合约, 已用 121 min)
  [53/167] ok=86 {'ok': 86, 'timeout': 18, 'error': 4} (141.6 s/合约, 已用 125 min)
  [54/167] ok=87 {'ok': 87, 'timeout': 18, 'error': 4} (143.2 s/合约, 已用 129 min)
  [55/167] ok=87 {'ok': 87, 'timeout': 19, 'error': 4} (144.5 s/合约, 已用 132 min)
  [56/167] ok=88 {'ok': 88, 'timeout': 19, 'error': 4} (145.6 s/合约, 已用 136 min)
  [57/167] ok=89 {'ok': 89, 'timeout': 19, 'error': 4} (146.6 s/合约, 已用 139 min)
  [58/167] ok=90 {'ok': 90, 'timeout': 19, 'error': 4} (146.5 s/合约, 已用 142 min)
  [59/167] ok=91 {'ok': 91, 'timeout': 19, 'error': 4} (147.1 s/合约, 已用 145 min)
  [60/167] ok=92 {'ok': 92, 'timeout': 19, 'error': 4} (148.4 s/合约, 已用 148 min)
  [61/167] ok=93 {'ok': 93, 'timeout': 19, 'error': 4} (149.1 s/合约, 已用 152 min)
  [62/167] ok=94 {'ok': 94, 'timeout': 19, 'error': 4} (149.8 s/合约, 已用 155 min)
  [63/167] ok=95 {'ok': 95, 'timeout': 19, 'error': 4} (151.0 s/合约, 已用 159 min)
  [64/167] ok=96 {'ok': 96, 'timeout': 19, 'error': 4} (149.0 s/合约, 已用 159 min)
  [65/167] ok=97 {'ok': 97, 'timeout': 19, 'error': 4} (149.6 s/合约, 已用 162 min)
  [66/167] ok=98 {'ok': 98, 'timeout': 19, 'error': 4} (150.1 s/合约, 已用 165 min)
  [67/167] ok=99 {'ok': 99, 'timeout': 19, 'error': 4} (151.2 s/合约, 已用 169 min)
  [68/167] ok=100 {'ok': 100, 'timeout': 19, 'error': 4} (152.3 s/合约, 已用 173 min)
  [69/167] ok=101 {'ok': 101, 'timeout': 19, 'error': 4} (153.1 s/合约, 已用 176 min)
  [70/167] ok=102 {'ok': 102, 'timeout': 19, 'error': 4} (153.9 s/合约, 已用 180 min)
  [71/167] ok=103 {'ok': 103, 'timeout': 19, 'error': 4} (154.3 s/合约, 已用 183 min)
  [72/167] ok=104 {'ok': 104, 'timeout': 19, 'error': 4} (155.3 s/合约, 已用 186 min)
  [73/167] ok=105 {'ok': 105, 'timeout': 19, 'error': 4} (155.5 s/合约, 已用 189 min)
  [74/167] ok=106 {'ok': 106, 'timeout': 19, 'error': 4} (156.4 s/合约, 已用 193 min)
  [75/167] ok=107 {'ok': 107, 'timeout': 19, 'error': 4} (157.0 s/合约, 已用 196 min)
  [76/167] ok=108 {'ok': 108, 'timeout': 19, 'error': 4} (155.1 s/合约, 已用 196 min)
  [77/167] ok=109 {'ok': 109, 'timeout': 19, 'error': 4} (156.1 s/合约, 已用 200 min)
  [78/167] ok=110 {'ok': 110, 'timeout': 19, 'error': 4} (157.0 s/合约, 已用 204 min)
  [79/167] ok=111 {'ok': 111, 'timeout': 19, 'error': 4} (157.8 s/合约, 已用 208 min)
  [80/167] ok=112 {'ok': 112, 'timeout': 19, 'error': 4} (156.0 s/合约, 已用 208 min)
  [81/167] ok=113 {'ok': 113, 'timeout': 19, 'error': 4} (155.2 s/合约, 已用 210 min)
  [82/167] ok=114 {'ok': 114, 'timeout': 19, 'error': 4} (153.4 s/合约, 已用 210 min)
  [83/167] ok=115 {'ok': 115, 'timeout': 19, 'error': 4} (151.6 s/合约, 已用 210 min)
  [84/167] ok=115 {'ok': 115, 'timeout': 20, 'error': 4} (152.3 s/合约, 已用 213 min)
  [85/167] ok=116 {'ok': 116, 'timeout': 20, 'error': 4} (152.7 s/合约, 已用 216 min)
  [86/167] ok=116 {'ok': 116, 'timeout': 21, 'error': 4} (153.4 s/合约, 已用 220 min)
  [87/167] ok=116 {'ok': 116, 'timeout': 22, 'error': 4} (154.3 s/合约, 已用 224 min)
  [88/167] ok=117 {'ok': 117, 'timeout': 22, 'error': 4} (155.1 s/合约, 已用 227 min)
  [89/167] ok=118 {'ok': 118, 'timeout': 22, 'error': 4} (155.8 s/合约, 已用 231 min)
  [90/167] ok=119 {'ok': 119, 'timeout': 22, 'error': 4} (156.1 s/合约, 已用 234 min)
  [91/167] ok=120 {'ok': 120, 'timeout': 22, 'error': 4} (156.8 s/合约, 已用 238 min)
  [92/167] ok=120 {'ok': 120, 'timeout': 23, 'error': 4} (157.4 s/合约, 已用 241 min)
  [93/167] ok=121 {'ok': 121, 'timeout': 23, 'error': 4} (158.0 s/合约, 已用 245 min)
  [94/167] ok=122 {'ok': 122, 'timeout': 23, 'error': 4} (158.3 s/合约, 已用 248 min)
  [95/167] ok=123 {'ok': 123, 'timeout': 23, 'error': 4} (157.5 s/合约, 已用 249 min)
  [96/167] ok=124 {'ok': 124, 'timeout': 23, 'error': 4} (157.9 s/合约, 已用 253 min)
  [97/167] ok=125 {'ok': 125, 'timeout': 23, 'error': 4} (158.7 s/合约, 已用 257 min)
  [98/167] ok=126 {'ok': 126, 'timeout': 23, 'error': 4} (158.8 s/合约, 已用 259 min)
  [99/167] ok=127 {'ok': 127, 'timeout': 23, 'error': 4} (159.3 s/合约, 已用 263 min)
  [100/167] ok=128 {'ok': 128, 'timeout': 23, 'error': 4} (159.5 s/合约, 已用 266 min)
  [101/167] ok=129 {'ok': 129, 'timeout': 23, 'error': 4} (158.0 s/合约, 已用 266 min)
  [102/167] ok=130 {'ok': 130, 'timeout': 23, 'error': 4} (158.2 s/合约, 已用 269 min)
  [103/167] ok=131 {'ok': 131, 'timeout': 23, 'error': 4} (158.0 s/合约, 已用 271 min)
  [104/167] ok=132 {'ok': 132, 'timeout': 23, 'error': 4} (158.6 s/合约, 已用 275 min)
  [105/167] ok=133 {'ok': 133, 'timeout': 23, 'error': 4} (157.8 s/合约, 已用 276 min)
  [106/167] ok=134 {'ok': 134, 'timeout': 23, 'error': 4} (158.3 s/合约, 已用 280 min)
  [107/167] ok=135 {'ok': 135, 'timeout': 23, 'error': 4} (158.5 s/合约, 已用 283 min)
  [108/167] ok=136 {'ok': 136, 'timeout': 23, 'error': 4} (158.8 s/合约, 已用 286 min)
  [109/167] ok=136 {'ok': 136, 'timeout': 24, 'error': 4} (159.3 s/合约, 已用 289 min)
  [110/167] ok=136 {'ok': 136, 'timeout': 25, 'error': 4} (159.9 s/合约, 已用 293 min)
  [111/167] ok=136 {'ok': 136, 'timeout': 26, 'error': 4} (160.4 s/合约, 已用 297 min)
  [112/167] ok=137 {'ok': 137, 'timeout': 26, 'error': 4} (160.9 s/合约, 已用 300 min)
  [113/167] ok=137 {'ok': 137, 'timeout': 27, 'error': 4} (161.4 s/合约, 已用 304 min)
  [114/167] ok=138 {'ok': 138, 'timeout': 27, 'error': 4} (161.5 s/合约, 已用 307 min)
  [115/167] ok=139 {'ok': 139, 'timeout': 27, 'error': 4} (162.0 s/合约, 已用 310 min)
  [116/167] ok=140 {'ok': 140, 'timeout': 27, 'error': 4} (162.2 s/合约, 已用 313 min)
  [117/167] ok=141 {'ok': 141, 'timeout': 27, 'error': 4} (162.7 s/合约, 已用 317 min)
  [118/167] ok=142 {'ok': 142, 'timeout': 27, 'error': 4} (163.2 s/合约, 已用 321 min)
  [119/167] ok=143 {'ok': 143, 'timeout': 27, 'error': 4} (163.4 s/合约, 已用 324 min)
  [120/167] ok=144 {'ok': 144, 'timeout': 27, 'error': 4} (162.4 s/合约, 已用 325 min)
  [121/167] ok=145 {'ok': 145, 'timeout': 27, 'error': 4} (162.9 s/合约, 已用 329 min)
  [122/167] ok=146 {'ok': 146, 'timeout': 27, 'error': 4} (163.5 s/合约, 已用 332 min)
  [123/167] ok=147 {'ok': 147, 'timeout': 27, 'error': 4} (163.6 s/合约, 已用 335 min)
  [124/167] ok=148 {'ok': 148, 'timeout': 27, 'error': 4} (163.8 s/合约, 已用 338 min)
  [125/167] ok=149 {'ok': 149, 'timeout': 27, 'error': 4} (163.9 s/合约, 已用 341 min)
  [126/167] ok=150 {'ok': 150, 'timeout': 27, 'error': 4} (162.7 s/合约, 已用 342 min)
  [127/167] ok=151 {'ok': 151, 'timeout': 27, 'error': 4} (163.1 s/合约, 已用 345 min)
  [128/167] ok=152 {'ok': 152, 'timeout': 27, 'error': 4} (163.3 s/合约, 已用 348 min)
  [129/167] ok=153 {'ok': 153, 'timeout': 27, 'error': 4} (163.7 s/合约, 已用 352 min)
  [130/167] ok=154 {'ok': 154, 'timeout': 27, 'error': 4} (163.9 s/合约, 已用 355 min)
  [131/167] ok=154 {'ok': 154, 'timeout': 27, 'error': 5} (162.7 s/合约, 已用 355 min)
  [132/167] ok=154 {'ok': 154, 'timeout': 28, 'error': 5} (163.1 s/合约, 已用 359 min)
  [133/167] ok=155 {'ok': 155, 'timeout': 28, 'error': 5} (163.6 s/合约, 已用 363 min)
  [134/167] ok=156 {'ok': 156, 'timeout': 28, 'error': 5} (162.4 s/合约, 已用 363 min)
  [135/167] ok=157 {'ok': 157, 'timeout': 28, 'error': 5} (162.6 s/合约, 已用 366 min)
  [136/167] ok=157 {'ok': 157, 'timeout': 28, 'error': 6} (162.8 s/合约, 已用 369 min)
  [137/167] ok=158 {'ok': 158, 'timeout': 28, 'error': 6} (162.2 s/合约, 已用 370 min)
  [138/167] ok=159 {'ok': 159, 'timeout': 28, 'error': 6} (161.6 s/合约, 已用 372 min)
  [139/167] ok=160 {'ok': 160, 'timeout': 28, 'error': 6} (161.8 s/合约, 已用 375 min)
  [140/167] ok=161 {'ok': 161, 'timeout': 28, 'error': 6} (161.2 s/合约, 已用 376 min)
  [141/167] ok=162 {'ok': 162, 'timeout': 28, 'error': 6} (160.1 s/合约, 已用 376 min)
  [142/167] ok=163 {'ok': 163, 'timeout': 28, 'error': 6} (159.1 s/合约, 已用 376 min)
  [143/167] ok=164 {'ok': 164, 'timeout': 28, 'error': 6} (158.0 s/合约, 已用 377 min)
  [144/167] ok=165 {'ok': 165, 'timeout': 28, 'error': 6} (157.9 s/合约, 已用 379 min)
  [145/167] ok=166 {'ok': 166, 'timeout': 28, 'error': 6} (156.9 s/合约, 已用 379 min)
  [146/167] ok=167 {'ok': 167, 'timeout': 28, 'error': 6} (155.9 s/合约, 已用 379 min)
  [147/167] ok=167 {'ok': 167, 'timeout': 29, 'error': 6} (156.4 s/合约, 已用 383 min)
  [148/167] ok=168 {'ok': 168, 'timeout': 29, 'error': 6} (155.6 s/合约, 已用 384 min)
  [149/167] ok=169 {'ok': 169, 'timeout': 29, 'error': 6} (154.6 s/合约, 已用 384 min)
  [150/167] ok=170 {'ok': 170, 'timeout': 29, 'error': 6} (153.6 s/合约, 已用 384 min)
  [151/167] ok=171 {'ok': 171, 'timeout': 29, 'error': 6} (153.7 s/合约, 已用 387 min)
  [152/167] ok=171 {'ok': 171, 'timeout': 30, 'error': 6} (154.1 s/合约, 已用 391 min)
  [153/167] ok=172 {'ok': 172, 'timeout': 30, 'error': 6} (154.0 s/合约, 已用 393 min)
  [154/167] ok=173 {'ok': 173, 'timeout': 30, 'error': 6} (153.8 s/合约, 已用 395 min)
  [155/167] ok=174 {'ok': 174, 'timeout': 30, 'error': 6} (153.6 s/合约, 已用 397 min)
  [156/167] ok=175 {'ok': 175, 'timeout': 30, 'error': 6} (153.0 s/合约, 已用 398 min)
  [157/167] ok=176 {'ok': 176, 'timeout': 30, 'error': 6} (152.2 s/合约, 已用 398 min)
  [158/167] ok=176 {'ok': 176, 'timeout': 31, 'error': 6} (152.6 s/合约, 已用 402 min)
  [159/167] ok=177 {'ok': 177, 'timeout': 31, 'error': 6} (152.8 s/合约, 已用 405 min)
  [160/167] ok=177 {'ok': 177, 'timeout': 31, 'error': 6} (153.2 s/合约, 已用 409 min)
  [161/167] ok=177 {'ok': 177, 'timeout': 31, 'error': 6} (153.7 s/合约, 已用 412 min)
  [162/167] ok=177 {'ok': 177, 'timeout': 31, 'error': 6} (154.2 s/合约, 已用 416 min)
  [163/167] ok=177 {'ok': 177, 'timeout': 31, 'error': 6} (154.6 s/合约, 已用 420 min)
  [164/167] ok=177 {'ok': 177, 'timeout': 31, 'error': 6} (155.1 s/合约, 已用 424 min)
  [165/167] ok=177 {'ok': 177, 'timeout': 31, 'error': 6} (154.1 s/合约, 已用 424 min)
  [166/167] ok=177 {'ok': 177, 'timeout': 31, 'error': 6} (154.6 s/合约, 已用 428 min)
  [167/167] ok=177 {'ok': 177, 'timeout': 31, 'error': 6} (155.0 s/合约, 已用 431 min)
[manticore] 完成：{'ok': 177, 'timeout': 31, 'error': 6} → /home/saumarez/projects/deep-learning/SSM-HG/eval_results/baseline/manticore_alldata.json
[eval] seed0 test: 覆盖 38/46，micro-F1=0.428571（严格映射 0.428571）
[eval] seed1 test: 覆盖 39/46，micro-F1=0.333333（严格映射 0.333333）
[eval] seed2 test: 覆盖 35/46，micro-F1=0.454545（严格映射 0.454545）
--- [01:02:36] 第 1 次退出 rc=0，已 ok 130/167（MemAvailable=5.4 GB，累计 cgroup-OOM 击杀=3）---
=== [01:02:36] 驱动正常走完全部 167 个（ok 130/167，其余为稳定 timeout/error）===
[eval] seed0 test: 覆盖 38/46，micro-F1=0.428571（严格映射 0.428571）
[eval] seed1 test: 覆盖 39/46，micro-F1=0.333333（严格映射 0.333333）
[eval] seed2 test: 覆盖 35/46，micro-F1=0.454545（严格映射 0.454545）
[run_env] 已写 eval_results/baseline/manticore_alldata/run_env.json（上限 4.5G，累计 cgroup-OOM 击杀 3）
[collect] 写入 experiments/traditional_tools_results.md（345 行）
[collect] 写入 experiments/traditional_tools_results.json
ALL DONE rc=0 01:02:42
