[study] 根目录 /home/saumarez/projects/deep-learning/SSM-HG/runs/binary_arm；4 个 study × 9 对 = 36 个 run；dry_run=False

study      pair    唯一开关                   断言
------------------------------------------------------------------------------
main_base  3:0     （无，基线臂）                ✅ 恰一个变量 + 同语料
main_base  3:1     （无，基线臂）                ✅ 恰一个变量 + 同语料
main_base  3:2     （无，基线臂）                ✅ 恰一个变量 + 同语料
main_base  4:0     （无，基线臂）                ✅ 恰一个变量 + 同语料
main_base  4:1     （无，基线臂）                ✅ 恰一个变量 + 同语料
main_base  4:2     （无，基线臂）                ✅ 恰一个变量 + 同语料
main_base  5:0     （无，基线臂）                ✅ 恰一个变量 + 同语料
main_base  5:1     （无，基线臂）                ✅ 恰一个变量 + 同语料
main_base  5:2     （无，基线臂）                ✅ 恰一个变量 + 同语料

study      pair    唯一开关                   断言
------------------------------------------------------------------------------
main_bin   3:0     --head binary          ✅ 恰一个变量 + 同语料
main_bin   3:1     --head binary          ✅ 恰一个变量 + 同语料
main_bin   3:2     --head binary          ✅ 恰一个变量 + 同语料
main_bin   4:0     --head binary          ✅ 恰一个变量 + 同语料
main_bin   4:1     --head binary          ✅ 恰一个变量 + 同语料
main_bin   4:2     --head binary          ✅ 恰一个变量 + 同语料
main_bin   5:0     --head binary          ✅ 恰一个变量 + 同语料
main_bin   5:1     --head binary          ✅ 恰一个变量 + 同语料
main_bin   5:2     --head binary          ✅ 恰一个变量 + 同语料

study      pair    唯一开关                   断言
------------------------------------------------------------------------------
aug_base   3:0     （无，基线臂）                ✅ 恰一个变量 + 同语料
aug_base   3:1     （无，基线臂）                ✅ 恰一个变量 + 同语料
aug_base   3:2     （无，基线臂）                ✅ 恰一个变量 + 同语料
aug_base   4:0     （无，基线臂）                ✅ 恰一个变量 + 同语料
aug_base   4:1     （无，基线臂）                ✅ 恰一个变量 + 同语料
aug_base   4:2     （无，基线臂）                ✅ 恰一个变量 + 同语料
aug_base   5:0     （无，基线臂）                ✅ 恰一个变量 + 同语料
aug_base   5:1     （无，基线臂）                ✅ 恰一个变量 + 同语料
aug_base   5:2     （无，基线臂）                ✅ 恰一个变量 + 同语料

study      pair    唯一开关                   断言
------------------------------------------------------------------------------
aug_bin    3:0     --head binary          ✅ 恰一个变量 + 同语料
aug_bin    3:1     --head binary          ✅ 恰一个变量 + 同语料
aug_bin    3:2     --head binary          ✅ 恰一个变量 + 同语料
aug_bin    4:0     --head binary          ✅ 恰一个变量 + 同语料
aug_bin    4:1     --head binary          ✅ 恰一个变量 + 同语料
aug_bin    4:2     --head binary          ✅ 恰一个变量 + 同语料
aug_bin    5:0     --head binary          ✅ 恰一个变量 + 同语料
aug_bin    5:1     --head binary          ✅ 恰一个变量 + 同语料
aug_bin    5:2     --head binary          ✅ 恰一个变量 + 同语料

[main_base/3:0] 跳过：config.json 已存在（要重跑请先归档该目录）
[main_base/3:1] train ok  done seed3 (split_seed1): best val micro-F1=0.6667 @ epoch; wall=19.9s train=8.0s graphs/s=1091.07 → /home/sau
[main_base/3:1] eval ok  seed3 (split_seed1): test micro-F1 0.5=0.3934 / val_thr(0.8)=0.4737；macro 0.5=0.2842；mAP=0.3662 (classes used 
[main_base/3:1] diagnose ok  跨种子聚合 → /home/saumarez/projects/deep-learning/SSM-HG/runs/binary_arm/main_base/base_ts3_ss1/diagnosis_summary.
[main_base/3:2] train ok  done seed3 (split_seed2): best val micro-F1=0.5581 @ epoch; wall=16.7s train=6.3s graphs/s=1084.48 → /home/sau
[main_base/3:2] eval ok  seed3 (split_seed2): test micro-F1 0.5=0.3562 / val_thr(0.7)=0.4490；macro 0.5=0.1992；mAP=0.2925 (classes used 
[main_base/3:2] diagnose ok  跨种子聚合 → /home/saumarez/projects/deep-learning/SSM-HG/runs/binary_arm/main_base/base_ts3_ss2/diagnosis_summary.
[main_base/4:0] train ok  done seed4 (split_seed0): best val micro-F1=0.5417 @ epoch; wall=17.0s train=7.5s graphs/s=1017.69 → /home/sau
[main_base/4:0] eval ok  seed4 (split_seed0): test micro-F1 0.5=0.3667 / val_thr(0.5)=0.3667；macro 0.5=0.3034；mAP=0.4267 (classes used 
[main_base/4:0] diagnose ok  跨种子聚合 → /home/saumarez/projects/deep-learning/SSM-HG/runs/binary_arm/main_base/base_ts4_ss0/diagnosis_summary.
[main_base/4:1] train ok  done seed4 (split_seed1): best val micro-F1=0.6111 @ epoch; wall=18.2s train=7.6s graphs/s=853.23 → /home/saum
[main_base/4:1] eval ok  seed4 (split_seed1): test micro-F1 0.5=0.5200 / val_thr(0.75)=0.5161；macro 0.5=0.2645；mAP=0.4059 (classes used
[main_base/4:1] diagnose ok  跨种子聚合 → /home/saumarez/projects/deep-learning/SSM-HG/runs/binary_arm/main_base/base_ts4_ss1/diagnosis_summary.
[main_base/4:2] train ok  done seed4 (split_seed2): best val micro-F1=0.6190 @ epoch; wall=34.7s train=6.5s graphs/s=946.09 → /home/saum
[main_base/4:2] eval ok  seed4 (split_seed2): test micro-F1 0.5=0.3333 / val_thr(0.5)=0.3333；macro 0.5=0.1200；mAP=0.2483 (classes used 
[main_base/4:2] diagnose ok  跨种子聚合 → /home/saumarez/projects/deep-learning/SSM-HG/runs/binary_arm/main_base/base_ts4_ss2/diagnosis_summary.
[main_base/5:0] train ok  done seed5 (split_seed0): best val micro-F1=0.6842 @ epoch; wall=28.1s train=9.4s graphs/s=924.53 → /home/saum
[main_base/5:0] eval ok  seed5 (split_seed0): test micro-F1 0.5=0.4800 / val_thr(0.7)=0.4737；macro 0.5=0.2313；mAP=0.3326 (classes used 
[main_base/5:0] diagnose ok  跨种子聚合 → /home/saumarez/projects/deep-learning/SSM-HG/runs/binary_arm/main_base/base_ts5_ss0/diagnosis_summary.
[main_base/5:1] train ok  done seed5 (split_seed1): best val micro-F1=0.5490 @ epoch; wall=17.1s train=5.5s graphs/s=1114.28 → /home/sau
[main_base/5:1] eval ok  seed5 (split_seed1): test micro-F1 0.5=0.5238 / val_thr(0.5)=0.5238；macro 0.5=0.2723；mAP=0.3356 (classes used 
[main_base/5:1] diagnose ok  跨种子聚合 → /home/saumarez/projects/deep-learning/SSM-HG/runs/binary_arm/main_base/base_ts5_ss1/diagnosis_summary.
[main_base/5:2] train ok  done seed5 (split_seed2): best val micro-F1=0.6154 @ epoch; wall=17.4s train=6.7s graphs/s=1127.55 → /home/sau
[main_base/5:2] eval ok  seed5 (split_seed2): test micro-F1 0.5=0.5306 / val_thr(0.55)=0.4651；macro 0.5=0.2833；mAP=0.2782 (classes used
[main_base/5:2] diagnose ok  跨种子聚合 → /home/saumarez/projects/deep-learning/SSM-HG/runs/binary_arm/main_base/base_ts5_ss2/diagnosis_summary.
[main_bin/3:0] 跳过：config.json 已存在（要重跑请先归档该目录）
[main_bin/3:1] train ok  done seed3 (split_seed1): best val binary AP=0.9691 @ epoch; wall=14.5s train=5.0s graphs/s=1015.99 → /home/sa
[main_bin/3:1] eval ok  seed3 (split_seed1) [head=binary]: test F1 0.5=0.8293 / val_thr(0.75)=0.7429；FPR 0.5=0.1538 FNR 0.5=0.1500；AP=
[main_bin/3:1] diagnose ok  跨种子聚合 → /home/saumarez/projects/deep-learning/SSM-HG/runs/binary_arm/main_bin/bin_ts3_ss1/diagnosis_summary.js
[main_bin/3:2] train ok  done seed3 (split_seed2): best val binary AP=0.9395 @ epoch; wall=28.1s train=3.1s graphs/s=706.96 → /home/sau
[main_bin/3:2] eval ok  seed3 (split_seed2) [head=binary]: test F1 0.5=0.7755 / val_thr(0.5)=0.7755；FPR 0.5=0.3600 FNR 0.5=0.0952；AP=0
[main_bin/3:2] diagnose ok  跨种子聚合 → /home/saumarez/projects/deep-learning/SSM-HG/runs/binary_arm/main_bin/bin_ts3_ss2/diagnosis_summary.js
[main_bin/4:0] train ok  done seed4 (split_seed0): best val binary AP=0.9727 @ epoch; wall=147.9s train=15.5s graphs/s=140.51 → /home/s
[main_bin/4:0] eval ok  seed4 (split_seed0) [head=binary]: test F1 0.5=0.6977 / val_thr(0.5)=0.6977；FPR 0.5=0.2800 FNR 0.5=0.2857；AP=0
[main_bin/4:0] diagnose ok  跨种子聚合 → /home/saumarez/projects/deep-learning/SSM-HG/runs/binary_arm/main_bin/bin_ts4_ss0/diagnosis_summary.js
[main_bin/4:1] train ok  done seed4 (split_seed1): best val binary AP=0.9529 @ epoch; wall=128.3s train=9.0s graphs/s=440.89 → /home/sa
[main_bin/4:1] eval ok  seed4 (split_seed1) [head=binary]: test F1 0.5=0.8500 / val_thr(0.45)=0.8500；FPR 0.5=0.1154 FNR 0.5=0.1500；AP=
[main_bin/4:1] diagnose ok  跨种子聚合 → /home/saumarez/projects/deep-learning/SSM-HG/runs/binary_arm/main_bin/bin_ts4_ss1/diagnosis_summary.js
[main_bin/4:2] train ok  done seed4 (split_seed2): best val binary AP=0.9607 @ epoch; wall=21.8s train=3.4s graphs/s=639.73 → /home/sau
[main_bin/4:2] eval ok  seed4 (split_seed2) [head=binary]: test F1 0.5=0.8000 / val_thr(0.5)=0.8000；FPR 0.5=0.1200 FNR 0.5=0.2381；AP=0
[main_bin/4:2] diagnose ok  跨种子聚合 → /home/saumarez/projects/deep-learning/SSM-HG/runs/binary_arm/main_bin/bin_ts4_ss2/diagnosis_summary.js
[main_bin/5:0] train ok  done seed5 (split_seed0): best val binary AP=0.9583 @ epoch; wall=14.2s train=3.5s graphs/s=621.65 → /home/sau
[main_bin/5:0] eval ok  seed5 (split_seed0) [head=binary]: test F1 0.5=0.8182 / val_thr(0.5)=0.8182；FPR 0.5=0.2000 FNR 0.5=0.1429；AP=0
[main_bin/5:0] diagnose ok  跨种子聚合 → /home/saumarez/projects/deep-learning/SSM-HG/runs/binary_arm/main_bin/bin_ts5_ss0/diagnosis_summary.js
[main_bin/5:1] train ok  done seed5 (split_seed1): best val binary AP=0.9590 @ epoch; wall=14.4s train=3.6s graphs/s=611.40 → /home/sau
[main_bin/5:1] eval ok  seed5 (split_seed1) [head=binary]: test F1 0.5=0.6667 / val_thr(0.5)=0.6667；FPR 0.5=0.0769 FNR 0.5=0.4500；AP=0
[main_bin/5:1] diagnose ok  跨种子聚合 → /home/saumarez/projects/deep-learning/SSM-HG/runs/binary_arm/main_bin/bin_ts5_ss1/diagnosis_summary.js
[main_bin/5:2] train ok  done seed5 (split_seed2): best val binary AP=0.9716 @ epoch; wall=34.7s train=22.4s graphs/s=679.85 → /home/sa
[main_bin/5:2] eval ok  seed5 (split_seed2) [head=binary]: test F1 0.5=0.8936 / val_thr(0.2)=0.8750；FPR 0.5=0.2000 FNR 0.5=0.0000；AP=0
[main_bin/5:2] diagnose ok  跨种子聚合 → /home/saumarez/projects/deep-learning/SSM-HG/runs/binary_arm/main_bin/bin_ts5_ss2/diagnosis_summary.js
[aug_base/3:0] train ok  done seed3 (split_seed0): best val micro-F1=0.9838 @ epoch; wall=176.7s train=141.3s graphs/s=391.67 → /home/s
[aug_base/3:0] eval ok  seed3 (split_seed0): test micro-F1 0.5=0.9161 / val_thr(0.8)=0.9459；macro 0.5=0.9248；mAP=0.9859 (classes used 
[aug_base/3:0] diagnose ok  跨种子聚合 → /home/saumarez/projects/deep-learning/SSM-HG/runs/binary_arm/aug_base/base_ts3_ss0/diagnosis_summary.j
[aug_base/3:1] train ok  done seed3 (split_seed1): best val micro-F1=0.9595 @ epoch; wall=168.4s train=141.4s graphs/s=391.45 → /home/s
[aug_base/3:1] eval ok  seed3 (split_seed1): test micro-F1 0.5=0.9277 / val_thr(0.75)=0.9557；macro 0.5=0.9175；mAP=0.9914 (classes used
[aug_base/3:1] diagnose ok  跨种子聚合 → /home/saumarez/projects/deep-learning/SSM-HG/runs/binary_arm/aug_base/base_ts3_ss1/diagnosis_summary.j
[aug_base/3:2] train ok  done seed3 (split_seed2): best val micro-F1=0.9669 @ epoch; wall=173.1s train=151.4s graphs/s=384.29 → /home/s
[aug_base/3:2] eval ok  seed3 (split_seed2): test micro-F1 0.5=0.9321 / val_thr(0.75)=0.9508；macro 0.5=0.9387；mAP=0.9871 (classes used
[aug_base/3:2] diagnose ok  跨种子聚合 → /home/saumarez/projects/deep-learning/SSM-HG/runs/binary_arm/aug_base/base_ts3_ss2/diagnosis_summary.j
[aug_base/4:0] train ok  done seed4 (split_seed0): best val micro-F1=0.9551 @ epoch; wall=136.3s train=113.9s graphs/s=436.02 → /home/s
[aug_base/4:0] eval ok  seed4 (split_seed0): test micro-F1 0.5=0.9062 / val_thr(0.8)=0.9431；macro 0.5=0.9172；mAP=0.9803 (classes used 
[aug_base/4:0] diagnose ok  跨种子聚合 → /home/saumarez/projects/deep-learning/SSM-HG/runs/binary_arm/aug_base/base_ts4_ss0/diagnosis_summary.j
[aug_base/4:1] train ok  done seed4 (split_seed1): best val micro-F1=0.9247 @ epoch; wall=113.9s train=87.6s graphs/s=372.41 → /home/sa
[aug_base/4:1] eval ok  seed4 (split_seed1): test micro-F1 0.5=0.8822 / val_thr(0.75)=0.8931；macro 0.5=0.8777；mAP=0.9536 (classes used
[aug_base/4:1] diagnose ok  跨种子聚合 → /home/saumarez/projects/deep-learning/SSM-HG/runs/binary_arm/aug_base/base_ts4_ss1/diagnosis_summary.j
[aug_base/4:2] train ok  done seed4 (split_seed2): best val micro-F1=0.9477 @ epoch; wall=199.6s train=171.3s graphs/s=380.99 → /home/s
[aug_base/4:2] eval ok  seed4 (split_seed2): test micro-F1 0.5=0.9174 / val_thr(0.8)=0.9521；macro 0.5=0.9314；mAP=0.9777 (classes used 
[aug_base/4:2] diagnose ok  跨种子聚合 → /home/saumarez/projects/deep-learning/SSM-HG/runs/binary_arm/aug_base/base_ts4_ss2/diagnosis_summary.j
[aug_base/5:0] train ok  done seed5 (split_seed0): best val micro-F1=0.9684 @ epoch; wall=161.6s train=132.0s graphs/s=505.31 → /home/s
[aug_base/5:0] eval ok  seed5 (split_seed0): test micro-F1 0.5=0.9143 / val_thr(0.8)=0.9396；macro 0.5=0.9295；mAP=0.9862 (classes used 
[aug_base/5:0] diagnose ok  跨种子聚合 → /home/saumarez/projects/deep-learning/SSM-HG/runs/binary_arm/aug_base/base_ts5_ss0/diagnosis_summary.j
[aug_base/5:1] train ok  done seed5 (split_seed1): best val micro-F1=0.9524 @ epoch; wall=98.0s train=79.5s graphs/s=589.06 → /home/sau
[aug_base/5:1] eval ok  seed5 (split_seed1): test micro-F1 0.5=0.8680 / val_thr(0.8)=0.9304；macro 0.5=0.8677；mAP=0.9775 (classes used 
[aug_base/5:1] diagnose ok  跨种子聚合 → /home/saumarez/projects/deep-learning/SSM-HG/runs/binary_arm/aug_base/base_ts5_ss1/diagnosis_summary.j
[aug_base/5:2] train ok  done seed5 (split_seed2): best val micro-F1=0.9288 @ epoch; wall=88.8s train=74.9s graphs/s=587.13 → /home/sau
[aug_base/5:2] eval ok  seed5 (split_seed2): test micro-F1 0.5=0.8875 / val_thr(0.8)=0.9325；macro 0.5=0.8996；mAP=0.9647 (classes used 
[aug_base/5:2] diagnose ok  跨种子聚合 → /home/saumarez/projects/deep-learning/SSM-HG/runs/binary_arm/aug_base/base_ts5_ss2/diagnosis_summary.j
[aug_bin/3:0] train ok  done seed3 (split_seed0): best val binary AP=1.0000 @ epoch; wall=41.5s train=30.3s graphs/s=608.29 → /home/sa
[aug_bin/3:0] eval ok  seed3 (split_seed0) [head=binary]: test F1 0.5=1.0000 / val_thr(0.5)=1.0000；FPR 0.5=0.0000 FNR 0.5=0.0000；AP=1
[aug_bin/3:0] diagnose ok  跨种子聚合 → /home/saumarez/projects/deep-learning/SSM-HG/runs/binary_arm/aug_bin/bin_ts3_ss0/diagnosis_summary.jso
[aug_bin/3:1] train ok  done seed3 (split_seed1): best val binary AP=1.0000 @ epoch; wall=35.8s train=26.2s graphs/s=542.39 → /home/sa
[aug_bin/3:1] eval ok  seed3 (split_seed1) [head=binary]: test F1 0.5=1.0000 / val_thr(0.2)=0.9937；FPR 0.5=0.0000 FNR 0.5=0.0000；AP=1
[aug_bin/3:1] diagnose ok  跨种子聚合 → /home/saumarez/projects/deep-learning/SSM-HG/runs/binary_arm/aug_bin/bin_ts3_ss1/diagnosis_summary.jso
[aug_bin/3:2] train ok  done seed3 (split_seed2): best val binary AP=1.0000 @ epoch; wall=39.1s train=29.4s graphs/s=579.61 → /home/sa
[aug_bin/3:2] eval ok  seed3 (split_seed2) [head=binary]: test F1 0.5=1.0000 / val_thr(0.2)=1.0000；FPR 0.5=0.0000 FNR 0.5=0.0000；AP=1
[aug_bin/3:2] diagnose ok  跨种子聚合 → /home/saumarez/projects/deep-learning/SSM-HG/runs/binary_arm/aug_bin/bin_ts3_ss2/diagnosis_summary.jso
[aug_bin/4:0] train ok  done seed4 (split_seed0): best val binary AP=1.0000 @ epoch; wall=50.5s train=38.5s graphs/s=626.71 → /home/sa
[aug_bin/4:0] eval ok  seed4 (split_seed0) [head=binary]: test F1 0.5=1.0000 / val_thr(0.25)=1.0000；FPR 0.5=0.0000 FNR 0.5=0.0000；AP=
[aug_bin/4:0] diagnose ok  跨种子聚合 → /home/saumarez/projects/deep-learning/SSM-HG/runs/binary_arm/aug_bin/bin_ts4_ss0/diagnosis_summary.jso
[aug_bin/4:1] train ok  done seed4 (split_seed1): best val binary AP=1.0000 @ epoch; wall=36.8s train=26.2s graphs/s=595.16 → /home/sa
[aug_bin/4:1] eval ok  seed4 (split_seed1) [head=binary]: test F1 0.5=1.0000 / val_thr(0.2)=0.9968；FPR 0.5=0.0000 FNR 0.5=0.0000；AP=1
[aug_bin/4:1] diagnose ok  跨种子聚合 → /home/saumarez/projects/deep-learning/SSM-HG/runs/binary_arm/aug_bin/bin_ts4_ss1/diagnosis_summary.jso
[aug_bin/4:2] train ok  done seed4 (split_seed2): best val binary AP=1.0000 @ epoch; wall=34.8s train=25.7s graphs/s=607.26 → /home/sa
[aug_bin/4:2] eval ok  seed4 (split_seed2) [head=binary]: test F1 0.5=0.9870 / val_thr(0.2)=0.9935；FPR 0.5=0.0000 FNR 0.5=0.0256；AP=0
[aug_bin/4:2] diagnose ok  跨种子聚合 → /home/saumarez/projects/deep-learning/SSM-HG/runs/binary_arm/aug_bin/bin_ts4_ss2/diagnosis_summary.jso
[aug_bin/5:0] train ok  done seed5 (split_seed0): best val binary AP=1.0000 @ epoch; wall=56.6s train=44.2s graphs/s=642.28 → /home/sa
[aug_bin/5:0] eval ok  seed5 (split_seed0) [head=binary]: test F1 0.5=1.0000 / val_thr(0.2)=1.0000；FPR 0.5=0.0000 FNR 0.5=0.0000；AP=1
[aug_bin/5:0] diagnose ok  跨种子聚合 → /home/saumarez/projects/deep-learning/SSM-HG/runs/binary_arm/aug_bin/bin_ts5_ss0/diagnosis_summary.jso
[aug_bin/5:1] train ok  done seed5 (split_seed1): best val binary AP=1.0000 @ epoch; wall=29.7s train=20.7s graphs/s=618.37 → /home/sa
[aug_bin/5:1] eval ok  seed5 (split_seed1) [head=binary]: test F1 0.5=0.9568 / val_thr(0.2)=0.9840；FPR 0.5=0.0000 FNR 0.5=0.0828；AP=0
[aug_bin/5:1] diagnose ok  跨种子聚合 → /home/saumarez/projects/deep-learning/SSM-HG/runs/binary_arm/aug_bin/bin_ts5_ss1/diagnosis_summary.jso
[aug_bin/5:2] train ok  done seed5 (split_seed2): best val binary AP=1.0000 @ epoch; wall=34.2s train=25.3s graphs/s=616.37 → /home/sa
[aug_bin/5:2] eval ok  seed5 (split_seed2) [head=binary]: test F1 0.5=0.9837 / val_thr(0.2)=0.9968；FPR 0.5=0.0000 FNR 0.5=0.0321；AP=1
[aug_bin/5:2] diagnose ok  跨种子聚合 → /home/saumarez/projects/deep-learning/SSM-HG/runs/binary_arm/aug_bin/bin_ts5_ss2/diagnosis_summary.jso

[study] 结束：36 个 run，wall 2665.5s，失败 0
