  [canon] seed0: micro@0.5=0.0635 @val_thr(0.75)=0.0344 mAP=0.4100
  [canon] seed1: micro@0.5=0.0055 @val_thr(0.6)=0.0046 mAP=0.3909
  [canon] seed2: micro@0.5=0.0156 @val_thr(0.8)=0.0065 mAP=0.3927
  [dfg_dep] seed0: micro@0.5=0.0459 @val_thr(0.8)=0.0092 mAP=0.4186
  [dfg_dep] seed1: micro@0.5=0.0046 @val_thr(0.6)=0.0046 mAP=0.3764
  [dfg_dep] seed2: micro@0.5=0.0074 @val_thr(0.8)=0.0019 mAP=0.3987
  [cfg_flow] seed0: micro@0.5=0.0092 @val_thr(0.55)=0.0019 mAP=0.3932
  [cfg_flow] seed1: micro@0.5=0.0019 @val_thr(0.7)=0.0019 mAP=0.3937
  [cfg_flow] seed2: micro@0.5=0.0138 @val_thr(0.8)=0.0065 mAP=0.3948
  [ast_parent] seed0: micro@0.5=0.2485 @val_thr(0.55)=0.0028 mAP=0.3857
  [ast_parent] seed1: micro@0.5=0.0101 @val_thr(0.7)=0.0065 mAP=0.4091
  [ast_parent] seed2: micro@0.5=0.0183 @val_thr(0.65)=0.0128 mAP=0.4007
  [callback_risk] seed0: micro@0.5=0.0635 @val_thr(0.75)=0.0353 mAP=0.4089
  [callback_risk] seed1: micro@0.5=0.0064 @val_thr(0.65)=0.0046 mAP=0.3882
  [callback_risk] seed2: micro@0.5=0.0101 @val_thr(0.45)=0.0110 mAP=0.3957
  [cb_node_only] seed0: micro@0.5=0.0300 @val_thr(0.8)=0.0083 mAP=0.4115
  [cb_node_only] seed1: micro@0.5=0.0637 @val_thr(0.8)=0.0147 mAP=0.3910
  [cb_node_only] seed2: micro@0.5=0.0155 @val_thr(0.75)=0.0055 mAP=0.4085
  [cb_func_only] seed0: micro@0.5=0.0201 @val_thr(0.8)=0.0046 mAP=0.3732
  [cb_func_only] seed1: micro@0.5=0.0064 @val_thr(0.65)=0.0037 mAP=0.3691
  [cb_func_only] seed2: micro@0.5=0.0110 @val_thr(0.7)=0.0055 mAP=0.3712
  [meanpool] seed0: micro@0.5=0.0245 @val_thr(0.8)=0.0074 mAP=0.3940
  [meanpool] seed1: micro@0.5=0.0118 @val_thr(0.8)=0.0046 mAP=0.3725
  [meanpool] seed2: micro@0.5=0.0074 @val_thr(0.75)=0.0019 mAP=0.3655
  [no_lvar] seed0: micro@0.5=0.0619 @val_thr(0.75)=0.0327 mAP=0.4118
  [no_lvar] seed1: micro@0.5=0.0055 @val_thr(0.6)=0.0046 mAP=0.3914
  [no_lvar] seed2: micro@0.5=0.0156 @val_thr(0.8)=0.0065 mAP=0.3923
  [no_prior_drop] seed0: micro@0.5=0.0611 @val_thr(0.75)=0.0327 mAP=0.4138
  [no_prior_drop] seed1: micro@0.5=0.0055 @val_thr(0.6)=0.0046 mAP=0.3905
  [no_prior_drop] seed2: micro@0.5=0.0101 @val_thr(0.45)=0.0110 mAP=0.3953
  [feat_base] seed0: micro@0.5=0.0569 @val_thr(0.75)=0.0291 mAP=0.4190
  [feat_base] seed1: micro@0.5=0.0055 @val_thr(0.6)=0.0046 mAP=0.3935
  [feat_base] seed2: micro@0.5=0.0092 @val_thr(0.45)=0.0110 mAP=0.3944
  [feat_base_sem] seed0: micro@0.5=0.0501 @val_thr(0.75)=0.0264 mAP=0.4237
  [feat_base_sem] seed1: micro@0.5=0.0064 @val_thr(0.6)=0.0046 mAP=0.3921
  [feat_base_sem] seed2: micro@0.5=0.0137 @val_thr(0.75)=0.0119 mAP=0.3944
  [hid256] seed0: micro@0.5=0.0218 @val_thr(0.7)=0.0055 mAP=0.3799
  [hid256] seed1: micro@0.5=0.0137 @val_thr(0.8)=0.0018 mAP=0.3539
  [hid256] seed2: micro@0.5=0.0273 @val_thr(0.8)=0.0046 mAP=0.3949
  [numbases1] seed0: micro@0.5=0.0183 @val_thr(0.8)=0.0028 mAP=0.4145
  [numbases1] seed1: micro@0.5=0.0174 @val_thr(0.8)=0.0055 mAP=0.3851
  [numbases1] seed2: micro@0.5=0.0092 @val_thr(0.65)=0.0019 mAP=0.4091
  [numbases3] seed0: micro@0.5=0.0380 @val_thr(0.75)=0.0028 mAP=0.3920
  [numbases3] seed1: micro@0.5=0.0092 @val_thr(0.8)=0.0028 mAP=0.4099
  [numbases3] seed2: micro@0.5=0.0055 @val_thr(0.8)=0.0018 mAP=0.3991
  [numbases4] seed0: micro@0.5=0.0165 @val_thr(0.8)=0.0037 mAP=0.4023
  [numbases4] seed1: micro@0.5=0.0182 @val_thr(0.8)=0.0074 mAP=0.3975
  [numbases4] seed2: micro@0.5=0.0110 @val_thr(0.7)=0.0028 mAP=0.4179
  [dropedge02] seed0: micro@0.5=0.2310 @val_thr(0.55)=0.0028 mAP=0.3863
  [dropedge02] seed1: micro@0.5=0.0235 @val_thr(0.7)=0.0101 mAP=0.3840
  [dropedge02] seed2: micro@0.5=0.0055 @val_thr(0.5)=0.0055 mAP=0.3990
  [layers1] seed0: micro@0.5=0.0165 @val_thr(0.75)=0.0019 mAP=0.4163
  [layers1] seed1: micro@0.5=0.0065 @val_thr(0.7)=0.0037 mAP=0.3795
  [layers1] seed2: micro@0.5=0.0326 @val_thr(0.8)=0.0065 mAP=0.3935
  [layers3] seed0: micro@0.5=0.0128 @val_thr(0.8)=0.0065 mAP=0.4157
  [layers3] seed1: micro@0.5=0.0101 @val_thr(0.8)=0.0046 mAP=0.3926
  [layers3] seed2: micro@0.5=0.0137 @val_thr(0.8)=0.0046 mAP=0.3969
  [cb_unlimited] seed0: micro@0.5=0.0619 @val_thr(0.75)=0.0327 mAP=0.4129
  [cb_unlimited] seed1: micro@0.5=0.0064 @val_thr(0.6)=0.0046 mAP=0.3910
  [cb_unlimited] seed2: micro@0.5=0.0156 @val_thr(0.8)=0.0065 mAP=0.3925
  [cb_rev] seed0: micro@0.5=0.0309 @val_thr(0.8)=0.0129 mAP=0.3945
  [cb_rev] seed1: micro@0.5=0.0155 @val_thr(0.8)=0.0101 mAP=0.3999
  [cb_rev] seed2: micro@0.5=0.0037 @val_thr(0.6)=0.0019 mAP=0.3731
  [cb_frozen] seed0: micro@0.5=0.0190 @val_thr(0.6)=0.0037 mAP=0.3313
  [cb_frozen] seed1: micro@0.5=0.0309 @val_thr(0.65)=0.0181 mAP=0.3567
  [cb_frozen] seed2: micro@0.5=0.0257 @val_thr(0.7)=0.0101 mAP=0.3693

[ext] 22 臂 → eval_results/dive/matrix_main.json（446.7s）
