  [canon] seed0: micro@0.5=0.0574 @val_thr(0.7)=0.0253 mAP=0.3638
  [canon] seed1: micro@0.5=0.1209 @val_thr(0.7)=0.0952 mAP=0.3630
  [canon] seed2: micro@0.5=0.0400 @val_thr(0.2)=0.0638 mAP=0.3845
  [dfg_dep] seed0: micro@0.5=0.1002 @val_thr(0.75)=0.0682 mAP=0.3640
  [dfg_dep] seed1: micro@0.5=0.1366 @val_thr(0.55)=0.1246 mAP=0.3710
  [dfg_dep] seed2: micro@0.5=0.1738 @val_thr(0.7)=0.1463 mAP=0.3686
  [cfg_flow] seed0: micro@0.5=0.1373 @val_thr(0.8)=0.0569 mAP=0.3868
  [cfg_flow] seed1: micro@0.5=0.0374 @val_thr(0.4)=0.0390 mAP=0.3675
  [cfg_flow] seed2: micro@0.5=0.0415 @val_thr(0.3)=0.0493 mAP=0.3482
  [ast_parent] seed0: micro@0.5=0.0566 @val_thr(0.8)=0.0449 mAP=0.3924
  [ast_parent] seed1: micro@0.5=0.0524 @val_thr(0.75)=0.0369 mAP=0.3851
  [ast_parent] seed2: micro@0.5=0.0290 @val_thr(0.3)=0.0316 mAP=0.3927
  [callback_risk] seed0: micro@0.5=0.0531 @val_thr(0.65)=0.0288 mAP=0.3614
  [callback_risk] seed1: micro@0.5=0.1216 @val_thr(0.75)=0.0968 mAP=0.3637
  [callback_risk] seed2: micro@0.5=0.0426 @val_thr(0.2)=0.0635 mAP=0.3830
  [cb_node_only] seed0: micro@0.5=0.1103 @val_thr(0.4)=0.1156 mAP=0.3898
  [cb_node_only] seed1: micro@0.5=0.0485 @val_thr(0.5)=0.0485 mAP=0.3964
  [cb_node_only] seed2: micro@0.5=0.0512 @val_thr(0.6)=0.0399 mAP=0.3688
  [cb_func_only] seed0: micro@0.5=0.1360 @val_thr(0.55)=0.1278 mAP=0.3563
  [cb_func_only] seed1: micro@0.5=0.1312 @val_thr(0.65)=0.1143 mAP=0.3511
  [cb_func_only] seed2: micro@0.5=0.0459 @val_thr(0.7)=0.0271 mAP=0.3436
  [meanpool] seed0: micro@0.5=0.0559 @val_thr(0.7)=0.0488 mAP=0.3964
  [meanpool] seed1: micro@0.5=0.1018 @val_thr(0.8)=0.0505 mAP=0.4002
  [meanpool] seed2: micro@0.5=0.0632 @val_thr(0.65)=0.0544 mAP=0.3820
  [no_lvar] seed0: micro@0.5=0.0574 @val_thr(0.7)=0.0271 mAP=0.3639
  [no_lvar] seed1: micro@0.5=0.1209 @val_thr(0.7)=0.0960 mAP=0.3628
  [no_lvar] seed2: micro@0.5=0.0400 @val_thr(0.2)=0.0621 mAP=0.3839
  [no_prior_drop] seed0: micro@0.5=0.0557 @val_thr(0.7)=0.0280 mAP=0.3638
  [no_prior_drop] seed1: micro@0.5=0.1209 @val_thr(0.7)=0.0943 mAP=0.3625
  [no_prior_drop] seed2: micro@0.5=0.0382 @val_thr(0.2)=0.0658 mAP=0.3812
  [feat_base] seed0: micro@0.5=0.0581 @val_thr(0.65)=0.0506 mAP=0.3636
  [feat_base] seed1: micro@0.5=0.1201 @val_thr(0.75)=0.0929 mAP=0.3636
  [feat_base] seed2: micro@0.5=0.0400 @val_thr(0.2)=0.0670 mAP=0.3803
  [feat_base_sem] seed0: micro@0.5=0.0556 @val_thr(0.65)=0.0385 mAP=0.3684
  [feat_base_sem] seed1: micro@0.5=0.1201 @val_thr(0.75)=0.0927 mAP=0.3630
  [feat_base_sem] seed2: micro@0.5=0.0382 @val_thr(0.2)=0.0651 mAP=0.3796
  [hid256] seed0: micro@0.5=0.0862 @val_thr(0.8)=0.0378 mAP=0.3720
  [hid256] seed1: micro@0.5=0.1505 @val_thr(0.65)=0.1402 mAP=0.3627
  [hid256] seed2: micro@0.5=0.0463 @val_thr(0.5)=0.0463 mAP=0.3622
  [numbases1] seed0: micro@0.5=0.0457 @val_thr(0.55)=0.0325 mAP=0.3893
  [numbases1] seed1: micro@0.5=0.1133 @val_thr(0.55)=0.1075 mAP=0.3681
  [numbases1] seed2: micro@0.5=0.0472 @val_thr(0.6)=0.0299 mAP=0.3597
  [numbases3] seed0: micro@0.5=0.0325 @val_thr(0.4)=0.0387 mAP=0.3737
  [numbases3] seed1: micro@0.5=0.0515 @val_thr(0.3)=0.0666 mAP=0.4014
  [numbases3] seed2: micro@0.5=0.0996 @val_thr(0.35)=0.1208 mAP=0.3572
  [numbases4] seed0: micro@0.5=0.0821 @val_thr(0.7)=0.0110 mAP=0.3560
  [numbases4] seed1: micro@0.5=0.0834 @val_thr(0.5)=0.0834 mAP=0.3789
  [numbases4] seed2: micro@0.5=0.1856 @val_thr(0.6)=0.1090 mAP=0.3690
  [dropedge02] seed0: micro@0.5=0.0899 @val_thr(0.8)=0.0606 mAP=0.3874
  [dropedge02] seed1: micro@0.5=0.0894 @val_thr(0.55)=0.0788 mAP=0.3780
  [dropedge02] seed2: micro@0.5=0.0479 @val_thr(0.2)=0.0861 mAP=0.3654
  [layers1] seed0: micro@0.5=0.0394 @val_thr(0.75)=0.0146 mAP=0.3954
  [layers1] seed1: micro@0.5=0.0536 @val_thr(0.2)=0.0845 mAP=0.3817
  [layers1] seed2: micro@0.5=0.0119 @val_thr(0.25)=0.0290 mAP=0.3748
  [layers3] seed0: micro@0.5=0.1106 @val_thr(0.75)=0.0714 mAP=0.3565
  [layers3] seed1: micro@0.5=0.1672 @val_thr(0.2)=0.2344 mAP=0.3793
  [layers3] seed2: micro@0.5=0.2958 @val_thr(0.5)=0.2958 mAP=0.3586
  [cb_unlimited] seed0: micro@0.5=0.0573 @val_thr(0.7)=0.0333 mAP=0.3596
  [cb_unlimited] seed1: micro@0.5=0.1172 @val_thr(0.75)=0.0872 mAP=0.3611
  [cb_unlimited] seed2: micro@0.5=0.0400 @val_thr(0.2)=0.0636 mAP=0.3822
  [cb_rev] seed0: micro@0.5=0.0368 @val_thr(0.8)=0.0264 mAP=0.3569
  [cb_rev] seed1: micro@0.5=0.0459 @val_thr(0.75)=0.0426 mAP=0.3510
  [cb_rev] seed2: micro@0.5=0.2828 @val_thr(0.35)=0.3148 mAP=0.3664
  [cb_frozen] seed0: micro@0.5=0.0330 @val_thr(0.8)=0.0145 mAP=0.3515
  [cb_frozen] seed1: micro@0.5=0.0776 @val_thr(0.8)=0.0478 mAP=0.3508
  [cb_frozen] seed2: micro@0.5=0.0439 @val_thr(0.6)=0.0346 mAP=0.3772

[ext] 22 臂 → eval_results/dive/matrix_aug.json（415.7s）
