=== [19:11:40] probe ss0 start ===
[ft] 语料=alldata  输出=runs/codebert_ft_probe16/ss0
[ft] split_seed0  train=362 val=45 test=46（已断言 train ∩ val∪test = ∅）
[ft] 训练序列 8540 条（合约均 23.6 个函数）
[ft] epoch 1: loss=1.6043 val_macro_f1=0.1849 lr=2.00e-05 (127.7s)
[ft] epoch 2: loss=1.0926 val_macro_f1=0.3001 lr=2.00e-05 (258.0s)
[ft] epoch 3: loss=0.6345 val_macro_f1=0.4844 lr=2.00e-05 (388.7s)
[ft] epoch 4: loss=0.4860 val_macro_f1=0.2202 lr=2.00e-05 (519.2s)
[ft] epoch 5: loss=0.4048 val_macro_f1=0.5595 lr=2.00e-05 (699.9s)
[ft] epoch 6: loss=0.2409 val_macro_f1=0.6054 lr=2.00e-05 (830.9s)
[ft] epoch 7: loss=0.1972 val_macro_f1=0.7308 lr=2.00e-05 (961.3s)
[ft] epoch 8: loss=0.1422 val_macro_f1=0.7430 lr=2.00e-05 (1090.7s)
[ft] epoch 9: loss=0.0923 val_macro_f1=0.8677 lr=2.00e-05 (1220.8s)
[ft] epoch 10: loss=0.0823 val_macro_f1=0.9274 lr=2.00e-05 (1351.0s)
[ft] epoch 11: loss=0.0312 val_macro_f1=0.9082 lr=2.00e-05 (1480.2s)
[ft] epoch 12: loss=0.0444 val_macro_f1=0.9229 lr=1.00e-05 (1610.8s)
[ft] epoch 13: loss=0.0372 val_macro_f1=0.9103 lr=1.00e-05 (1739.2s)
[ft] epoch 14: loss=0.0140 val_macro_f1=0.9466 lr=1.00e-05 (1868.7s)
[ft] epoch 15: loss=0.0239 val_macro_f1=0.9103 lr=1.00e-05 (1998.6s)
[ft] epoch 16: loss=0.0183 val_macro_f1=0.9103 lr=5.00e-06 (2127.8s)
[ft] 完成：best epoch 14 val_macro_f1=0.9466 → runs/codebert_ft_probe16/ss0/encoder
=== [19:50:33] probe ss0 rc=0 ===
=== [19:50:33] probe ss1 start ===
[ft] 语料=alldata  输出=runs/codebert_ft_probe16/ss1
[ft] split_seed1  train=362 val=45 test=46（已断言 train ∩ val∪test = ∅）
[ft] 训练序列 8665 条（合约均 23.9 个函数）
[ft] epoch 1: loss=1.7750 val_macro_f1=0.1760 lr=2.00e-05 (130.4s)
[ft] epoch 2: loss=1.0439 val_macro_f1=0.1871 lr=2.00e-05 (261.6s)
[ft] epoch 3: loss=0.7339 val_macro_f1=0.2966 lr=2.00e-05 (391.9s)
[ft] epoch 4: loss=0.6357 val_macro_f1=0.4716 lr=2.00e-05 (522.0s)
[ft] epoch 5: loss=0.3001 val_macro_f1=0.5421 lr=2.00e-05 (652.3s)
[ft] epoch 6: loss=0.2127 val_macro_f1=0.5667 lr=2.00e-05 (783.2s)
[ft] epoch 7: loss=0.1544 val_macro_f1=0.6067 lr=2.00e-05 (914.3s)
[ft] epoch 8: loss=0.1647 val_macro_f1=0.6651 lr=2.00e-05 (1044.5s)
[ft] epoch 9: loss=0.1065 val_macro_f1=0.6855 lr=2.00e-05 (1174.7s)
[ft] epoch 10: loss=0.0682 val_macro_f1=0.6780 lr=2.00e-05 (1305.8s)
[ft] epoch 11: loss=0.0515 val_macro_f1=0.6589 lr=1.00e-05 (1436.0s)
[ft] epoch 12: loss=0.0519 val_macro_f1=0.6857 lr=1.00e-05 (1565.5s)
[ft] epoch 13: loss=0.0144 val_macro_f1=0.6773 lr=1.00e-05 (1695.3s)
[ft] epoch 14: loss=0.0055 val_macro_f1=0.6773 lr=5.00e-06 (1824.7s)
[ft] epoch 15: loss=0.0033 val_macro_f1=0.6773 lr=5.00e-06 (1954.1s)
[ft] epoch 16: loss=0.0008 val_macro_f1=0.6698 lr=2.50e-06 (2085.0s)
[ft] val macro-F1 连续 4 个 epoch 未提升，早停于 epoch 16
[ft] 完成：best epoch 12 val_macro_f1=0.6857 → runs/codebert_ft_probe16/ss1/encoder
=== [20:28:39] probe ss1 rc=0 ===
=== [20:28:39] probe ss2 start ===
[ft] 语料=alldata  输出=runs/codebert_ft_probe16/ss2
[ft] split_seed2  train=362 val=45 test=46（已断言 train ∩ val∪test = ∅）
[ft] 训练序列 8542 条（合约均 23.6 个函数）
[ft] epoch 1: loss=1.4383 val_macro_f1=0.2377 lr=2.00e-05 (129.1s)
[ft] epoch 2: loss=1.0162 val_macro_f1=0.2220 lr=2.00e-05 (259.0s)
[ft] epoch 3: loss=0.7354 val_macro_f1=0.3054 lr=2.00e-05 (388.8s)
[ft] epoch 4: loss=0.4610 val_macro_f1=0.3490 lr=2.00e-05 (517.6s)
[ft] epoch 5: loss=0.2868 val_macro_f1=0.4603 lr=2.00e-05 (647.4s)
[ft] epoch 6: loss=0.2385 val_macro_f1=0.4340 lr=2.00e-05 (777.9s)
[ft] epoch 7: loss=0.2458 val_macro_f1=0.5673 lr=2.00e-05 (907.1s)
[ft] epoch 8: loss=0.1776 val_macro_f1=0.5508 lr=2.00e-05 (1037.5s)
[ft] epoch 9: loss=0.1396 val_macro_f1=0.5446 lr=1.00e-05 (1165.6s)
[ft] epoch 10: loss=0.0735 val_macro_f1=0.6000 lr=1.00e-05 (1295.9s)
[ft] epoch 11: loss=0.0389 val_macro_f1=0.4631 lr=1.00e-05 (1425.5s)
[ft] epoch 12: loss=0.0472 val_macro_f1=0.6005 lr=1.00e-05 (1554.4s)
[ft] epoch 13: loss=0.0294 val_macro_f1=0.4857 lr=1.00e-05 (1684.7s)
[ft] epoch 14: loss=0.0251 val_macro_f1=0.4204 lr=5.00e-06 (1813.4s)
[ft] epoch 15: loss=0.0086 val_macro_f1=0.6059 lr=5.00e-06 (1942.1s)
[ft] epoch 16: loss=0.0135 val_macro_f1=0.4593 lr=5.00e-06 (2071.4s)
[ft] 完成：best epoch 15 val_macro_f1=0.6059 → runs/codebert_ft_probe16/ss2/encoder
=== [21:06:29] probe ss2 rc=0 ===
=== ALL DONE [21:06:29] ===
