=== [02:42:00] ② 队列已退出 ===
C:\             201G  156G   45G  78% /mnt/c
=== [02:42:00] 补跑 ② layers3/seed2（打断遗留：有 best.pt 无 config.json）===
[ablation] 基线 runs/augmentation/seed0/config.json；1 项 × 3 种子 = 3 个 run；dry_run=False

项                唯一开关                               断言
------------------------------------------------------------------------
layers3          --layers 3                         ✅ 恰一个变量

[layers3/seed0] 跳过：results.json 已存在
[layers3/seed1] 跳过：results.json 已存在
[layers3/seed2] ✓ 107.0s  RGCN 层数 L=3（基线 L=2；大纲 5.4.1 第 13 项）
[layers3] summarize ✓

[ablation] 结束：用时 109.1s；产物 runs/ablation_aug
=== [02:43:58] 生成两组汇总表 ===

## 表 C：同配对 t（臂 seed{s} ↔ 正典 runs/seed{s}，同划分同数据）

| 臂 | t(micro-F1@0.5) | t(micro-F1@val_thr) | t(macro-F1@0.5) | t(macro-F1@val_thr) | t(精确匹配@0.5) | t(mAP) |
| --- | --- | --- | --- | --- | --- | --- |
| layers1 | -2.27 | -0.82 | -2.15 | -1.35 | -2.63 | -0.04 |
| cb_rev | -0.97 | -0.93 | -1.67 | -1.42 | -0.82 | -1.41 |
| numbases1 | -0.98 | -0.75 | -1.64 | -1.43 | -1.23 | +0.36 |
| dfg_dep | -2.13 | -0.93 | -1.52 | -1.61 | -1.23 | +0.49 |
| feat_base_sem | -1.91 | -0.63 | -1.38 | -1.16 | -1.50 | +1.14 |
| cfg_flow | -3.22 | -1.26 | -2.26 | -1.05 | -1.31 | +0.14 |
| dropedge02 | -2.73 | -2.41 | -3.06 | -2.44 | -1.75 | +1.61 |
| cb_unlimited | -1.34 | +0.70 | -1.37 | +0.36 | -1.44 | +1.52 |
| numbases4 | -1.47 | +0.58 | -0.54 | -0.17 | -1.25 | +0.93 |
| feat_base | -0.82 | -0.06 | -0.90 | -1.27 | -0.61 | +0.80 |
| no_prior_drop | -0.69 | -0.69 | -1.80 | -1.56 | -0.19 | +1.27 |
| no_lvar | -0.46 | +0.42 | -1.91 | -1.68 | -0.29 | +1.16 |
| callback_risk | -0.41 | -0.41 | -1.78 | -1.62 | -0.09 | -0.37 |
| numbases3 | -0.31 | -0.59 | -0.38 | -0.61 | +0.00 | +1.16 |
| layers3 | -0.21 | -0.84 | -1.63 | -1.10 | +0.18 | -0.04 |
| hid256 | -0.11 | -1.45 | +0.87 | -0.81 | +0.28 | +1.89 |
| cb_func_only | +0.33 | -0.72 | -3.63 | -2.08 | +1.40 | -0.26 |
| cb_node_only | +0.85 | -0.88 | -13.63 | -1.97 | +1.00 | +1.03 |
| meanpool | +1.59 | +0.05 | -0.21 | -1.45 | +0.90 | +0.46 |
| ast_parent | +0.68 | +0.58 | -1.28 | -0.94 | +0.00 | +0.95 |
| cb_ft | +8.09 | +3.57 | +6.55 | +4.52 | +8.13 | +27.59 |

⚠ n=3 时 df=2，**|t| > 4.303 才是 p<0.05**；但本仓规范是**判方向须 n≥9 同配对**（噪声 ±0.05–0.07 量级，n=3 的表面模式不可信，`decisions.md` §26.7/§27.5）。故 t 与 ★ 同级——**值得复核，不是结论**。⚠ t 无定义（`—`）= 三个配对差完全相同且为 0，或样本不足 2。


**正典的种子间 std（判 ★ 的阈值）**：micro-F1@0.5 ±0.0309；micro-F1@val_thr ±0.0774；macro-F1@0.5 ±0.0313；macro-F1@val_thr ±0.0506；精确匹配@0.5 ±0.0753；mAP ±0.0119

⚠ 全部为 **n=3 描述性**读数：正典 micro-F1@0.5 的 std 达 ±0.03 量级，3 种子**判不了** ±0.05 的效应；下「干预有效/无效」的结论须另做同配对 ≥9 点（`decisions.md` §26.7/§27.5）。★ 只表示**值得复核**，不是效应。


[collect] 已写 /home/saumarez/projects/deep-learning/SSM-HG/eval_results/ablation/collected.{json,md}

# 消融结果汇总：② 增强集 alldata_augmentation

## 表 A：绝对值（3 种子 mean±std）

| 臂 | micro-F1@0.5 | micro-F1@val_thr | macro-F1@0.5 | macro-F1@val_thr | 精确匹配@0.5 | mAP | 训练 wall(s) | epoch 数 | 参数量 |
| --- | --- | --- | --- | --- | --- | --- | --- | --- | --- |
| **正典** | 0.9347±0.0172 | 0.9547±0.0283 | 0.9391±0.0085 | 0.9602±0.0247 | 0.9096±0.0353 | 0.9804±0.0041 | — | — | — |
| cb_ft | 0.9901±0.0100 | 0.9913±0.0076 | 0.9918±0.0080 | 0.9924±0.0066 | 0.9887±0.0113 | 0.9975±0.0025 | 43.9 (+微调 3797.3) | 11.3 | 415226 |
| cb_rev | 0.9413±0.0261 | 0.9545±0.0162 | 0.9487±0.0244 | 0.9621±0.0128 | 0.9171±0.0311 | 0.9869±0.0041 | 114.7 | 41.7 | 415236 |
| cb_unlimited | 0.9301±0.0289 | 0.9490±0.0127 | 0.9345±0.0304 | 0.9517±0.0156 | 0.9153±0.0353 | 0.9833±0.0022 | 127.2 | 46.3 | 415226 |
| layers1 | 0.9314±0.0056 | 0.9443±0.0109 | 0.9332±0.0024 | 0.9472±0.0131 | 0.9021±0.0086 | 0.9872±0.0072 | 188.7 | 41 | 316769 |
| layers3 | 0.8536±0.0597 | 0.9045±0.0410 | 0.8601±0.0550 | 0.9097±0.0372 | 0.8023±0.1078 | 0.9302±0.0399 | 127.3 | 32.3 | 513683 |

## 表 B：Δ 相对正典（★ = |Δ| 超过正典的种子间 std）

| 臂 | Δmicro-F1@0.5 | Δmicro-F1@val_thr | Δmacro-F1@0.5 | Δmacro-F1@val_thr | Δ精确匹配@0.5 | ΔmAP |
| --- | --- | --- | --- | --- | --- | --- |
| layers3 | -0.0811★ | -0.0502★ | -0.0790★ | -0.0505★ | -0.1073★ | -0.0502★ |
| cb_unlimited | -0.0047 | -0.0058 | -0.0046 | -0.0085 | +0.0056 | +0.0029 |
| layers1 | -0.0033 | -0.0105 | -0.0059 | -0.0130 | -0.0075 | +0.0068★ |
| cb_rev | +0.0065 | -0.0002 | +0.0096★ | +0.0019 | +0.0075 | +0.0065★ |
| cb_ft | +0.0554★ | +0.0365★ | +0.0527★ | +0.0322★ | +0.0791★ | +0.0171★ |

## 表 C：同配对 t（臂 seed{s} ↔ 正典 runs/seed{s}，同划分同数据）

| 臂 | t(micro-F1@0.5) | t(micro-F1@val_thr) | t(macro-F1@0.5) | t(macro-F1@val_thr) | t(精确匹配@0.5) | t(mAP) |
| --- | --- | --- | --- | --- | --- | --- |
| layers3 | -2.03 | -2.64 | -2.23 | -2.98 | -1.37 | -2.29 |
| cb_unlimited | -0.19 | -0.26 | -0.22 | -0.39 | +0.19 | +1.42 |
| layers1 | -0.29 | -1.01 | -1.00 | -1.56 | -0.36 | +1.97 |
| cb_rev | +1.25 | -0.02 | +1.02 | +0.19 | +2.00 | +9.61 |
| cb_ft | +11.97 | +3.05 | +19.54 | +3.08 | +4.85 | +6.45 |

⚠ n=3 时 df=2，**|t| > 4.303 才是 p<0.05**；但本仓规范是**判方向须 n≥9 同配对**（噪声 ±0.05–0.07 量级，n=3 的表面模式不可信，`decisions.md` §26.7/§27.5）。故 t 与 ★ 同级——**值得复核，不是结论**。⚠ t 无定义（`—`）= 三个配对差完全相同且为 0，或样本不足 2。


**正典的种子间 std（判 ★ 的阈值）**：micro-F1@0.5 ±0.0172；micro-F1@val_thr ±0.0283；macro-F1@0.5 ±0.0085；macro-F1@val_thr ±0.0247；精确匹配@0.5 ±0.0353；mAP ±0.0041

⚠ 全部为 **n=3 描述性**读数：正典 micro-F1@0.5 的 std 达 ±0.03 量级，3 种子**判不了** ±0.05 的效应；下「干预有效/无效」的结论须另做同配对 ≥9 点（`decisions.md` §26.7/§27.5）。★ 只表示**值得复核**，不是效应。


[collect] 已写 /home/saumarez/projects/deep-learning/SSM-HG/eval_results/ablation/collected_aug.{json,md}

=== [02:43:58] DONE ===
