=== [23:40:41] P2 收尾启动（仅评测段）===
=== [23:40:41] ss0 evaluate ===
[evaluate] 标签来源：file=/home/saumarez/projects/deep-learning/SSM-HG/alldata(readonly)/contract_labels.json key_mode=project
seed0 (split_seed0): test micro-F1 0.5=0.8095 / val_thr(0.6)=0.8205；macro 0.5=0.6727；mAP=0.8246 (classes used 7)
    ss0 evaluate rc=0
=== [23:40:45] ss0 diagnose ===
[diagnose] 标签来源：file=/home/saumarez/projects/deep-learning/SSM-HG/alldata(readonly)/contract_labels.json key_mode=project
seed0: 逐类诊断完成 → runs/p2_canon/seed0/diagnosis.json （test pos 3,2,1,1,5,2,7）
跨种子聚合 → runs/p2_canon/diagnosis_summary.json
    ss0 diagnose rc=0
=== [23:40:48] ss1 evaluate ===
[evaluate] 标签来源：file=/home/saumarez/projects/deep-learning/SSM-HG/alldata(readonly)/contract_labels.json key_mode=project
seed1 (split_seed1): test micro-F1 0.5=0.8293 / val_thr(0.3)=0.8372；macro 0.5=0.7748；mAP=0.9349 (classes used 7)
    ss1 evaluate rc=0
=== [23:40:51] ss1 diagnose ===
[diagnose] 标签来源：file=/home/saumarez/projects/deep-learning/SSM-HG/alldata(readonly)/contract_labels.json key_mode=project
seed1: 逐类诊断完成 → runs/p2_canon/seed1/diagnosis.json （test pos 3,2,1,1,6,1,7）
跨种子聚合 → runs/p2_canon/diagnosis_summary.json
    ss1 diagnose rc=0
=== [23:40:54] ss2 evaluate ===
[evaluate] 标签来源：file=/home/saumarez/projects/deep-learning/SSM-HG/alldata(readonly)/contract_labels.json key_mode=project
seed2 (split_seed2): test micro-F1 0.5=0.8000 / val_thr(0.55)=0.8000；macro 0.5=0.5937；mAP=0.9260 (classes used 7)
    ss2 evaluate rc=0
=== [23:40:57] ss2 diagnose ===
[diagnose] 标签来源：file=/home/saumarez/projects/deep-learning/SSM-HG/alldata(readonly)/contract_labels.json key_mode=project
seed2: 逐类诊断完成 → runs/p2_canon/seed2/diagnosis.json （test pos 3,3,1,1,5,1,7）
跨种子聚合 → runs/p2_canon/diagnosis_summary.json
    ss2 diagnose rc=0
=== [23:41:00] summarize ===
summary: 3 seeds [0, 1, 2] → micro-F1(0.5) 0.812931±0.014929；micro-F1(val_thr) 0.819241±0.018637 → runs/p2_canon/summary.json
    summarize rc=0
=== [23:41:02] 闸门 ===
# 编码器换代闸门：旧 `--epochs 5` vs 新 `--epochs 20 --swa-start 16`

旧 = `runs/seed{S}`（`graphs_ft/ss{S}`，§37 正典编码器）  
新 = `runs/p2_canon/seed{S}`（`graphs_ft_p2/cb_ft_ss{S}`，P2 编码器）  
同划分、同训练种子，**唯一变量 = 编码器**；两侧都读既有 `results.json`，本脚本不产新数字。

## 一、逐种子配对

| 种子 | mAP 旧 | 新 | Δ | test macro@val_thr 旧 | 新 | Δ | test micro@val_thr 旧 | 新 | Δ | test macro@0.5 旧 | 新 | Δ | test micro@0.5 旧 | 新 | Δ |
|---|---|---|---|---|---|---|---|---|---|---|---|---|---|---|---|
| 0 | 0.7642 | 0.8246 | **+0.0604** | 0.5492 | 0.5680 | **+0.0188** | 0.7556 | 0.8205 | **+0.0650** | 0.6956 | 0.6727 | **-0.0229** | 0.7273 | 0.8095 | **+0.0823** |
| 1 | 0.7574 | 0.9349 | **+0.1775** | 0.4624 | 0.9111 | **+0.4487** | 0.6531 | 0.8372 | **+0.1841** | 0.5719 | 0.7748 | **+0.2029** | 0.6667 | 0.8293 | **+0.1626** |
| 2 | 0.7531 | 0.9260 | **+0.1729** | 0.4841 | 0.5937 | **+0.1095** | 0.7805 | 0.8000 | **+0.0195** | 0.5599 | 0.5937 | **+0.0338** | 0.7391 | 0.8000 | **+0.0609** |
| **均值 Δ** | — | — | **+0.1369** | — | — | **+0.1923** | — | — | **+0.0895** | — | — | **+0.0712** | — | — | **+0.1019** |

## 二、G1 方向：逐指标「不劣」种子数

| 指标 | 不劣种子数 | 主判据 |
|---|---|---|
| mAP | 3/3 | ✅ |
| test macro@val_thr | 3/3 | ✅ |
| test micro@val_thr | 3/3 | — |
| test macro@0.5 | 2/3 | — |
| test micro@0.5 | 3/3 | — |

## 三、G3 上游：编码器自身 val macro-F1（**只作归因门，不是结论**）

⚠ 该头在阶段 2 被丢弃，其绝对值**不代表**下游能力（见脚本 docstring）。

| 种子 | 旧 best_val_macro_f1 | 新 best_val_macro_f1 | Δ | 旧配置 | 新配置 | 新选点 |
|---|---|---|---|---|---|---|
| 0 | 0.5258 | 0.9544 | **+0.4286** | ep5/pat2/swa关 | ep20/pat4/swa16 | best_epoch |
| 1 | 0.6067 | 0.6747 | **+0.0680** | ep5/pat2/swa关 | ep20/pat4/swa16 | best_epoch |
| 2 | 0.4365 | 0.7165 | **+0.2800** | ep5/pat2/swa关 | ep20/pat4/swa16 | best_epoch（SWA val 0.6290，n=2） |
| **均值** | — | — | **+0.2589** | — | — | — |

## 四、判闸

| 门 | 判据 | 实测 | 结果 |
|---|---|---|---|
| **G1 方向** | mAP 与 macro@val_thr 都 3/3 不劣 | mAP 3/3；test macro@val_thr 3/3 | ✅ 过 |
| **G2 幅度** | 两主判据 mean Δ > 0，且至少一个 > 0.02 | mAP +0.1369；test macro@val_thr +0.1923 | ✅ 过 |
| **G3 上游** | 编码器 3/3 提升且 mean Δ > 0.1 | 3/3；mean +0.2589 | ✅ 过 |

### 裁定：**三道门全过 ⇒ 升级为正典**

按用户 2026-09-24 裁定：新编码器升为正典，**旧编码器下沉为消融臂**（三档阶梯：冻结 / 5 轮 / 20 轮+SWA）。旧产物一律**原地保留、绝不覆盖**，扫尾清单见 `experiments/decisions.md` 本次新增条目。

[gate] 已写入 experiments/encoder_promotion_gate.md
    闸门 rc=0（0=三门前过 / 1=有门未过 / 3=产物未齐）
=== P2 FINISH DONE [23:41:02] gate_rc=0 ===
