[n9] 分组 ['main']；31 臂 × 9 对 + 基线 = 288 个条目；dry_run=False

组     臂                配对      唯一开关                           复用判定
----------------------------------------------------------------------------------------
main  _base            0:0     （基线臂）                          ♻ 复用
main  _base            0:1     （基线臂）                          ♻ 复用
main  _base            0:2     （基线臂）                          ♻ 复用
main  _base            1:0     （基线臂）                          ♻ 复用
main  _base            1:1     （基线臂）                          ♻ 复用
main  _base            1:2     （基线臂）                          ♻ 复用
main  _base            2:0     （基线臂）                          ♻ 复用
main  _base            2:1     （基线臂）                          ♻ 复用
main  _base            2:2     （基线臂）                          ♻ 复用
main  dfg_dep          0:0     --drop-edges 3                 ♻ 复用
main  dfg_dep          0:1     --drop-edges 3                 ▶ 新跑
main  dfg_dep          0:2     --drop-edges 3                 ▶ 新跑
main  dfg_dep          1:0     --drop-edges 3                 ▶ 新跑
main  dfg_dep          1:1     --drop-edges 3                 ♻ 复用
main  dfg_dep          1:2     --drop-edges 3                 ▶ 新跑
main  dfg_dep          2:0     --drop-edges 3                 ▶ 新跑
main  dfg_dep          2:1     --drop-edges 3                 ▶ 新跑
main  dfg_dep          2:2     --drop-edges 3                 ♻ 复用
main  cfg_flow         0:0     --drop-edges 0                 ♻ 复用
main  cfg_flow         0:1     --drop-edges 0                 ▶ 新跑
main  cfg_flow         0:2     --drop-edges 0                 ▶ 新跑
main  cfg_flow         1:0     --drop-edges 0                 ▶ 新跑
main  cfg_flow         1:1     --drop-edges 0                 ♻ 复用
main  cfg_flow         1:2     --drop-edges 0                 ▶ 新跑
main  cfg_flow         2:0     --drop-edges 0                 ▶ 新跑
main  cfg_flow         2:1     --drop-edges 0                 ▶ 新跑
main  cfg_flow         2:2     --drop-edges 0                 ♻ 复用
main  ast_parent       0:0     --drop-ast                     ♻ 复用
main  ast_parent       0:1     --drop-ast                     ▶ 新跑
main  ast_parent       0:2     --drop-ast                     ▶ 新跑
main  ast_parent       1:0     --drop-ast                     ▶ 新跑
main  ast_parent       1:1     --drop-ast                     ♻ 复用
main  ast_parent       1:2     --drop-ast                     ▶ 新跑
main  ast_parent       2:0     --drop-ast                     ▶ 新跑
main  ast_parent       2:1     --drop-ast                     ▶ 新跑
main  ast_parent       2:2     --drop-ast                     ♻ 复用
main  callback_risk    0:0     --drop-edges 4                 ♻ 复用
main  callback_risk    0:1     --drop-edges 4                 ▶ 新跑
main  callback_risk    0:2     --drop-edges 4                 ▶ 新跑
main  callback_risk    1:0     --drop-edges 4                 ▶ 新跑
main  callback_risk    1:1     --drop-edges 4                 ♻ 复用
main  callback_risk    1:2     --drop-edges 4                 ▶ 新跑
main  callback_risk    2:0     --drop-edges 4                 ▶ 新跑
main  callback_risk    2:1     --drop-edges 4                 ▶ 新跑
main  callback_risk    2:2     --drop-edges 4                 ♻ 复用
main  cb_node_only     0:0     --cb-channels cb_node          ♻ 复用
main  cb_node_only     0:1     --cb-channels cb_node          ▶ 新跑
main  cb_node_only     0:2     --cb-channels cb_node          ▶ 新跑
main  cb_node_only     1:0     --cb-channels cb_node          ▶ 新跑
main  cb_node_only     1:1     --cb-channels cb_node          ♻ 复用
main  cb_node_only     1:2     --cb-channels cb_node          ▶ 新跑
main  cb_node_only     2:0     --cb-channels cb_node          ▶ 新跑
main  cb_node_only     2:1     --cb-channels cb_node          ▶ 新跑
main  cb_node_only     2:2     --cb-channels cb_node          ♻ 复用
main  cb_func_only     0:0     --cb-channels cb_func          ♻ 复用
main  cb_func_only     0:1     --cb-channels cb_func          ▶ 新跑
main  cb_func_only     0:2     --cb-channels cb_func          ▶ 新跑
main  cb_func_only     1:0     --cb-channels cb_func          ▶ 新跑
main  cb_func_only     1:1     --cb-channels cb_func          ♻ 复用
main  cb_func_only     1:2     --cb-channels cb_func          ▶ 新跑
main  cb_func_only     2:0     --cb-channels cb_func          ▶ 新跑
main  cb_func_only     2:1     --cb-channels cb_func          ▶ 新跑
main  cb_func_only     2:2     --cb-channels cb_func          ♻ 复用
main  meanpool         0:0     --meanpool                     ♻ 复用
main  meanpool         0:1     --meanpool                     ▶ 新跑
main  meanpool         0:2     --meanpool                     ▶ 新跑
main  meanpool         1:0     --meanpool                     ▶ 新跑
main  meanpool         1:1     --meanpool                     ♻ 复用
main  meanpool         1:2     --meanpool                     ▶ 新跑
main  meanpool         2:0     --meanpool                     ▶ 新跑
main  meanpool         2:1     --meanpool                     ▶ 新跑
main  meanpool         2:2     --meanpool                     ♻ 复用
main  no_lvar          0:0     --lambda-var 0.0               ♻ 复用
main  no_lvar          0:1     --lambda-var 0.0               ▶ 新跑
main  no_lvar          0:2     --lambda-var 0.0               ▶ 新跑
main  no_lvar          1:0     --lambda-var 0.0               ▶ 新跑
main  no_lvar          1:1     --lambda-var 0.0               ♻ 复用
main  no_lvar          1:2     --lambda-var 0.0               ▶ 新跑
main  no_lvar          2:0     --lambda-var 0.0               ▶ 新跑
main  no_lvar          2:1     --lambda-var 0.0               ▶ 新跑
main  no_lvar          2:2     --lambda-var 0.0               ♻ 复用
main  no_prior_drop    0:0     --prior-dropout 0.0            ♻ 复用
main  no_prior_drop    0:1     --prior-dropout 0.0            ▶ 新跑
main  no_prior_drop    0:2     --prior-dropout 0.0            ▶ 新跑
main  no_prior_drop    1:0     --prior-dropout 0.0            ▶ 新跑
main  no_prior_drop    1:1     --prior-dropout 0.0            ♻ 复用
main  no_prior_drop    1:2     --prior-dropout 0.0            ▶ 新跑
main  no_prior_drop    2:0     --prior-dropout 0.0            ▶ 新跑
main  no_prior_drop    2:1     --prior-dropout 0.0            ▶ 新跑
main  no_prior_drop    2:2     --prior-dropout 0.0            ♻ 复用
main  feat_base        0:0     --feat-groups base             ♻ 复用
main  feat_base        0:1     --feat-groups base             ▶ 新跑
main  feat_base        0:2     --feat-groups base             ▶ 新跑
main  feat_base        1:0     --feat-groups base             ▶ 新跑
main  feat_base        1:1     --feat-groups base             ♻ 复用
main  feat_base        1:2     --feat-groups base             ▶ 新跑
main  feat_base        2:0     --feat-groups base             ▶ 新跑
main  feat_base        2:1     --feat-groups base             ▶ 新跑
main  feat_base        2:2     --feat-groups base             ♻ 复用
main  feat_base_sem    0:0     --feat-groups base+sem         ♻ 复用
main  feat_base_sem    0:1     --feat-groups base+sem         ▶ 新跑
main  feat_base_sem    0:2     --feat-groups base+sem         ▶ 新跑
main  feat_base_sem    1:0     --feat-groups base+sem         ▶ 新跑
main  feat_base_sem    1:1     --feat-groups base+sem         ♻ 复用
main  feat_base_sem    1:2     --feat-groups base+sem         ▶ 新跑
main  feat_base_sem    2:0     --feat-groups base+sem         ▶ 新跑
main  feat_base_sem    2:1     --feat-groups base+sem         ▶ 新跑
main  feat_base_sem    2:2     --feat-groups base+sem         ♻ 复用
main  hid256           0:0     --hid 256                      ♻ 复用
main  hid256           0:1     --hid 256                      ▶ 新跑
main  hid256           0:2     --hid 256                      ▶ 新跑
main  hid256           1:0     --hid 256                      ▶ 新跑
main  hid256           1:1     --hid 256                      ♻ 复用
main  hid256           1:2     --hid 256                      ▶ 新跑
main  hid256           2:0     --hid 256                      ▶ 新跑
main  hid256           2:1     --hid 256                      ▶ 新跑
main  hid256           2:2     --hid 256                      ♻ 复用
main  numbases1        0:0     --num-bases 1                  ♻ 复用
main  numbases1        0:1     --num-bases 1                  ▶ 新跑
main  numbases1        0:2     --num-bases 1                  ▶ 新跑
main  numbases1        1:0     --num-bases 1                  ▶ 新跑
main  numbases1        1:1     --num-bases 1                  ♻ 复用
main  numbases1        1:2     --num-bases 1                  ▶ 新跑
main  numbases1        2:0     --num-bases 1                  ▶ 新跑
main  numbases1        2:1     --num-bases 1                  ▶ 新跑
main  numbases1        2:2     --num-bases 1                  ♻ 复用
main  numbases3        0:0     --num-bases 3                  ♻ 复用
main  numbases3        0:1     --num-bases 3                  ▶ 新跑
main  numbases3        0:2     --num-bases 3                  ▶ 新跑
main  numbases3        1:0     --num-bases 3                  ▶ 新跑
main  numbases3        1:1     --num-bases 3                  ♻ 复用
main  numbases3        1:2     --num-bases 3                  ▶ 新跑
main  numbases3        2:0     --num-bases 3                  ▶ 新跑
main  numbases3        2:1     --num-bases 3                  ▶ 新跑
main  numbases3        2:2     --num-bases 3                  ♻ 复用
main  numbases4        0:0     --num-bases 4                  ♻ 复用
main  numbases4        0:1     --num-bases 4                  ▶ 新跑
main  numbases4        0:2     --num-bases 4                  ▶ 新跑
main  numbases4        1:0     --num-bases 4                  ▶ 新跑
main  numbases4        1:1     --num-bases 4                  ♻ 复用
main  numbases4        1:2     --num-bases 4                  ▶ 新跑
main  numbases4        2:0     --num-bases 4                  ▶ 新跑
main  numbases4        2:1     --num-bases 4                  ▶ 新跑
main  numbases4        2:2     --num-bases 4                  ♻ 复用
main  dropedge02       0:0     --drop-edge-prob 0.2           ♻ 复用
main  dropedge02       0:1     --drop-edge-prob 0.2           ▶ 新跑
main  dropedge02       0:2     --drop-edge-prob 0.2           ▶ 新跑
main  dropedge02       1:0     --drop-edge-prob 0.2           ▶ 新跑
main  dropedge02       1:1     --drop-edge-prob 0.2           ♻ 复用
main  dropedge02       1:2     --drop-edge-prob 0.2           ▶ 新跑
main  dropedge02       2:0     --drop-edge-prob 0.2           ▶ 新跑
main  dropedge02       2:1     --drop-edge-prob 0.2           ▶ 新跑
main  dropedge02       2:2     --drop-edge-prob 0.2           ♻ 复用
main  layers1          0:0     --layers 1                     ♻ 复用
main  layers1          0:1     --layers 1                     ▶ 新跑
main  layers1          0:2     --layers 1                     ▶ 新跑
main  layers1          1:0     --layers 1                     ▶ 新跑
main  layers1          1:1     --layers 1                     ♻ 复用
main  layers1          1:2     --layers 1                     ▶ 新跑
main  layers1          2:0     --layers 1                     ▶ 新跑
main  layers1          2:1     --layers 1                     ▶ 新跑
main  layers1          2:2     --layers 1                     ♻ 复用
main  layers3          0:0     --layers 3                     ♻ 复用
main  layers3          0:1     --layers 3                     ▶ 新跑
main  layers3          0:2     --layers 3                     ▶ 新跑
main  layers3          1:0     --layers 3                     ▶ 新跑
main  layers3          1:1     --layers 3                     ♻ 复用
main  layers3          1:2     --layers 3                     ▶ 新跑
main  layers3          2:0     --layers 3                     ▶ 新跑
main  layers3          2:1     --layers 3                     ▶ 新跑
main  layers3          2:2     --layers 3                     ♻ 复用
main  cb_unlimited     0:0     --graph-dir /home/saumarez/projects/deep-learning/SSM-HG/products/alldata/graphs_ft_p2/graph_variants/cb_unlimited_ss0 ♻ 复用
main  cb_unlimited     0:1     --graph-dir /home/saumarez/projects/deep-learning/SSM-HG/products/alldata/graphs_ft_p2/graph_variants/cb_unlimited_ss1 ▶ 新跑
main  cb_unlimited     0:2     --graph-dir /home/saumarez/projects/deep-learning/SSM-HG/products/alldata/graphs_ft_p2/graph_variants/cb_unlimited_ss2 ▶ 新跑
main  cb_unlimited     1:0     --graph-dir /home/saumarez/projects/deep-learning/SSM-HG/products/alldata/graphs_ft_p2/graph_variants/cb_unlimited_ss0 ▶ 新跑
main  cb_unlimited     1:1     --graph-dir /home/saumarez/projects/deep-learning/SSM-HG/products/alldata/graphs_ft_p2/graph_variants/cb_unlimited_ss1 ♻ 复用
main  cb_unlimited     1:2     --graph-dir /home/saumarez/projects/deep-learning/SSM-HG/products/alldata/graphs_ft_p2/graph_variants/cb_unlimited_ss2 ▶ 新跑
main  cb_unlimited     2:0     --graph-dir /home/saumarez/projects/deep-learning/SSM-HG/products/alldata/graphs_ft_p2/graph_variants/cb_unlimited_ss0 ▶ 新跑
main  cb_unlimited     2:1     --graph-dir /home/saumarez/projects/deep-learning/SSM-HG/products/alldata/graphs_ft_p2/graph_variants/cb_unlimited_ss1 ▶ 新跑
main  cb_unlimited     2:2     --graph-dir /home/saumarez/projects/deep-learning/SSM-HG/products/alldata/graphs_ft_p2/graph_variants/cb_unlimited_ss2 ♻ 复用
main  cb_rev           0:0     --graph-dir /home/saumarez/projects/deep-learning/SSM-HG/products/alldata/graphs_ft_p2/graph_variants/cb_rev_ss0 ♻ 复用
main  cb_rev           0:1     --graph-dir /home/saumarez/projects/deep-learning/SSM-HG/products/alldata/graphs_ft_p2/graph_variants/cb_rev_ss1 ▶ 新跑
main  cb_rev           0:2     --graph-dir /home/saumarez/projects/deep-learning/SSM-HG/products/alldata/graphs_ft_p2/graph_variants/cb_rev_ss2 ▶ 新跑
main  cb_rev           1:0     --graph-dir /home/saumarez/projects/deep-learning/SSM-HG/products/alldata/graphs_ft_p2/graph_variants/cb_rev_ss0 ▶ 新跑
main  cb_rev           1:1     --graph-dir /home/saumarez/projects/deep-learning/SSM-HG/products/alldata/graphs_ft_p2/graph_variants/cb_rev_ss1 ♻ 复用
main  cb_rev           1:2     --graph-dir /home/saumarez/projects/deep-learning/SSM-HG/products/alldata/graphs_ft_p2/graph_variants/cb_rev_ss2 ▶ 新跑
main  cb_rev           2:0     --graph-dir /home/saumarez/projects/deep-learning/SSM-HG/products/alldata/graphs_ft_p2/graph_variants/cb_rev_ss0 ▶ 新跑
main  cb_rev           2:1     --graph-dir /home/saumarez/projects/deep-learning/SSM-HG/products/alldata/graphs_ft_p2/graph_variants/cb_rev_ss1 ▶ 新跑
main  cb_rev           2:2     --graph-dir /home/saumarez/projects/deep-learning/SSM-HG/products/alldata/graphs_ft_p2/graph_variants/cb_rev_ss2 ♻ 复用
main  cb_frozen        0:0     --graph-dir /home/saumarez/projects/deep-learning/SSM-HG/products/alldata/graphs ♻ 复用
main  cb_frozen        0:1     --graph-dir /home/saumarez/projects/deep-learning/SSM-HG/products/alldata/graphs ▶ 新跑
main  cb_frozen        0:2     --graph-dir /home/saumarez/projects/deep-learning/SSM-HG/products/alldata/graphs ▶ 新跑
main  cb_frozen        1:0     --graph-dir /home/saumarez/projects/deep-learning/SSM-HG/products/alldata/graphs ▶ 新跑
main  cb_frozen        1:1     --graph-dir /home/saumarez/projects/deep-learning/SSM-HG/products/alldata/graphs ♻ 复用
main  cb_frozen        1:2     --graph-dir /home/saumarez/projects/deep-learning/SSM-HG/products/alldata/graphs ▶ 新跑
main  cb_frozen        2:0     --graph-dir /home/saumarez/projects/deep-learning/SSM-HG/products/alldata/graphs ▶ 新跑
main  cb_frozen        2:1     --graph-dir /home/saumarez/projects/deep-learning/SSM-HG/products/alldata/graphs ▶ 新跑
main  cb_frozen        2:2     --graph-dir /home/saumarez/projects/deep-learning/SSM-HG/products/alldata/graphs ♻ 复用
main  lvar_dose_0.01   0:0     --lambda-var 0.01              ▶ 新跑
main  lvar_dose_0.01   0:1     --lambda-var 0.01              ▶ 新跑
main  lvar_dose_0.01   0:2     --lambda-var 0.01              ▶ 新跑
main  lvar_dose_0.01   1:0     --lambda-var 0.01              ▶ 新跑
main  lvar_dose_0.01   1:1     --lambda-var 0.01              ▶ 新跑
main  lvar_dose_0.01   1:2     --lambda-var 0.01              ▶ 新跑
main  lvar_dose_0.01   2:0     --lambda-var 0.01              ▶ 新跑
main  lvar_dose_0.01   2:1     --lambda-var 0.01              ▶ 新跑
main  lvar_dose_0.01   2:2     --lambda-var 0.01              ▶ 新跑
main  lvar_dose_0.1    0:0     --lambda-var 0.1               ▶ 新跑
main  lvar_dose_0.1    0:1     --lambda-var 0.1               ▶ 新跑
main  lvar_dose_0.1    0:2     --lambda-var 0.1               ▶ 新跑
main  lvar_dose_0.1    1:0     --lambda-var 0.1               ▶ 新跑
main  lvar_dose_0.1    1:1     --lambda-var 0.1               ▶ 新跑
main  lvar_dose_0.1    1:2     --lambda-var 0.1               ▶ 新跑
main  lvar_dose_0.1    2:0     --lambda-var 0.1               ▶ 新跑
main  lvar_dose_0.1    2:1     --lambda-var 0.1               ▶ 新跑
main  lvar_dose_0.1    2:2     --lambda-var 0.1               ▶ 新跑
main  lvar_dose_1.0    0:0     --lambda-var 1.0               ▶ 新跑
main  lvar_dose_1.0    0:1     --lambda-var 1.0               ▶ 新跑
main  lvar_dose_1.0    0:2     --lambda-var 1.0               ▶ 新跑
main  lvar_dose_1.0    1:0     --lambda-var 1.0               ▶ 新跑
main  lvar_dose_1.0    1:1     --lambda-var 1.0               ▶ 新跑
main  lvar_dose_1.0    1:2     --lambda-var 1.0               ▶ 新跑
main  lvar_dose_1.0    2:0     --lambda-var 1.0               ▶ 新跑
main  lvar_dose_1.0    2:1     --lambda-var 1.0               ▶ 新跑
main  lvar_dose_1.0    2:2     --lambda-var 1.0               ▶ 新跑
main  conv_gcn         0:0     --conv gcn                     ▶ 新跑
main  conv_gcn         0:1     --conv gcn                     ▶ 新跑
main  conv_gcn         0:2     --conv gcn                     ▶ 新跑
main  conv_gcn         1:0     --conv gcn                     ▶ 新跑
main  conv_gcn         1:1     --conv gcn                     ▶ 新跑
main  conv_gcn         1:2     --conv gcn                     ▶ 新跑
main  conv_gcn         2:0     --conv gcn                     ▶ 新跑
main  conv_gcn         2:1     --conv gcn                     ▶ 新跑
main  conv_gcn         2:2     --conv gcn                     ▶ 新跑
main  conv_gat         0:0     --conv gat                     ▶ 新跑
main  conv_gat         0:1     --conv gat                     ▶ 新跑
main  conv_gat         0:2     --conv gat                     ▶ 新跑
main  conv_gat         1:0     --conv gat                     ▶ 新跑
main  conv_gat         1:1     --conv gat                     ▶ 新跑
main  conv_gat         1:2     --conv gat                     ▶ 新跑
main  conv_gat         2:0     --conv gat                     ▶ 新跑
main  conv_gat         2:1     --conv gat                     ▶ 新跑
main  conv_gat         2:2     --conv gat                     ▶ 新跑
main  conv_sage        0:0     --conv sage                    ▶ 新跑
main  conv_sage        0:1     --conv sage                    ▶ 新跑
main  conv_sage        0:2     --conv sage                    ▶ 新跑
main  conv_sage        1:0     --conv sage                    ▶ 新跑
main  conv_sage        1:1     --conv sage                    ▶ 新跑
main  conv_sage        1:2     --conv sage                    ▶ 新跑
main  conv_sage        2:0     --conv sage                    ▶ 新跑
main  conv_sage        2:1     --conv sage                    ▶ 新跑
main  conv_sage        2:2     --conv sage                    ▶ 新跑
main  hid256_pm        0:0     --hid 256 --num-bases 1        ▶ 新跑
main  hid256_pm        0:1     --hid 256 --num-bases 1        ▶ 新跑
main  hid256_pm        0:2     --hid 256 --num-bases 1        ▶ 新跑
main  hid256_pm        1:0     --hid 256 --num-bases 1        ▶ 新跑
main  hid256_pm        1:1     --hid 256 --num-bases 1        ▶ 新跑
main  hid256_pm        1:2     --hid 256 --num-bases 1        ▶ 新跑
main  hid256_pm        2:0     --hid 256 --num-bases 1        ▶ 新跑
main  hid256_pm        2:1     --hid 256 --num-bases 1        ▶ 新跑
main  hid256_pm        2:2     --hid 256 --num-bases 1        ▶ 新跑
main  gcn_pm           0:0     --conv gcn --hid 366           ▶ 新跑
main  gcn_pm           0:1     --conv gcn --hid 366           ▶ 新跑
main  gcn_pm           0:2     --conv gcn --hid 366           ▶ 新跑
main  gcn_pm           1:0     --conv gcn --hid 366           ▶ 新跑
main  gcn_pm           1:1     --conv gcn --hid 366           ▶ 新跑
main  gcn_pm           1:2     --conv gcn --hid 366           ▶ 新跑
main  gcn_pm           2:0     --conv gcn --hid 366           ▶ 新跑
main  gcn_pm           2:1     --conv gcn --hid 366           ▶ 新跑
main  gcn_pm           2:2     --conv gcn --hid 366           ▶ 新跑
main  gat_pm           0:0     --conv gat --hid 364           ▶ 新跑
main  gat_pm           0:1     --conv gat --hid 364           ▶ 新跑
main  gat_pm           0:2     --conv gat --hid 364           ▶ 新跑
main  gat_pm           1:0     --conv gat --hid 364           ▶ 新跑
main  gat_pm           1:1     --conv gat --hid 364           ▶ 新跑
main  gat_pm           1:2     --conv gat --hid 364           ▶ 新跑
main  gat_pm           2:0     --conv gat --hid 364           ▶ 新跑
main  gat_pm           2:1     --conv gat --hid 364           ▶ 新跑
main  gat_pm           2:2     --conv gat --hid 364           ▶ 新跑
main  sage_pm          0:0     --conv sage --hid 250          ▶ 新跑
main  sage_pm          0:1     --conv sage --hid 250          ▶ 新跑
main  sage_pm          0:2     --conv sage --hid 250          ▶ 新跑
main  sage_pm          1:0     --conv sage --hid 250          ▶ 新跑
main  sage_pm          1:1     --conv sage --hid 250          ▶ 新跑
main  sage_pm          1:2     --conv sage --hid 250          ▶ 新跑
main  sage_pm          2:0     --conv sage --hid 250          ▶ 新跑
main  sage_pm          2:1     --conv sage --hid 250          ▶ 新跑
main  sage_pm          2:2     --conv sage --hid 250          ▶ 新跑

[清点] 共 288 个条目：复用 72、新跑 216

[main/dfg_dep/0:1] 跳过：results.json 已存在
[main/dfg_dep/0:2] 跳过：results.json 已存在
[main/dfg_dep/1:0] 跳过：results.json 已存在
[main/dfg_dep/1:2] 跳过：results.json 已存在
[main/dfg_dep/2:0] 跳过：results.json 已存在
[main/dfg_dep/2:1] 跳过：results.json 已存在
[main/cfg_flow/0:1] 跳过：results.json 已存在
[main/cfg_flow/0:2] 跳过：results.json 已存在
[main/cfg_flow/1:0] 跳过：results.json 已存在
[main/cfg_flow/1:2] 跳过：results.json 已存在
[main/cfg_flow/2:0] 跳过：results.json 已存在
[main/cfg_flow/2:1] 跳过：results.json 已存在
[main/ast_parent/0:1] 跳过：results.json 已存在
[main/ast_parent/0:2] 跳过：results.json 已存在
[main/ast_parent/1:0] 跳过：results.json 已存在
[main/ast_parent/1:2] 跳过：results.json 已存在
[main/ast_parent/2:0] 跳过：results.json 已存在
[main/ast_parent/2:1] 跳过：results.json 已存在
[main/callback_risk/0:1] 跳过：results.json 已存在
[main/callback_risk/0:2] 跳过：results.json 已存在
[main/callback_risk/1:0] 跳过：results.json 已存在
[main/callback_risk/1:2] 跳过：results.json 已存在
[main/callback_risk/2:0] 跳过：results.json 已存在
[main/callback_risk/2:1] 跳过：results.json 已存在
[main/cb_node_only/0:1] 跳过：results.json 已存在
[main/cb_node_only/0:2] 跳过：results.json 已存在
[main/cb_node_only/1:0] 跳过：results.json 已存在
[main/cb_node_only/1:2] 跳过：results.json 已存在
[main/cb_node_only/2:0] 跳过：results.json 已存在
[main/cb_node_only/2:1] 跳过：results.json 已存在
[main/cb_func_only/0:1] 跳过：results.json 已存在
[main/cb_func_only/0:2] 跳过：results.json 已存在
[main/cb_func_only/1:0] 跳过：results.json 已存在
[main/cb_func_only/1:2] 跳过：results.json 已存在
[main/cb_func_only/2:0] 跳过：results.json 已存在
[main/cb_func_only/2:1] 跳过：results.json 已存在
[main/meanpool/0:1] 跳过：results.json 已存在
[main/meanpool/0:2] 跳过：results.json 已存在
[main/meanpool/1:0] 跳过：results.json 已存在
[main/meanpool/1:2] 跳过：results.json 已存在
[main/meanpool/2:0] 跳过：results.json 已存在
[main/meanpool/2:1] 跳过：results.json 已存在
[main/no_lvar/0:1] 跳过：results.json 已存在
[main/no_lvar/0:2] 跳过：results.json 已存在
[main/no_lvar/1:0] 跳过：results.json 已存在
[main/no_lvar/1:2] 跳过：results.json 已存在
[main/no_lvar/2:0] 跳过：results.json 已存在
[main/no_lvar/2:1] 跳过：results.json 已存在
[main/no_prior_drop/0:1] 跳过：results.json 已存在
[main/no_prior_drop/0:2] 跳过：results.json 已存在
[main/no_prior_drop/1:0] 跳过：results.json 已存在
[main/no_prior_drop/1:2] 跳过：results.json 已存在
[main/no_prior_drop/2:0] 跳过：results.json 已存在
[main/no_prior_drop/2:1] 跳过：results.json 已存在
[main/feat_base/0:1] 跳过：results.json 已存在
[main/feat_base/0:2] 跳过：results.json 已存在
[main/feat_base/1:0] 跳过：results.json 已存在
[main/feat_base/1:2] 跳过：results.json 已存在
[main/feat_base/2:0] 跳过：results.json 已存在
[main/feat_base/2:1] 跳过：results.json 已存在
[main/feat_base_sem/0:1] 跳过：results.json 已存在
[main/feat_base_sem/0:2] 跳过：results.json 已存在
[main/feat_base_sem/1:0] 跳过：results.json 已存在
[main/feat_base_sem/1:2] 跳过：results.json 已存在
[main/feat_base_sem/2:0] 跳过：results.json 已存在
[main/feat_base_sem/2:1] 跳过：results.json 已存在
[main/hid256/0:1] 跳过：results.json 已存在
[main/hid256/0:2] 跳过：results.json 已存在
[main/hid256/1:0] 跳过：results.json 已存在
[main/hid256/1:2] 跳过：results.json 已存在
[main/hid256/2:0] 跳过：results.json 已存在
[main/hid256/2:1] 跳过：results.json 已存在
[main/numbases1/0:1] 跳过：results.json 已存在
[main/numbases1/0:2] 跳过：results.json 已存在
[main/numbases1/1:0] 跳过：results.json 已存在
[main/numbases1/1:2] 跳过：results.json 已存在
[main/numbases1/2:0] 跳过：results.json 已存在
[main/numbases1/2:1] 跳过：results.json 已存在
[main/numbases3/0:1] 跳过：results.json 已存在
[main/numbases3/0:2] 跳过：results.json 已存在
[main/numbases3/1:0] 跳过：results.json 已存在
[main/numbases3/1:2] 跳过：results.json 已存在
[main/numbases3/2:0] 跳过：results.json 已存在
[main/numbases3/2:1] 跳过：results.json 已存在
[main/numbases4/0:1] 跳过：results.json 已存在
[main/numbases4/0:2] 跳过：results.json 已存在
[main/numbases4/1:0] 跳过：results.json 已存在
[main/numbases4/1:2] 跳过：results.json 已存在
[main/numbases4/2:0] 跳过：results.json 已存在
[main/numbases4/2:1] 跳过：results.json 已存在
[main/dropedge02/0:1] 跳过：results.json 已存在
[main/dropedge02/0:2] 跳过：results.json 已存在
[main/dropedge02/1:0] 跳过：results.json 已存在
[main/dropedge02/1:2] 跳过：results.json 已存在
[main/dropedge02/2:0] 跳过：results.json 已存在
[main/dropedge02/2:1] 跳过：results.json 已存在
[main/layers1/0:1] 跳过：results.json 已存在
[main/layers1/0:2] 跳过：results.json 已存在
[main/layers1/1:0] 跳过：results.json 已存在
[main/layers1/1:2] 跳过：results.json 已存在
[main/layers1/2:0] 跳过：results.json 已存在
[main/layers1/2:1] 跳过：results.json 已存在
[main/layers3/0:1] 跳过：results.json 已存在
[main/layers3/0:2] 跳过：results.json 已存在
[main/layers3/1:0] 跳过：results.json 已存在
[main/layers3/1:2] 跳过：results.json 已存在
[main/layers3/2:0] 跳过：results.json 已存在
[main/layers3/2:1] 跳过：results.json 已存在
[main/cb_unlimited/0:1] 跳过：results.json 已存在
[main/cb_unlimited/0:2] 跳过：results.json 已存在
[main/cb_unlimited/1:0] 跳过：results.json 已存在
[main/cb_unlimited/1:2] 跳过：results.json 已存在
[main/cb_unlimited/2:0] 跳过：results.json 已存在
[main/cb_unlimited/2:1] 跳过：results.json 已存在
[main/cb_rev/0:1] 跳过：results.json 已存在
[main/cb_rev/0:2] 跳过：results.json 已存在
[main/cb_rev/1:0] 跳过：results.json 已存在
[main/cb_rev/1:2] 跳过：results.json 已存在
[main/cb_rev/2:0] 跳过：results.json 已存在
[main/cb_rev/2:1] 跳过：results.json 已存在
[main/cb_frozen/0:1] 跳过：results.json 已存在
[main/cb_frozen/0:2] 跳过：results.json 已存在
[main/cb_frozen/1:0] 跳过：results.json 已存在
[main/cb_frozen/1:2] 跳过：results.json 已存在
[main/cb_frozen/2:0] 跳过：results.json 已存在
[main/cb_frozen/2:1] 跳过：results.json 已存在
[main/lvar_dose_0.01/0:0] 跳过：results.json 已存在
[main/lvar_dose_0.01/0:1] 跳过：results.json 已存在
[main/lvar_dose_0.01/0:2] 跳过：results.json 已存在
[main/lvar_dose_0.01/1:0] 跳过：results.json 已存在
[main/lvar_dose_0.01/1:1] 跳过：results.json 已存在
[main/lvar_dose_0.01/1:2] 跳过：results.json 已存在
[main/lvar_dose_0.01/2:0] 跳过：results.json 已存在
[main/lvar_dose_0.01/2:1] 跳过：results.json 已存在
[main/lvar_dose_0.01/2:2] 跳过：results.json 已存在
[main/lvar_dose_0.1/0:0] 跳过：results.json 已存在
[main/lvar_dose_0.1/0:1] 跳过：results.json 已存在
[main/lvar_dose_0.1/0:2] 跳过：results.json 已存在
[main/lvar_dose_0.1/1:0] 跳过：results.json 已存在
[main/lvar_dose_0.1/1:1] 跳过：results.json 已存在
[main/lvar_dose_0.1/1:2] 跳过：results.json 已存在
[main/lvar_dose_0.1/2:0] 跳过：results.json 已存在
[main/lvar_dose_0.1/2:1] 跳过：results.json 已存在
[main/lvar_dose_0.1/2:2] 跳过：results.json 已存在
[main/lvar_dose_1.0/0:0] 跳过：results.json 已存在
[main/lvar_dose_1.0/0:1] 跳过：results.json 已存在
[main/lvar_dose_1.0/0:2] 跳过：results.json 已存在
[main/lvar_dose_1.0/1:0] 跳过：results.json 已存在
[main/lvar_dose_1.0/1:1] 跳过：results.json 已存在
[main/lvar_dose_1.0/1:2] 跳过：results.json 已存在
[main/lvar_dose_1.0/2:0] 跳过：results.json 已存在
[main/lvar_dose_1.0/2:1] 跳过：results.json 已存在
[main/lvar_dose_1.0/2:2] 跳过：results.json 已存在
[main/conv_gcn/0:0] 跳过：results.json 已存在
[main/conv_gcn/0:1] 跳过：results.json 已存在
[main/conv_gcn/0:2] 跳过：results.json 已存在
[main/conv_gcn/1:0] 跳过：results.json 已存在
[main/conv_gcn/1:1] 跳过：results.json 已存在
[main/conv_gcn/1:2] 跳过：results.json 已存在
[main/conv_gcn/2:0] 跳过：results.json 已存在
[main/conv_gcn/2:1] 跳过：results.json 已存在
[main/conv_gcn/2:2] 跳过：results.json 已存在
[main/conv_gat/0:0] ✓   16.7s  GAT（关系盲）
[main/conv_gat/0:1] ✓   32.6s  GAT（关系盲）
[main/conv_gat/0:2] ✓   49.9s  GAT（关系盲）
[main/conv_gat/1:0] ✓   65.4s  GAT（关系盲）
[main/conv_gat/1:1] ✓   88.8s  GAT（关系盲）
[main/conv_gat/1:2] ✓  105.4s  GAT（关系盲）
[main/conv_gat/2:0] ✓  121.0s  GAT（关系盲）
[main/conv_gat/2:1] ✓  134.9s  GAT（关系盲）
[main/conv_gat/2:2] ✓  148.9s  GAT（关系盲）
[main/conv_sage/0:0] ✓  166.4s  GraphSAGE（关系盲）
[main/conv_sage/0:1] ✓  183.4s  GraphSAGE（关系盲）
[main/conv_sage/0:2] ✓  202.3s  GraphSAGE（关系盲）
[main/conv_sage/1:0] ✓  219.2s  GraphSAGE（关系盲）
[main/conv_sage/1:1] ✓  238.1s  GraphSAGE（关系盲）
[main/conv_sage/1:2] ✓  255.7s  GraphSAGE（关系盲）
[main/conv_sage/2:0] ✓  275.1s  GraphSAGE（关系盲）
[main/conv_sage/2:1] ✓  290.2s  GraphSAGE（关系盲）
[main/conv_sage/2:2] ✓  308.2s  GraphSAGE（关系盲）
[main/hid256_pm/0:0] ✓  331.1s  hid256 的同参数量版（423,762 = 正典 1.021×；**变量 = 宽度 128→256 + 基 5→1**，深度不变）
[main/hid256_pm/0:1] ✓  352.3s  hid256 的同参数量版（423,762 = 正典 1.021×；**变量 = 宽度 128→256 + 基 5→1**，深度不变）
[main/hid256_pm/0:2] ✓  373.8s  hid256 的同参数量版（423,762 = 正典 1.021×；**变量 = 宽度 128→256 + 基 5→1**，深度不变）
[main/hid256_pm/1:0] ✓  391.9s  hid256 的同参数量版（423,762 = 正典 1.021×；**变量 = 宽度 128→256 + 基 5→1**，深度不变）
[main/hid256_pm/1:1] ✓  410.8s  hid256 的同参数量版（423,762 = 正典 1.021×；**变量 = 宽度 128→256 + 基 5→1**，深度不变）
[main/hid256_pm/1:2] ✓  433.6s  hid256 的同参数量版（423,762 = 正典 1.021×；**变量 = 宽度 128→256 + 基 5→1**，深度不变）
[main/hid256_pm/2:0] ✓  458.2s  hid256 的同参数量版（423,762 = 正典 1.021×；**变量 = 宽度 128→256 + 基 5→1**，深度不变）
[main/hid256_pm/2:1] ✓  479.5s  hid256 的同参数量版（423,762 = 正典 1.021×；**变量 = 宽度 128→256 + 基 5→1**，深度不变）
[main/hid256_pm/2:2] ✓  498.8s  hid256 的同参数量版（423,762 = 正典 1.021×；**变量 = 宽度 128→256 + 基 5→1**，深度不变）
[main/gcn_pm/0:0] ✓  519.2s  GCN 参数量匹配（hid=366 → 415,318 ≈ 正典；**变量 = 算子 + 宽度**）
[main/gcn_pm/0:1] ✓  545.6s  GCN 参数量匹配（hid=366 → 415,318 ≈ 正典；**变量 = 算子 + 宽度**）
[main/gcn_pm/0:2] ✓  564.0s  GCN 参数量匹配（hid=366 → 415,318 ≈ 正典；**变量 = 算子 + 宽度**）
[main/gcn_pm/1:0] ✓  586.3s  GCN 参数量匹配（hid=366 → 415,318 ≈ 正典；**变量 = 算子 + 宽度**）
[main/gcn_pm/1:1] ✓  608.4s  GCN 参数量匹配（hid=366 → 415,318 ≈ 正典；**变量 = 算子 + 宽度**）
[main/gcn_pm/1:2] ✓  622.9s  GCN 参数量匹配（hid=366 → 415,318 ≈ 正典；**变量 = 算子 + 宽度**）
[main/gcn_pm/2:0] ✓  647.6s  GCN 参数量匹配（hid=366 → 415,318 ≈ 正典；**变量 = 算子 + 宽度**）
[main/gcn_pm/2:1] ✓  669.1s  GCN 参数量匹配（hid=366 → 415,318 ≈ 正典；**变量 = 算子 + 宽度**）
[main/gcn_pm/2:2] ✓  687.9s  GCN 参数量匹配（hid=366 → 415,318 ≈ 正典；**变量 = 算子 + 宽度**）
[main/gat_pm/0:0] ✓  704.3s  GAT 参数量匹配（hid=364 → 414,924 ≈ 正典；**变量 = 算子 + 宽度**）
[main/gat_pm/0:1] ✓  717.4s  GAT 参数量匹配（hid=364 → 414,924 ≈ 正典；**变量 = 算子 + 宽度**）
[main/gat_pm/0:2] ✓  734.2s  GAT 参数量匹配（hid=364 → 414,924 ≈ 正典；**变量 = 算子 + 宽度**）
[main/gat_pm/1:0] ✓  750.3s  GAT 参数量匹配（hid=364 → 414,924 ≈ 正典；**变量 = 算子 + 宽度**）
[main/gat_pm/1:1] ✓  764.2s  GAT 参数量匹配（hid=364 → 414,924 ≈ 正典；**变量 = 算子 + 宽度**）
[main/gat_pm/1:2] ✓  777.1s  GAT 参数量匹配（hid=364 → 414,924 ≈ 正典；**变量 = 算子 + 宽度**）
[main/gat_pm/2:0] ✓  791.1s  GAT 参数量匹配（hid=364 → 414,924 ≈ 正典；**变量 = 算子 + 宽度**）
[main/gat_pm/2:1] ✓  804.8s  GAT 参数量匹配（hid=364 → 414,924 ≈ 正典；**变量 = 算子 + 宽度**）
[main/gat_pm/2:2] ✓  817.2s  GAT 参数量匹配（hid=364 → 414,924 ≈ 正典；**变量 = 算子 + 宽度**）
[main/sage_pm/0:0] ✓  832.4s  SAGE 参数量匹配（hid=250 → 415,742 ≈ 正典；**变量 = 算子 + 宽度**）
[main/sage_pm/0:1] ✓  846.4s  SAGE 参数量匹配（hid=250 → 415,742 ≈ 正典；**变量 = 算子 + 宽度**）
[main/sage_pm/0:2] ✓  860.0s  SAGE 参数量匹配（hid=250 → 415,742 ≈ 正典；**变量 = 算子 + 宽度**）
[main/sage_pm/1:0] ✓  875.5s  SAGE 参数量匹配（hid=250 → 415,742 ≈ 正典；**变量 = 算子 + 宽度**）
[main/sage_pm/1:1] ✓  888.8s  SAGE 参数量匹配（hid=250 → 415,742 ≈ 正典；**变量 = 算子 + 宽度**）
[main/sage_pm/1:2] ✓  902.5s  SAGE 参数量匹配（hid=250 → 415,742 ≈ 正典；**变量 = 算子 + 宽度**）
[main/sage_pm/2:0] ✓  920.3s  SAGE 参数量匹配（hid=250 → 415,742 ≈ 正典；**变量 = 算子 + 宽度**）
[main/sage_pm/2:1] ✓  933.3s  SAGE 参数量匹配（hid=250 → 415,742 ≈ 正典；**变量 = 算子 + 宽度**）
[main/sage_pm/2:2] ✓  947.1s  SAGE 参数量匹配（hid=250 → 415,742 ≈ 正典；**变量 = 算子 + 宽度**）

[n9] 结束：新跑 54 个 run，wall 15.8 min，失败 0
[n9] 下一步：python scripts/collect_ablation_n9.py --group both
epoch   0 loss 0.9707 clss 0.9706 var 0.0767 sc_mean 0.5163 sc_std 0.0233 val_micro 0.3696 val_macro 0.3234 lr 1.00e-04 0.5s
epoch   1 loss 0.8315 clss 0.8314 var 0.0484 sc_mean 0.6304 sc_std 0.0516 val_micro 0.6667 val_macro 0.4170 lr 1.00e-04 0.2s
epoch   2 loss 0.6609 clss 0.6609 var 0.0278 sc_mean 0.7651 sc_std 0.0728 val_micro 0.7027 val_macro 0.4328 lr 1.00e-04 0.2s
epoch   3 loss 0.4921 clss 0.4921 var 0.0220 sc_mean 0.8356 sc_std 0.0792 val_micro 0.7895 val_macro 0.4698 lr 1.00e-04 0.2s
epoch   4 loss 0.3694 clss 0.3694 var 0.0173 sc_mean 0.8562 sc_std 0.0841 val_micro 0.8108 val_macro 0.4889 lr 1.00e-04 0.2s
epoch   5 loss 0.2764 clss 0.2764 var 0.0114 sc_mean 0.8447 sc_std 0.0954 val_micro 0.8108 val_macro 0.4889 lr 1.00e-04 0.2s
epoch   6 loss 0.2168 clss 0.2168 var 0.0064 sc_mean 0.7939 sc_std 0.1200 val_micro 0.8500 val_macro 0.5250 lr 1.00e-04 0.2s
epoch   7 loss 0.1897 clss 0.1897 var 0.0034 sc_mean 0.7010 sc_std 0.1492 val_micro 0.8780 val_macro 0.5536 lr 1.00e-04 0.2s
epoch   8 loss 0.1519 clss 0.1519 var 0.0032 sc_mean 0.5862 sc_std 0.1700 val_micro 0.8780 val_macro 0.5536 lr 1.00e-04 0.2s
epoch   9 loss 0.1352 clss 0.1352 var 0.0025 sc_mean 0.5052 sc_std 0.1777 val_micro 0.9048 val_macro 0.5630 lr 1.00e-04 0.2s
epoch  10 loss 0.1145 clss 0.1145 var 0.0029 sc_mean 0.4291 sc_std 0.1836 val_micro 0.9091 val_macro 0.6984 lr 1.00e-04 0.2s
epoch  11 loss 0.1114 clss 0.1114 var 0.0038 sc_mean 0.4421 sc_std 0.1857 val_micro 0.9091 val_macro 0.6984 lr 1.00e-04 0.2s
epoch  12 loss 0.0958 clss 0.0958 var 0.0030 sc_mean 0.3783 sc_std 0.1845 val_micro 0.9302 val_macro 0.7059 lr 1.00e-04 0.2s
epoch  13 loss 0.0826 clss 0.0826 var 0.0030 sc_mean 0.2746 sc_std 0.1713 val_micro 0.9302 val_macro 0.7059 lr 1.00e-04 0.2s
epoch  14 loss 0.0725 clss 0.0725 var 0.0025 sc_mean 0.2408 sc_std 0.1668 val_micro 0.9302 val_macro 0.7059 lr 1.00e-04 0.2s
epoch  15 loss 0.0653 clss 0.0653 var 0.0028 sc_mean 0.2773 sc_std 0.1801 val_micro 0.9302 val_macro 0.7059 lr 1.00e-04 0.2s
epoch  16 loss 0.0590 clss 0.0590 var 0.0025 sc_mean 0.2626 sc_std 0.1812 val_micro 0.9333 val_macro 0.8413 lr 1.00e-04 0.2s
epoch  17 loss 0.0547 clss 0.0547 var 0.0032 sc_mean 0.1997 sc_std 0.1624 val_micro 0.9333 val_macro 0.8413 lr 1.00e-04 0.2s
epoch  18 loss 0.0495 clss 0.0495 var 0.0025 sc_mean 0.2261 sc_std 0.1774 val_micro 0.9565 val_macro 0.9841 lr 1.00e-04 0.2s
epoch  19 loss 0.0423 clss 0.0423 var 0.0040 sc_mean 0.2134 sc_std 0.1720 val_micro 0.9565 val_macro 0.9841 lr 1.00e-04 0.2s
epoch  20 loss 0.0369 clss 0.0369 var 0.0046 sc_mean 0.1809 sc_std 0.1655 val_micro 0.9778 val_macro 0.9916 lr 1.00e-04 0.2s
epoch  21 loss 0.0333 clss 0.0333 var 0.0044 sc_mean 0.1571 sc_std 0.1557 val_micro 0.9778 val_macro 0.9916 lr 1.00e-04 0.2s
epoch  22 loss 0.0286 clss 0.0286 var 0.0037 sc_mean 0.1942 sc_std 0.1703 val_micro 0.9778 val_macro 0.9916 lr 1.00e-04 0.2s
epoch  23 loss 0.0268 clss 0.0268 var 0.0036 sc_mean 0.1729 sc_std 0.1651 val_micro 0.9778 val_macro 0.9916 lr 1.00e-04 0.2s
epoch  24 loss 0.0238 clss 0.0238 var 0.0038 sc_mean 0.1901 sc_std 0.1733 val_micro 0.9778 val_macro 0.9916 lr 5.00e-05 0.2s
epoch  25 loss 0.0203 clss 0.0203 var 0.0031 sc_mean 0.2132 sc_std 0.1842 val_micro 0.9778 val_macro 0.9916 lr 5.00e-05 0.2s
early stop at epoch 25（连续 5 epoch val micro-F1 不提升）
done seed0 (split_seed0): best val micro-F1=0.9778 @ epoch; wall=6.8s train=4.7s graphs/s=1993.93 → runs/baseline_gcn/seed0
[evaluate] 标签来源：file=/home/saumarez/projects/deep-learning/SSM-HG/alldata(readonly)/contract_labels.json key_mode=project
seed0 (split_seed0): test micro-F1 0.5=0.9268 / val_thr(0.3)=0.8333；macro 0.5=0.9143；mAP=0.9460 (classes used 7)
epoch   0 loss 0.9572 clss 0.9572 var 0.0794 sc_mean 0.5102 sc_std 0.0206 val_micro 0.5000 val_macro 0.3757 lr 1.00e-04 0.5s
epoch   1 loss 0.8390 clss 0.8389 var 0.0629 sc_mean 0.5011 sc_std 0.0371 val_micro 0.6667 val_macro 0.3571 lr 1.00e-04 0.4s
epoch   2 loss 0.6418 clss 0.6418 var 0.0391 sc_mean 0.5269 sc_std 0.0612 val_micro 0.8182 val_macro 0.4925 lr 1.00e-04 0.3s
epoch   3 loss 0.4607 clss 0.4607 var 0.0180 sc_mean 0.6043 sc_std 0.0833 val_micro 0.8571 val_macro 0.5223 lr 1.00e-04 0.2s
epoch   4 loss 0.3427 clss 0.3427 var 0.0096 sc_mean 0.6820 sc_std 0.0981 val_micro 0.8293 val_macro 0.5095 lr 1.00e-04 0.2s
epoch   5 loss 0.2503 clss 0.2502 var 0.0066 sc_mean 0.7177 sc_std 0.1095 val_micro 0.8372 val_macro 0.4986 lr 1.00e-04 0.2s
epoch   6 loss 0.1783 clss 0.1783 var 0.0054 sc_mean 0.7008 sc_std 0.1214 val_micro 0.8571 val_macro 0.6524 lr 1.00e-04 0.2s
epoch   7 loss 0.1430 clss 0.1430 var 0.0045 sc_mean 0.6098 sc_std 0.1373 val_micro 0.8837 val_macro 0.6619 lr 1.00e-04 0.2s
epoch   8 loss 0.1224 clss 0.1224 var 0.0034 sc_mean 0.5551 sc_std 0.1499 val_micro 0.8837 val_macro 0.6619 lr 1.00e-04 0.2s
epoch   9 loss 0.1016 clss 0.1016 var 0.0031 sc_mean 0.5195 sc_std 0.1597 val_micro 0.9048 val_macro 0.6727 lr 1.00e-04 0.2s
epoch  10 loss 0.0961 clss 0.0961 var 0.0031 sc_mean 0.5318 sc_std 0.1642 val_micro 0.9048 val_macro 0.6727 lr 1.00e-04 0.2s
epoch  11 loss 0.0849 clss 0.0849 var 0.0029 sc_mean 0.4489 sc_std 0.1709 val_micro 0.9048 val_macro 0.6727 lr 1.00e-04 0.2s
epoch  12 loss 0.0798 clss 0.0798 var 0.0024 sc_mean 0.3947 sc_std 0.1768 val_micro 0.9048 val_macro 0.6727 lr 1.00e-04 0.2s
epoch  13 loss 0.0704 clss 0.0704 var 0.0021 sc_mean 0.3941 sc_std 0.1816 val_micro 0.9048 val_macro 0.6727 lr 5.00e-05 0.2s
epoch  14 loss 0.0630 clss 0.0630 var 0.0024 sc_mean 0.3613 sc_std 0.1790 val_micro 0.9048 val_macro 0.6727 lr 5.00e-05 0.2s
early stop at epoch 14（连续 5 epoch val micro-F1 不提升）
done seed1 (split_seed1): best val micro-F1=0.9048 @ epoch; wall=4.8s train=3.2s graphs/s=1723.51 → runs/baseline_gcn/seed1
[evaluate] 标签来源：file=/home/saumarez/projects/deep-learning/SSM-HG/alldata(readonly)/contract_labels.json key_mode=project
seed1 (split_seed1): test micro-F1 0.5=0.7692 / val_thr(0.65)=0.7692；macro 0.5=0.4891；mAP=0.8578 (classes used 7)
epoch   0 loss 0.9738 clss 0.9738 var 0.0689 sc_mean 0.5502 sc_std 0.0311 val_micro 0.6667 val_macro 0.5293 lr 1.00e-04 0.4s
epoch   1 loss 0.8041 clss 0.8041 var 0.0379 sc_mean 0.6488 sc_std 0.0622 val_micro 0.7059 val_macro 0.4451 lr 1.00e-04 0.2s
epoch   2 loss 0.6324 clss 0.6323 var 0.0172 sc_mean 0.7572 sc_std 0.0852 val_micro 0.7568 val_macro 0.4952 lr 1.00e-04 0.2s
epoch   3 loss 0.4723 clss 0.4723 var 0.0109 sc_mean 0.8162 sc_std 0.0959 val_micro 0.7778 val_macro 0.5020 lr 1.00e-04 0.2s
epoch   4 loss 0.3502 clss 0.3501 var 0.0076 sc_mean 0.8064 sc_std 0.1118 val_micro 0.7500 val_macro 0.4952 lr 1.00e-04 0.2s
epoch   5 loss 0.2724 clss 0.2724 var 0.0067 sc_mean 0.7399 sc_std 0.1365 val_micro 0.7568 val_macro 0.4643 lr 1.00e-04 0.2s
epoch   6 loss 0.2149 clss 0.2149 var 0.0036 sc_mean 0.6681 sc_std 0.1633 val_micro 0.7895 val_macro 0.5071 lr 1.00e-04 0.2s
epoch   7 loss 0.1585 clss 0.1585 var 0.0031 sc_mean 0.5540 sc_std 0.1799 val_micro 0.7895 val_macro 0.5071 lr 1.00e-04 0.2s
epoch   8 loss 0.1378 clss 0.1378 var 0.0032 sc_mean 0.5375 sc_std 0.1870 val_micro 0.8108 val_macro 0.5143 lr 1.00e-04 0.2s
epoch   9 loss 0.1069 clss 0.1069 var 0.0023 sc_mean 0.5192 sc_std 0.1964 val_micro 0.8108 val_macro 0.5143 lr 1.00e-04 0.2s
epoch  10 loss 0.0984 clss 0.0984 var 0.0020 sc_mean 0.4930 sc_std 0.2026 val_micro 0.8293 val_macro 0.7866 lr 1.00e-04 0.2s
epoch  11 loss 0.0781 clss 0.0781 var 0.0012 sc_mean 0.4034 sc_std 0.2049 val_micro 0.8718 val_macro 0.8000 lr 1.00e-04 0.2s
epoch  12 loss 0.0679 clss 0.0679 var 0.0026 sc_mean 0.3007 sc_std 0.1921 val_micro 0.8718 val_macro 0.8000 lr 1.00e-04 0.2s
epoch  13 loss 0.0569 clss 0.0569 var 0.0018 sc_mean 0.3663 sc_std 0.2090 val_micro 0.8718 val_macro 0.8000 lr 1.00e-04 0.2s
epoch  14 loss 0.0520 clss 0.0520 var 0.0013 sc_mean 0.3992 sc_std 0.2220 val_micro 0.8718 val_macro 0.8000 lr 1.00e-04 0.2s
epoch  15 loss 0.0436 clss 0.0436 var 0.0018 sc_mean 0.3425 sc_std 0.2112 val_micro 0.8718 val_macro 0.8000 lr 5.00e-05 0.2s
epoch  16 loss 0.0381 clss 0.0381 var 0.0025 sc_mean 0.3022 sc_std 0.2086 val_micro 0.8718 val_macro 0.8000 lr 5.00e-05 0.2s
early stop at epoch 16（连续 5 epoch val micro-F1 不提升）
done seed2 (split_seed2): best val micro-F1=0.8718 @ epoch; wall=5.1s train=3.3s graphs/s=1880.60 → runs/baseline_gcn/seed2
[evaluate] 标签来源：file=/home/saumarez/projects/deep-learning/SSM-HG/alldata(readonly)/contract_labels.json key_mode=project
seed2 (split_seed2): test micro-F1 0.5=0.8095 / val_thr(0.5)=0.8095；macro 0.5=0.5970；mAP=0.8676 (classes used 7)
summary: 3 seeds [0, 1, 2] → micro-F1(0.5) 0.835195±0.081875；micro-F1(val_thr) 0.804029±0.032403 → runs/baseline_gcn/summary.json
[diagnose] 标签来源：file=/home/saumarez/projects/deep-learning/SSM-HG/alldata(readonly)/contract_labels.json key_mode=project
seed0: 逐类诊断完成 → runs/baseline_gcn/seed0/diagnosis.json （test pos 3,2,1,1,5,2,7）
跨种子聚合 → runs/baseline_gcn/diagnosis_summary.json
[diagnose] 标签来源：file=/home/saumarez/projects/deep-learning/SSM-HG/alldata(readonly)/contract_labels.json key_mode=project
seed1: 逐类诊断完成 → runs/baseline_gcn/seed1/diagnosis.json （test pos 3,2,1,1,6,1,7）
跨种子聚合 → runs/baseline_gcn/diagnosis_summary.json
[diagnose] 标签来源：file=/home/saumarez/projects/deep-learning/SSM-HG/alldata(readonly)/contract_labels.json key_mode=project
seed2: 逐类诊断完成 → runs/baseline_gcn/seed2/diagnosis.json （test pos 3,3,1,1,5,1,7）
跨种子聚合 → runs/baseline_gcn/diagnosis_summary.json
[diagnose] 标签来源：file=/home/saumarez/projects/deep-learning/SSM-HG/alldata(readonly)/contract_labels.json key_mode=project
seed0: 逐类诊断完成 → runs/baseline_gcn/seed0/diagnosis.json （test pos 3,2,1,1,5,2,7）
[diagnose] 标签来源：file=/home/saumarez/projects/deep-learning/SSM-HG/alldata(readonly)/contract_labels.json key_mode=project
seed1: 逐类诊断完成 → runs/baseline_gcn/seed1/diagnosis.json （test pos 3,2,1,1,6,1,7）
[diagnose] 标签来源：file=/home/saumarez/projects/deep-learning/SSM-HG/alldata(readonly)/contract_labels.json key_mode=project
seed2: 逐类诊断完成 → runs/baseline_gcn/seed2/diagnosis.json （test pos 3,3,1,1,5,1,7）
跨种子聚合 → runs/baseline_gcn/diagnosis_summary.json
[support] ① train 逐类正例（seed0）= [11, 10, 4, 2, 21, 2, 35]  ← 本臂的立论依据
[support] ① test  逐类正例（seed0）= [3, 2, 1, 1, 5, 2, 7]
[labels] cls_access_control.json: 2002 条，第 0 列正例 123 个（其余列已置 0）
[labels] cls_arithmetic.json: 2002 条，第 1 列正例 138 个（其余列已置 0）
[labels] cls_dos.json: 2002 条，第 2 列正例 112 个（其余列已置 0）
[labels] cls_front_running.json: 2002 条，第 3 列正例 110 个（其余列已置 0）
[labels] cls_reentrancy.json: 2002 条，第 4 列正例 137 个（其余列已置 0）
[labels] cls_time_manipulation.json: 2002 条，第 5 列正例 128 个（其余列已置 0）
[labels] cls_uncheck.json: 2002 条，第 6 列正例 179 个（其余列已置 0）
[plan] 42 个 run（cap × 类 × 种子）；steps=['check', 'diagnose', 'eval', 'labels', 'train']
[1/42] cap20/access_control/seed0 ✅
[2/42] cap20/access_control/seed1 ✅
[3/42] cap20/access_control/seed2 ✅
[4/42] cap20/arithmetic/seed0 ✅
[5/42] cap20/arithmetic/seed1 ✅
[6/42] cap20/arithmetic/seed2 ✅
[7/42] cap20/dos/seed0 ✅
[8/42] cap20/dos/seed1 ✅
[9/42] cap20/dos/seed2 ✅
[10/42] cap20/front_running/seed0 ✅
[11/42] cap20/front_running/seed1 ✅
[12/42] cap20/front_running/seed2 ✅
[13/42] cap20/reentrancy/seed0 ✅
[14/42] cap20/reentrancy/seed1 ✅
[15/42] cap20/reentrancy/seed2 ✅
[16/42] cap20/time_manipulation/seed0 ✅
[17/42] cap20/time_manipulation/seed1 ✅
[18/42] cap20/time_manipulation/seed2 ✅
[19/42] cap20/uncheck/seed0 ✅
[20/42] cap20/uncheck/seed1 ✅
[21/42] cap20/uncheck/seed2 ✅
[22/42] cap0/access_control/seed0 ✅
[23/42] cap0/access_control/seed1 ✅
[24/42] cap0/access_control/seed2 ✅
[25/42] cap0/arithmetic/seed0 ✅
[26/42] cap0/arithmetic/seed1 ✅
[27/42] cap0/arithmetic/seed2 ✅
[28/42] cap0/dos/seed0 ✅
[29/42] cap0/dos/seed1 ✅
[30/42] cap0/dos/seed2 ✅
[31/42] cap0/front_running/seed0 ✅
[32/42] cap0/front_running/seed1 ✅
[33/42] cap0/front_running/seed2 ✅
[34/42] cap0/reentrancy/seed0 ✅
[35/42] cap0/reentrancy/seed1 ✅
[36/42] cap0/reentrancy/seed2 ✅
[37/42] cap0/time_manipulation/seed0 ✅
[38/42] cap0/time_manipulation/seed1 ✅
[39/42] cap0/time_manipulation/seed2 ✅
[40/42] cap0/uncheck/seed0 ✅
[41/42] cap0/uncheck/seed1 ✅
[42/42] cap0/uncheck/seed2 ✅
  ✅ cap20/access_control/seed0: 头宽 1，test 正例 3（该类 support 3，全类并集 21）
  ✅ cap20/arithmetic/seed0: 头宽 1，test 正例 2（该类 support 2，全类并集 21）
  ✅ cap20/dos/seed0: 头宽 1，test 正例 1（该类 support 1，全类并集 21）
  ✅ cap20/front_running/seed0: 头宽 1，test 正例 1（该类 support 1，全类并集 21）
  ✅ cap20/reentrancy/seed0: 头宽 1，test 正例 5（该类 support 5，全类并集 21）
  ✅ cap20/time_manipulation/seed0: 头宽 1，test 正例 2（该类 support 2，全类并集 21）
  ✅ cap20/uncheck/seed0: 头宽 1，test 正例 7（该类 support 7，全类并集 21）
  ✅ cap20/access_control/seed1: 头宽 1，test 正例 3（该类 support 3，全类并集 20）
  ✅ cap20/arithmetic/seed1: 头宽 1，test 正例 2（该类 support 2，全类并集 20）
  ✅ cap20/dos/seed1: 头宽 1，test 正例 1（该类 support 1，全类并集 20）
  ✅ cap20/front_running/seed1: 头宽 1，test 正例 1（该类 support 1，全类并集 20）
  ✅ cap20/reentrancy/seed1: 头宽 1，test 正例 6（该类 support 6，全类并集 20）
  ✅ cap20/time_manipulation/seed1: 头宽 1，test 正例 1（该类 support 1，全类并集 20）
  ✅ cap20/uncheck/seed1: 头宽 1，test 正例 7（该类 support 7，全类并集 20）
  ✅ cap20/access_control/seed2: 头宽 1，test 正例 3（该类 support 3，全类并集 21）
  ✅ cap20/arithmetic/seed2: 头宽 1，test 正例 3（该类 support 3，全类并集 21）
  ✅ cap20/dos/seed2: 头宽 1，test 正例 1（该类 support 1，全类并集 21）
  ✅ cap20/front_running/seed2: 头宽 1，test 正例 1（该类 support 1，全类并集 21）
  ✅ cap20/reentrancy/seed2: 头宽 1，test 正例 5（该类 support 5，全类并集 21）
  ✅ cap20/time_manipulation/seed2: 头宽 1，test 正例 1（该类 support 1，全类并集 21）
  ✅ cap20/uncheck/seed2: 头宽 1，test 正例 7（该类 support 7，全类并集 21）
✅ 全部产物通过：标签塌缩确实是逐类的，不是 any 并集
  ✅ cap0/access_control/seed0: 头宽 1，test 正例 3（该类 support 3，全类并集 21）
  ✅ cap0/arithmetic/seed0: 头宽 1，test 正例 2（该类 support 2，全类并集 21）
  ✅ cap0/dos/seed0: 头宽 1，test 正例 1（该类 support 1，全类并集 21）
  ✅ cap0/front_running/seed0: 头宽 1，test 正例 1（该类 support 1，全类并集 21）
  ✅ cap0/reentrancy/seed0: 头宽 1，test 正例 5（该类 support 5，全类并集 21）
  ✅ cap0/time_manipulation/seed0: 头宽 1，test 正例 2（该类 support 2，全类并集 21）
  ✅ cap0/uncheck/seed0: 头宽 1，test 正例 7（该类 support 7，全类并集 21）
  ✅ cap0/access_control/seed1: 头宽 1，test 正例 3（该类 support 3，全类并集 20）
  ✅ cap0/arithmetic/seed1: 头宽 1，test 正例 2（该类 support 2，全类并集 20）
  ✅ cap0/dos/seed1: 头宽 1，test 正例 1（该类 support 1，全类并集 20）
  ✅ cap0/front_running/seed1: 头宽 1，test 正例 1（该类 support 1，全类并集 20）
  ✅ cap0/reentrancy/seed1: 头宽 1，test 正例 6（该类 support 6，全类并集 20）
  ✅ cap0/time_manipulation/seed1: 头宽 1，test 正例 1（该类 support 1，全类并集 20）
  ✅ cap0/uncheck/seed1: 头宽 1，test 正例 7（该类 support 7，全类并集 20）
  ✅ cap0/access_control/seed2: 头宽 1，test 正例 3（该类 support 3，全类并集 21）
  ✅ cap0/arithmetic/seed2: 头宽 1，test 正例 3（该类 support 3，全类并集 21）
  ✅ cap0/dos/seed2: 头宽 1，test 正例 1（该类 support 1，全类并集 21）
  ✅ cap0/front_running/seed2: 头宽 1，test 正例 1（该类 support 1，全类并集 21）
  ✅ cap0/reentrancy/seed2: 头宽 1，test 正例 5（该类 support 5，全类并集 21）
  ✅ cap0/time_manipulation/seed2: 头宽 1，test 正例 1（该类 support 1，全类并集 21）
  ✅ cap0/uncheck/seed2: 头宽 1，test 正例 7（该类 support 7，全类并集 21）
✅ 全部产物通过：标签塌缩确实是逐类的，不是 any 并集
summary: 3 seeds [0, 1, 2] → micro-F1(0.5) 0.812931±0.014929；micro-F1(val_thr) 0.819241±0.018637 → runs/summary.json
usage: diagnose.py [-h] [--seed SEED] [--batch-size BATCH_SIZE]
                   [--graph-dir GRAPH_DIR] [--split-dir SPLIT_DIR]
                   [--runs-dir RUNS_DIR] [--label-file LABEL_FILE]
                   [--label-key-mode {project,stem}]
diagnose.py: error: unrecognized arguments: --summarize
