[ft] 语料=alldata  输出=runs/codebert_ft_buggy_p2/ss0
[ft] split_seed0  train=398 val=50 test=49（已断言 train ∩ val∪test = ∅）
[ft] 训练序列 9881 条（合约均 24.8 个函数）
[ft] epoch 1: loss=2.0622 val_macro_f1=0.8616 lr=2.00e-05 (159.9s)
[ft] epoch 2: loss=0.6264 val_macro_f1=0.9052 lr=2.00e-05 (322.3s)
[ft] epoch 3: loss=0.3844 val_macro_f1=0.8853 lr=2.00e-05 (485.3s)
[ft] epoch 4: loss=0.2395 val_macro_f1=0.8787 lr=1.00e-05 (647.3s)
[ft] epoch 5: loss=0.1613 val_macro_f1=0.9154 lr=1.00e-05 (806.1s)
[ft] epoch 6: loss=0.0948 val_macro_f1=0.9141 lr=1.00e-05 (963.1s)
[ft] epoch 7: loss=0.0892 val_macro_f1=0.9430 lr=1.00e-05 (1119.9s)
[ft] epoch 8: loss=0.0534 val_macro_f1=0.9206 lr=1.00e-05 (1281.2s)
[ft] epoch 9: loss=0.0342 val_macro_f1=0.9419 lr=5.00e-06 (1435.3s)
[ft] epoch 10: loss=0.0266 val_macro_f1=0.9316 lr=5.00e-06 (1588.8s)
[ft] epoch 11: loss=0.0166 val_macro_f1=0.9191 lr=2.50e-06 (1741.3s)
[ft] val macro-F1 连续 4 个 epoch 未提升，早停于 epoch 11
[ft] 完成：best epoch 7 val_macro_f1=0.9430 → runs/codebert_ft_buggy_p2/ss0/encoder
[ft] 语料=alldata  输出=runs/codebert_ft_buggy_p2/ss1
[ft] split_seed1  train=398 val=50 test=49（已断言 train ∩ val∪test = ∅）
[ft] 训练序列 9567 条（合约均 24.0 个函数）
[ft] epoch 1: loss=2.1454 val_macro_f1=0.6216 lr=2.00e-05 (146.1s)
[ft] epoch 2: loss=0.6194 val_macro_f1=0.7971 lr=2.00e-05 (294.1s)
[ft] epoch 3: loss=0.4352 val_macro_f1=0.8503 lr=2.00e-05 (442.1s)
[ft] epoch 4: loss=0.3045 val_macro_f1=0.8718 lr=2.00e-05 (591.5s)
[ft] epoch 5: loss=0.2679 val_macro_f1=0.8834 lr=2.00e-05 (739.7s)
[ft] epoch 6: loss=0.1565 val_macro_f1=0.9409 lr=2.00e-05 (889.1s)
[ft] epoch 7: loss=0.1250 val_macro_f1=0.9671 lr=2.00e-05 (1036.6s)
[ft] epoch 8: loss=0.0701 val_macro_f1=0.9671 lr=2.00e-05 (1183.5s)
[ft] epoch 9: loss=0.0420 val_macro_f1=0.9671 lr=1.00e-05 (1329.5s)
[ft] epoch 10: loss=0.0279 val_macro_f1=0.9783 lr=1.00e-05 (1475.2s)
[ft] epoch 11: loss=0.0107 val_macro_f1=0.9830 lr=1.00e-05 (1622.7s)
[ft] epoch 12: loss=0.0144 val_macro_f1=0.9659 lr=1.00e-05 (1769.4s)
[ft] epoch 13: loss=0.0115 val_macro_f1=0.9754 lr=5.00e-06 (1917.1s)
[ft] epoch 14: loss=0.0081 val_macro_f1=0.9708 lr=5.00e-06 (2062.5s)
[ft] epoch 15: loss=0.0057 val_macro_f1=0.9754 lr=2.50e-06 (2209.1s)
[ft] val macro-F1 连续 4 个 epoch 未提升，早停于 epoch 15
[ft] 完成：best epoch 11 val_macro_f1=0.9830 → runs/codebert_ft_buggy_p2/ss1/encoder
[ft] 语料=alldata  输出=runs/codebert_ft_buggy_p2/ss2
[ft] split_seed2  train=398 val=50 test=49（已断言 train ∩ val∪test = ∅）
[ft] 训练序列 9731 条（合约均 24.4 个函数）
[ft] epoch 1: loss=2.7030 val_macro_f1=0.4561 lr=2.00e-05 (149.4s)
[ft] epoch 2: loss=0.8683 val_macro_f1=0.7102 lr=2.00e-05 (299.6s)
[ft] epoch 3: loss=0.5227 val_macro_f1=0.8038 lr=2.00e-05 (450.5s)
[ft] epoch 4: loss=0.4129 val_macro_f1=0.9143 lr=2.00e-05 (600.9s)
[ft] epoch 5: loss=0.3318 val_macro_f1=0.9475 lr=2.00e-05 (750.6s)
[ft] epoch 6: loss=0.2234 val_macro_f1=0.9417 lr=2.00e-05 (900.2s)
[ft] epoch 7: loss=0.1895 val_macro_f1=0.9603 lr=2.00e-05 (1050.3s)
[ft] epoch 8: loss=0.1621 val_macro_f1=0.9291 lr=2.00e-05 (1201.4s)
[ft] epoch 9: loss=0.1999 val_macro_f1=0.9553 lr=1.00e-05 (1351.5s)
[ft] epoch 10: loss=0.1116 val_macro_f1=0.9117 lr=1.00e-05 (1501.2s)
[ft] epoch 11: loss=0.0580 val_macro_f1=0.9610 lr=1.00e-05 (1652.7s)
[ft] epoch 12: loss=0.0369 val_macro_f1=0.9564 lr=1.00e-05 (1803.2s)
[ft] epoch 13: loss=0.0317 val_macro_f1=0.9564 lr=5.00e-06 (1953.8s)
[ft] epoch 14: loss=0.0144 val_macro_f1=0.9671 lr=5.00e-06 (2103.6s)
[ft] epoch 15: loss=0.0254 val_macro_f1=0.9481 lr=5.00e-06 (2255.1s)
[ft] epoch 16: loss=0.0141 val_macro_f1=0.9583 lr=2.50e-06 (2405.0s)
[ft] epoch 17: loss=0.0143 val_macro_f1=0.9583 lr=2.50e-06 (2554.7s)
[ft] epoch 18: loss=0.0086 val_macro_f1=0.9583 lr=1.25e-06 (2705.0s)
[ft] val macro-F1 连续 4 个 epoch 未提升，早停于 epoch 18
[ft] 完成：best epoch 14 val_macro_f1=0.9671 → runs/codebert_ft_buggy_p2/ss2/encoder

=== [0.0 min] ss0/variant ===
[variant] cb_ft_ss0 → /home/saumarez/projects/deep-learning/SSM-HG/products/alldata/graphs_ft_buggy_p2/cb_ft_ss0（编码器 runs/codebert_ft_buggy_p2/ss0/encoder）
  [M3(微调编码器)] ✓ 591.0s  [m3] device=cuda (requested=cuda)
[m3] processed 590 graph(s), 95918 node(s); schema=v2; feat_dir=/home/saumarez/projects/deep-learning/SSM-HG/products/alldata/graphs_ft_buggy_p2/cb_ft_ss0
[m3] cb cache reused for 0/590 graphs (resume OK); wrote 590 _feat.pt channel dicts (no variant files)
  [cb_ft] _feat.pt vs 正典 逐位相同（逐图，全部）：590 同 / 0 异 ✓
  [cb_ft] _cb.pt vs 正典（**全量** 590 图）：不同的有 590 个 ✓
[variant] 完成：/home/saumarez/projects/deep-learning/SSM-HG/products/alldata/graphs_ft_buggy_p2/cb_ft_ss0（用时 597.6s）

=== [10.0 min] ss1/variant ===
[variant] cb_ft_ss1 → /home/saumarez/projects/deep-learning/SSM-HG/products/alldata/graphs_ft_buggy_p2/cb_ft_ss1（编码器 runs/codebert_ft_buggy_p2/ss1/encoder）
  [M3(微调编码器)] ✓ 573.2s  [m3] device=cuda (requested=cuda)
[m3] processed 590 graph(s), 95918 node(s); schema=v2; feat_dir=/home/saumarez/projects/deep-learning/SSM-HG/products/alldata/graphs_ft_buggy_p2/cb_ft_ss1
[m3] cb cache reused for 0/590 graphs (resume OK); wrote 590 _feat.pt channel dicts (no variant files)
  [cb_ft] _feat.pt vs 正典 逐位相同（逐图，全部）：590 同 / 0 异 ✓
  [cb_ft] _cb.pt vs 正典（**全量** 590 图）：不同的有 590 个 ✓
[variant] 完成：/home/saumarez/projects/deep-learning/SSM-HG/products/alldata/graphs_ft_buggy_p2/cb_ft_ss1（用时 577.8s）

=== [19.6 min] ss2/variant ===
[variant] cb_ft_ss2 → /home/saumarez/projects/deep-learning/SSM-HG/products/alldata/graphs_ft_buggy_p2/cb_ft_ss2（编码器 runs/codebert_ft_buggy_p2/ss2/encoder）
  [M3(微调编码器)] ✓ 582.4s  [m3] device=cuda (requested=cuda)
[m3] processed 590 graph(s), 95918 node(s); schema=v2; feat_dir=/home/saumarez/projects/deep-learning/SSM-HG/products/alldata/graphs_ft_buggy_p2/cb_ft_ss2
[m3] cb cache reused for 0/590 graphs (resume OK); wrote 590 _feat.pt channel dicts (no variant files)
  [cb_ft] _feat.pt vs 正典 逐位相同（逐图，全部）：590 同 / 0 异 ✓
  [cb_ft] _cb.pt vs 正典（**全量** 590 图）：不同的有 590 个 ✓
[variant] 完成：/home/saumarez/projects/deep-learning/SSM-HG/products/alldata/graphs_ft_buggy_p2/cb_ft_ss2（用时 585.8s）

完成，用时 29.4 min → runs/buggy_canon
[ftvar] 语料 alldata（layout=buggy_p2）
        微调基座 /home/saumarez/projects/deep-learning/SSM-HG/products/alldata/graphs_ft_buggy_p2/cb_ft_ss{S}
        边变体源 /home/saumarez/projects/deep-learning/SSM-HG/products/alldata/graph_variants
        编码器   /home/saumarez/projects/deep-learning/SSM-HG/runs/codebert_ft_buggy_p2/ss{0,1,2}/encoder
        产出     /home/saumarez/projects/deep-learning/SSM-HG/products/alldata/graphs_ft_buggy_p2/graph_variants

[ftvar] cb_rev ← callback_rev：590 图，逐图分流中…
     …已分流 500/590
        ✅ 断言 1/2 通过：节点集一致、冻结 _cb.pt 逐位相同
        分流：可软链 590 图  |  须重跑 M3 0 图
        ✅ products/alldata/graphs_ft_buggy_p2/graph_variants/cb_rev_ss0  （2950 软链 / 0 实文件）
        ✅ products/alldata/graphs_ft_buggy_p2/graph_variants/cb_rev_ss1  （2950 软链 / 0 实文件）
        ✅ products/alldata/graphs_ft_buggy_p2/graph_variants/cb_rev_ss2  （2950 软链 / 0 实文件）
[ftvar] cb_unlimited ← callback_unlimited：590 图，逐图分流中…
     …已分流 500/590
        ✅ 断言 1/2 通过：节点集一致、冻结 _cb.pt 逐位相同
        分流：可软链 570 图  |  须重跑 M3 20 图
        ⚠ 这 20 张图的 `_feat.sv` 被边改动 —— 本臂的变量不止「边」，还含先验分数（已记入 variant.json）
        [M3] cb_unlimited_ss0：对 20 张图用微调编码器重跑…
        ✅ 断言 3 通过：重跑的 _cb.pt 与微调基座逐位相同
        ✅ products/alldata/graphs_ft_buggy_p2/graph_variants/cb_unlimited_ss0  （2910 软链 / 40 实文件）
        [M3] cb_unlimited_ss1：对 20 张图用微调编码器重跑…
        ✅ 断言 3 通过：重跑的 _cb.pt 与微调基座逐位相同
        ✅ products/alldata/graphs_ft_buggy_p2/graph_variants/cb_unlimited_ss1  （2910 软链 / 40 实文件）
        [M3] cb_unlimited_ss2：对 20 张图用微调编码器重跑…
        ✅ 断言 3 通过：重跑的 _cb.pt 与微调基座逐位相同
        ✅ products/alldata/graphs_ft_buggy_p2/graph_variants/cb_unlimited_ss2  （2910 软链 / 40 实文件）
[preflight] ✓ 划分 3 份、编码器 3 套、语料归属 alldata —— 全部就位

=== [0.0 min] ss0/train ===
epoch   0 loss 1.1867 clss 1.1866 var 0.0205 sc_mean 0.5478 sc_std 0.0825 val_micro 0.6723 val_macro 0.5935 lr 1.00e-04 2.7s
epoch   1 loss 0.9344 clss 0.9344 var 0.0021 sc_mean 0.6188 sc_std 0.1344 val_micro 0.8633 val_macro 0.7983 lr 1.00e-04 0.4s
epoch   2 loss 0.6538 clss 0.6538 var 0.0004 sc_mean 0.6883 sc_std 0.1809 val_micro 0.9467 val_macro 0.9475 lr 1.00e-04 0.5s
epoch   3 loss 0.4134 clss 0.4134 var 0.0003 sc_mean 0.6206 sc_std 0.2414 val_micro 0.9530 val_macro 0.9521 lr 1.00e-04 0.4s
epoch   4 loss 0.2502 clss 0.2502 var 0.0000 sc_mean 0.4640 sc_std 0.2961 val_micro 0.9605 val_macro 0.9588 lr 1.00e-04 0.4s
epoch   5 loss 0.1794 clss 0.1794 var 0.0005 sc_mean 0.3567 sc_std 0.3203 val_micro 0.9605 val_macro 0.9588 lr 1.00e-04 0.4s
epoch   6 loss 0.1249 clss 0.1249 var 0.0012 sc_mean 0.3054 sc_std 0.3272 val_micro 0.9605 val_macro 0.9588 lr 1.00e-04 0.4s
epoch   7 loss 0.0976 clss 0.0976 var 0.0004 sc_mean 0.2902 sc_std 0.3422 val_micro 0.9610 val_macro 0.9606 lr 1.00e-04 0.4s
epoch   8 loss 0.0797 clss 0.0797 var 0.0015 sc_mean 0.2418 sc_std 0.3265 val_micro 0.9615 val_macro 0.9614 lr 1.00e-04 0.5s
epoch   9 loss 0.0672 clss 0.0672 var 0.0013 sc_mean 0.2156 sc_std 0.3211 val_micro 0.9677 val_macro 0.9681 lr 1.00e-04 0.4s
epoch  10 loss 0.0648 clss 0.0648 var 0.0014 sc_mean 0.1945 sc_std 0.3088 val_micro 0.9615 val_macro 0.9614 lr 1.00e-04 0.4s
epoch  11 loss 0.0496 clss 0.0496 var 0.0013 sc_mean 0.1884 sc_std 0.3100 val_micro 0.9615 val_macro 0.9614 lr 1.00e-04 0.4s
epoch  12 loss 0.0477 clss 0.0477 var 0.0007 sc_mean 0.1978 sc_std 0.3221 val_micro 0.9677 val_macro 0.9670 lr 1.00e-04 0.4s
epoch  13 loss 0.0410 clss 0.0410 var 0.0007 sc_mean 0.1744 sc_std 0.3117 val_micro 0.9677 val_macro 0.9670 lr 5.00e-05 0.4s
epoch  14 loss 0.0377 clss 0.0377 var 0.0014 sc_mean 0.1783 sc_std 0.3074 val_micro 0.9677 val_macro 0.9670 lr 5.00e-05 0.4s
early stop at epoch 14（连续 5 epoch val micro-F1 不提升）
done seed0 (split_seed0): best val micro-F1=0.9677 @ epoch; wall=11.7s train=7.7s graphs/s=777.63 → runs/buggy_canon/seed0

=== [0.3 min] ss0/eval ===
[evaluate] 标签来源：file=/home/saumarez/projects/deep-learning/SSM-HG/alldata(readonly)/contract_labels.json key_mode=project
seed0 (split_seed0): test micro-F1 0.5=0.8615 / val_thr(0.8)=0.9091；macro 0.5=0.8481；mAP=0.9472 (classes used 7)

=== [0.3 min] ss0/diagnose ===
[diagnose] 标签来源：file=/home/saumarez/projects/deep-learning/SSM-HG/alldata(readonly)/contract_labels.json key_mode=project
seed0: 逐类诊断完成 → runs/buggy_canon/seed0/diagnosis.json （test pos 9,9,7,6,9,7,14）
跨种子聚合 → runs/buggy_canon/diagnosis_summary.json

=== [0.4 min] ss1/train ===
epoch   0 loss 1.1639 clss 1.1638 var 0.0271 sc_mean 0.4415 sc_std 0.0741 val_micro 0.6609 val_macro 0.5633 lr 1.00e-04 1.3s
epoch   1 loss 0.9774 clss 0.9774 var 0.0062 sc_mean 0.4403 sc_std 0.1159 val_micro 0.7344 val_macro 0.6719 lr 1.00e-04 0.5s
epoch   2 loss 0.7569 clss 0.7569 var 0.0016 sc_mean 0.4095 sc_std 0.1788 val_micro 0.8451 val_macro 0.8372 lr 1.00e-04 0.4s
epoch   3 loss 0.5704 clss 0.5704 var 0.0017 sc_mean 0.4249 sc_std 0.2631 val_micro 0.8531 val_macro 0.8532 lr 1.00e-04 0.4s
epoch   4 loss 0.3980 clss 0.3980 var 0.0026 sc_mean 0.3345 sc_std 0.2749 val_micro 0.8806 val_macro 0.8785 lr 1.00e-04 0.4s
epoch   5 loss 0.2606 clss 0.2606 var 0.0026 sc_mean 0.2802 sc_std 0.2784 val_micro 0.9155 val_macro 0.9188 lr 1.00e-04 0.4s
epoch   6 loss 0.1722 clss 0.1722 var 0.0024 sc_mean 0.2810 sc_std 0.2950 val_micro 0.9315 val_macro 0.9296 lr 1.00e-04 0.4s
epoch   7 loss 0.0939 clss 0.0939 var 0.0016 sc_mean 0.2306 sc_std 0.2882 val_micro 0.9220 val_macro 0.9159 lr 1.00e-04 0.4s
epoch   8 loss 0.0608 clss 0.0608 var 0.0022 sc_mean 0.1849 sc_std 0.2559 val_micro 0.9189 val_macro 0.9143 lr 1.00e-04 0.4s
epoch   9 loss 0.0508 clss 0.0508 var 0.0025 sc_mean 0.1778 sc_std 0.2667 val_micro 0.9379 val_macro 0.9343 lr 1.00e-04 0.4s
epoch  10 loss 0.0360 clss 0.0359 var 0.0021 sc_mean 0.1763 sc_std 0.2771 val_micro 0.9379 val_macro 0.9343 lr 1.00e-04 0.4s
epoch  11 loss 0.0302 clss 0.0302 var 0.0030 sc_mean 0.1550 sc_std 0.2645 val_micro 0.9452 val_macro 0.9438 lr 1.00e-04 0.4s
epoch  12 loss 0.0237 clss 0.0237 var 0.0021 sc_mean 0.1554 sc_std 0.2719 val_micro 0.9452 val_macro 0.9438 lr 1.00e-04 0.4s
epoch  13 loss 0.0212 clss 0.0212 var 0.0026 sc_mean 0.1442 sc_std 0.2614 val_micro 0.9524 val_macro 0.9499 lr 1.00e-04 0.4s
epoch  14 loss 0.0141 clss 0.0141 var 0.0030 sc_mean 0.1390 sc_std 0.2633 val_micro 0.9524 val_macro 0.9499 lr 1.00e-04 0.4s
epoch  15 loss 0.0120 clss 0.0120 var 0.0023 sc_mean 0.1342 sc_std 0.2625 val_micro 0.9524 val_macro 0.9499 lr 1.00e-04 0.4s
epoch  16 loss 0.0100 clss 0.0100 var 0.0029 sc_mean 0.1227 sc_std 0.2566 val_micro 0.9524 val_macro 0.9499 lr 1.00e-04 0.4s
epoch  17 loss 0.0095 clss 0.0095 var 0.0020 sc_mean 0.1383 sc_std 0.2752 val_micro 0.9524 val_macro 0.9499 lr 5.00e-05 0.4s
epoch  18 loss 0.0079 clss 0.0079 var 0.0025 sc_mean 0.1462 sc_std 0.2851 val_micro 0.9530 val_macro 0.9500 lr 5.00e-05 0.4s
epoch  19 loss 0.0065 clss 0.0065 var 0.0014 sc_mean 0.1409 sc_std 0.2906 val_micro 0.9595 val_macro 0.9574 lr 5.00e-05 0.4s
epoch  20 loss 0.0071 clss 0.0071 var 0.0015 sc_mean 0.1498 sc_std 0.2944 val_micro 0.9595 val_macro 0.9574 lr 5.00e-05 0.4s
epoch  21 loss 0.0075 clss 0.0075 var 0.0021 sc_mean 0.1415 sc_std 0.2845 val_micro 0.9595 val_macro 0.9574 lr 5.00e-05 0.4s
epoch  22 loss 0.0073 clss 0.0073 var 0.0023 sc_mean 0.1223 sc_std 0.2580 val_micro 0.9595 val_macro 0.9574 lr 5.00e-05 0.4s
epoch  23 loss 0.0062 clss 0.0062 var 0.0020 sc_mean 0.1233 sc_std 0.2696 val_micro 0.9595 val_macro 0.9574 lr 2.50e-05 0.4s
epoch  24 loss 0.0046 clss 0.0046 var 0.0020 sc_mean 0.1302 sc_std 0.2734 val_micro 0.9595 val_macro 0.9574 lr 2.50e-05 0.4s
early stop at epoch 24（连续 5 epoch val micro-F1 不提升）
done seed1 (split_seed1): best val micro-F1=0.9595 @ epoch; wall=13.2s train=9.0s graphs/s=1109.23 → runs/buggy_canon/seed1

=== [0.6 min] ss1/eval ===
[evaluate] 标签来源：file=/home/saumarez/projects/deep-learning/SSM-HG/alldata(readonly)/contract_labels.json key_mode=project
seed1 (split_seed1): test micro-F1 0.5=0.9841 / val_thr(0.3)=0.9764；macro 0.5=0.9848；mAP=0.9858 (classes used 7)

=== [0.7 min] ss1/diagnose ===
[diagnose] 标签来源：file=/home/saumarez/projects/deep-learning/SSM-HG/alldata(readonly)/contract_labels.json key_mode=project
seed1: 逐类诊断完成 → runs/buggy_canon/seed1/diagnosis.json （test pos 8,9,7,7,11,8,14）
跨种子聚合 → runs/buggy_canon/diagnosis_summary.json

=== [0.7 min] ss2/train ===
epoch   0 loss 1.1687 clss 1.1687 var 0.0205 sc_mean 0.4272 sc_std 0.0854 val_micro 0.5946 val_macro 0.6979 lr 1.00e-04 1.8s
epoch   1 loss 0.9812 clss 0.9812 var 0.0023 sc_mean 0.4741 sc_std 0.1986 val_micro 0.8000 val_macro 0.8129 lr 1.00e-04 0.5s
epoch   2 loss 0.6988 clss 0.6988 var 0.0007 sc_mean 0.3854 sc_std 0.3081 val_micro 0.8841 val_macro 0.8807 lr 1.00e-04 0.4s
epoch   3 loss 0.4610 clss 0.4610 var 0.0014 sc_mean 0.2835 sc_std 0.3323 val_micro 0.9353 val_macro 0.9364 lr 1.00e-04 0.4s
epoch   4 loss 0.2948 clss 0.2947 var 0.0024 sc_mean 0.2321 sc_std 0.3177 val_micro 0.9510 val_macro 0.9528 lr 1.00e-04 0.4s
epoch   5 loss 0.1636 clss 0.1636 var 0.0016 sc_mean 0.2154 sc_std 0.3177 val_micro 0.9577 val_macro 0.9588 lr 1.00e-04 0.4s
epoch   6 loss 0.1048 clss 0.1048 var 0.0016 sc_mean 0.1853 sc_std 0.3038 val_micro 0.9577 val_macro 0.9588 lr 1.00e-04 0.4s
epoch   7 loss 0.0730 clss 0.0730 var 0.0023 sc_mean 0.1926 sc_std 0.3216 val_micro 0.9577 val_macro 0.9588 lr 1.00e-04 0.5s
epoch   8 loss 0.0618 clss 0.0618 var 0.0006 sc_mean 0.2121 sc_std 0.3552 val_micro 0.9655 val_macro 0.9644 lr 1.00e-04 0.4s
epoch   9 loss 0.0529 clss 0.0529 var 0.0006 sc_mean 0.2003 sc_std 0.3481 val_micro 0.9577 val_macro 0.9588 lr 1.00e-04 0.4s
epoch  10 loss 0.0428 clss 0.0428 var 0.0013 sc_mean 0.1725 sc_std 0.3288 val_micro 0.9664 val_macro 0.9666 lr 1.00e-04 0.4s
epoch  11 loss 0.0364 clss 0.0364 var 0.0004 sc_mean 0.1738 sc_std 0.3349 val_micro 0.9589 val_macro 0.9619 lr 1.00e-04 0.4s
epoch  12 loss 0.0263 clss 0.0263 var 0.0001 sc_mean 0.1794 sc_std 0.3411 val_micro 0.9595 val_macro 0.9648 lr 1.00e-04 1.0s
epoch  13 loss 0.0220 clss 0.0220 var 0.0008 sc_mean 0.1539 sc_std 0.3120 val_micro 0.9600 val_macro 0.9613 lr 1.00e-04 0.4s
epoch  14 loss 0.0207 clss 0.0207 var 0.0012 sc_mean 0.1345 sc_std 0.2944 val_micro 0.9583 val_macro 0.9627 lr 5.00e-05 0.4s
epoch  15 loss 0.0147 clss 0.0147 var 0.0013 sc_mean 0.1292 sc_std 0.2914 val_micro 0.9600 val_macro 0.9613 lr 5.00e-05 0.4s
early stop at epoch 15（连续 5 epoch val micro-F1 不提升）
done seed2 (split_seed2): best val micro-F1=0.9664 @ epoch; wall=12.6s train=7.6s graphs/s=839.56 → runs/buggy_canon/seed2

=== [1.0 min] ss2/eval ===
[evaluate] 标签来源：file=/home/saumarez/projects/deep-learning/SSM-HG/alldata(readonly)/contract_labels.json key_mode=project
seed2 (split_seed2): test micro-F1 0.5=0.9677 / val_thr(0.25)=0.9385；macro 0.5=0.9636；mAP=0.9777 (classes used 7)

=== [1.0 min] ss2/diagnose ===
[diagnose] 标签来源：file=/home/saumarez/projects/deep-learning/SSM-HG/alldata(readonly)/contract_labels.json key_mode=project
seed2: 逐类诊断完成 → runs/buggy_canon/seed2/diagnosis.json （test pos 8,9,7,6,12,7,14）
跨种子聚合 → runs/buggy_canon/diagnosis_summary.json

=== summarize ===
summary: 3 seeds [0, 1, 2] → micro-F1(0.5) 0.937802±0.066553；micro-F1(val_thr) 0.94131±0.033734 → runs/buggy_canon/summary.json

完成，用时 1.1 min → runs/buggy_canon
[ablation] 基线 runs/buggy_canon/seed0/config.json；21 项 × 3 种子 = 63 个 run；dry_run=False

项                唯一开关                               断言
------------------------------------------------------------------------
dfg_dep          --drop-edges 3                     ✅ 恰一个变量
cfg_flow         --drop-edges 0                     ✅ 恰一个变量
ast_parent       --drop-ast                         ✅ 恰一个变量
callback_risk    --drop-edges 4                     ✅ 恰一个变量
cb_node_only     --cb-channels cb_node              ✅ 恰一个变量
cb_func_only     --cb-channels cb_func              ✅ 恰一个变量
meanpool         --meanpool                         ✅ 恰一个变量
no_lvar          --lambda-var 0.0                   ✅ 恰一个变量
no_prior_drop    --prior-dropout 0.0                ✅ 恰一个变量
feat_base        --feat-groups base                 ✅ 恰一个变量
feat_base_sem    --feat-groups base+sem             ✅ 恰一个变量
hid256           --hid 256                          ✅ 恰一个变量
numbases1        --num-bases 1                      ✅ 恰一个变量
numbases3        --num-bases 3                      ✅ 恰一个变量
numbases4        --num-bases 4                      ✅ 恰一个变量
dropedge02       --drop-edge-prob 0.2               ✅ 恰一个变量
layers1          --layers 1                         ✅ 恰一个变量
layers3          --layers 3                         ✅ 恰一个变量
cb_unlimited     --graph-dir {variants}/cb_unlimited_ss{seed} ✅ 恰一个变量
cb_rev           --graph-dir {variants}/cb_rev_ss{seed} ✅ 恰一个变量
cb_frozen        --graph-dir {frozen}               ✅ 恰一个变量

[dfg_dep/seed0] ✓  13.1s  去 DFG_DEP（物理关系 3）
[dfg_dep/seed1] ✓  17.2s  去 DFG_DEP（物理关系 3）
[dfg_dep/seed2] ✓  12.4s  去 DFG_DEP（物理关系 3）
[dfg_dep] summarize ✓
[cfg_flow/seed0] ✓  16.4s  去 CFG_FLOW（物理关系 0）
[cfg_flow/seed1] ✓  15.5s  去 CFG_FLOW（物理关系 0）
[cfg_flow/seed2] ✓  14.0s  去 CFG_FLOW（物理关系 0）
[cfg_flow] summarize ✓
[ast_parent/seed0] ✓  14.9s  去 AST_PARENT（关系 1+2，--drop-ast）
[ast_parent/seed1] ✓  17.0s  去 AST_PARENT（关系 1+2，--drop-ast）
[ast_parent/seed2] ✓  15.2s  去 AST_PARENT（关系 1+2，--drop-ast）
[ast_parent] summarize ✓
[callback_risk/seed0] ✓  15.3s  去 CALLBACK_RISK（物理关系 4）
[callback_risk/seed1] ✓  18.0s  去 CALLBACK_RISK（物理关系 4）
[callback_risk/seed2] ✓  17.1s  去 CALLBACK_RISK（物理关系 4）
[callback_risk] summarize ✓
[cb_node_only/seed0] ✓  19.9s  去函数级 CodeBERT（只留节点级）
[cb_node_only/seed1] ✓  20.3s  去函数级 CodeBERT（只留节点级）
[cb_node_only/seed2] ✓  15.0s  去函数级 CodeBERT（只留节点级）
[cb_node_only] summarize ✓
[cb_func_only/seed0] ✓  17.3s  去节点级 CodeBERT（只留函数级）
[cb_func_only/seed1] ✓  17.3s  去节点级 CodeBERT（只留函数级）
[cb_func_only/seed2] ✓  22.9s  去节点级 CodeBERT（只留函数级）
[cb_func_only] summarize ✓
[meanpool/seed0] ✓  14.1s  meanpool 替换 a_v 加权 readout
[meanpool/seed1] ✓  19.0s  meanpool 替换 a_v 加权 readout
[meanpool/seed2] ✓  16.1s  meanpool 替换 a_v 加权 readout
[meanpool] summarize ✓
[no_lvar/seed0] ✓  15.8s  关闭 L_var（方差正则项）
[no_lvar/seed1] ✓  16.9s  关闭 L_var（方差正则项）
[no_lvar/seed2] ✓  16.7s  关闭 L_var（方差正则项）
[no_lvar] summarize ✓
[no_prior_drop/seed0] ✓  19.6s  关闭先验 Dropout（丢弃率语义，见 decisions §26）
[no_prior_drop/seed1] ✓  18.9s  关闭先验 Dropout（丢弃率语义，见 decisions §26）
[no_prior_drop/seed2] ✓  16.0s  关闭先验 Dropout（丢弃率语义，见 decisions §26）
[no_prior_drop] summarize ✓
[feat_base/seed0] ✓  16.8s  结构特征分组 (a) base
[feat_base/seed1] ✓  17.3s  结构特征分组 (a) base
[feat_base/seed2] ✓  16.0s  结构特征分组 (a) base
[feat_base] summarize ✓
[feat_base_sem/seed0] ✓  16.5s  结构特征分组 (b) base+sem
[feat_base_sem/seed1] ✓  19.0s  结构特征分组 (b) base+sem
[feat_base_sem/seed2] ✓  16.1s  结构特征分组 (b) base+sem
[feat_base_sem] summarize ✓
[hid256/seed0] ✓  18.9s  隐藏维度 256（基线 128）
[hid256/seed1] ✓  14.3s  隐藏维度 256（基线 128）
[hid256/seed2] ✓  13.2s  隐藏维度 256（基线 128）
[hid256] summarize ✓
[numbases1/seed0] ✓  14.8s  RGCN 基分解 num_bases=1（所有关系共享一组基，最低容量端）
[numbases1/seed1] ✓  13.7s  RGCN 基分解 num_bases=1（所有关系共享一组基，最低容量端）
[numbases1/seed2] ✓  13.8s  RGCN 基分解 num_bases=1（所有关系共享一组基，最低容量端）
[numbases1] summarize ✓
[numbases3/seed0] ✓  13.9s  RGCN 基分解 num_bases=3（合法非默认区间的中点）
[numbases3/seed1] ✓  17.5s  RGCN 基分解 num_bases=3（合法非默认区间的中点）
[numbases3/seed2] ✓  15.2s  RGCN 基分解 num_bases=3（合法非默认区间的中点）
[numbases3] summarize ✓
[numbases4/seed0] ✓  13.8s  RGCN 基分解 num_bases=4（合法非默认区间的最高端；model.py:19 点名此值「仅作消融」）
[numbases4/seed1] ✓  16.8s  RGCN 基分解 num_bases=4（合法非默认区间的最高端；model.py:19 点名此值「仅作消融」）
[numbases4/seed2] ✓  13.1s  RGCN 基分解 num_bases=4（合法非默认区间的最高端；model.py:19 点名此值「仅作消融」）
[numbases4] summarize ✓
[dropedge02/seed0] ✓  15.9s  DropEdge 概率 0.2（基线 0.0=关闭；与 prior/struct dropout 默认同档）
[dropedge02/seed1] ✓  15.7s  DropEdge 概率 0.2（基线 0.0=关闭；与 prior/struct dropout 默认同档）
[dropedge02/seed2] ✓  16.3s  DropEdge 概率 0.2（基线 0.0=关闭；与 prior/struct dropout 默认同档）
[dropedge02] summarize ✓
[layers1/seed0] ✓  14.1s  RGCN 层数 L=1（基线 L=2；大纲 5.4.1 第 13 项）
[layers1/seed1] ✓  14.6s  RGCN 层数 L=1（基线 L=2；大纲 5.4.1 第 13 项）
[layers1/seed2] ✓  12.0s  RGCN 层数 L=1（基线 L=2；大纲 5.4.1 第 13 项）
[layers1] summarize ✓
[layers3/seed0] ✓  15.1s  RGCN 层数 L=3（基线 L=2；大纲 5.4.1 第 13 项）
[layers3/seed1] ✓  14.3s  RGCN 层数 L=3（基线 L=2；大纲 5.4.1 第 13 项）
[layers3/seed2] ✓  16.3s  RGCN 层数 L=3（基线 L=2；大纲 5.4.1 第 13 项）
[layers3] summarize ✓
[cb_unlimited/seed0] ✓  17.2s  CALLBACK_RISK 每源节点出边**不设上限**（基线 4；大纲 5.4.1 第 5 项）
[cb_unlimited/seed1] ✓  19.1s  CALLBACK_RISK 每源节点出边**不设上限**（基线 4；大纲 5.4.1 第 5 项）
[cb_unlimited/seed2] ✓  17.5s  CALLBACK_RISK 每源节点出边**不设上限**（基线 4；大纲 5.4.1 第 5 项）
[cb_unlimited] summarize ✓
[cb_rev/seed0] ✓  13.7s  额外反向关系 CALLBACK_RISK_REV（基线无；大纲 5.4.2 第 12 项，关系数 5→6）
[cb_rev/seed1] ✓  17.1s  额外反向关系 CALLBACK_RISK_REV（基线无；大纲 5.4.2 第 12 项，关系数 5→6）
[cb_rev/seed2] ✓  15.2s  额外反向关系 CALLBACK_RISK_REV（基线无；大纲 5.4.2 第 12 项，关系数 5→6）
[cb_rev] summarize ✓
[cb_frozen/seed0] ✓  26.6s  冻结 CodeBERT（正典=微调 CodeBERT；大纲 5.4.2 第 17 项，方向已反转）
[cb_frozen/seed1] ✓  16.1s  冻结 CodeBERT（正典=微调 CodeBERT；大纲 5.4.2 第 17 项，方向已反转）
[cb_frozen/seed2] ✓  22.8s  冻结 CodeBERT（正典=微调 CodeBERT；大纲 5.4.2 第 17 项，方向已反转）
[cb_frozen] summarize ✓

[ablation] 结束：用时 1075.3s；产物 runs/ablation_buggy

=== [0.0 min] gcn/seed0/train ===
epoch   0 loss 1.1982 clss 1.1981 var 0.0759 sc_mean 0.5023 sc_std 0.0241 val_micro 0.7216 val_macro 0.8013 lr 1.00e-04 0.7s
epoch   1 loss 1.0092 clss 1.0092 var 0.0500 sc_mean 0.5765 sc_std 0.0500 val_micro 0.8606 val_macro 0.8705 lr 1.00e-04 0.3s
epoch   2 loss 0.7906 clss 0.7906 var 0.0232 sc_mean 0.6372 sc_std 0.0796 val_micro 0.9324 val_macro 0.9331 lr 1.00e-04 0.4s
epoch   3 loss 0.5678 clss 0.5678 var 0.0098 sc_mean 0.6078 sc_std 0.1082 val_micro 0.9467 val_macro 0.9459 lr 1.00e-04 0.4s
epoch   4 loss 0.3815 clss 0.3815 var 0.0070 sc_mean 0.5483 sc_std 0.1330 val_micro 0.9467 val_macro 0.9459 lr 1.00e-04 0.3s
epoch   5 loss 0.2788 clss 0.2788 var 0.0035 sc_mean 0.4815 sc_std 0.1581 val_micro 0.9467 val_macro 0.9459 lr 1.00e-04 0.4s
epoch   6 loss 0.1954 clss 0.1954 var 0.0026 sc_mean 0.4189 sc_std 0.1731 val_micro 0.9467 val_macro 0.9459 lr 1.00e-04 0.4s
epoch   7 loss 0.1610 clss 0.1609 var 0.0019 sc_mean 0.4401 sc_std 0.1834 val_micro 0.9467 val_macro 0.9459 lr 5.00e-05 0.3s
epoch   8 loss 0.1294 clss 0.1294 var 0.0021 sc_mean 0.4467 sc_std 0.1904 val_micro 0.9536 val_macro 0.9521 lr 5.00e-05 0.4s
epoch   9 loss 0.1127 clss 0.1127 var 0.0015 sc_mean 0.4300 sc_std 0.1942 val_micro 0.9474 val_macro 0.9453 lr 5.00e-05 0.3s
epoch  10 loss 0.1082 clss 0.1082 var 0.0014 sc_mean 0.4139 sc_std 0.1953 val_micro 0.9536 val_macro 0.9521 lr 5.00e-05 0.3s
epoch  11 loss 0.0964 clss 0.0964 var 0.0016 sc_mean 0.4188 sc_std 0.1965 val_micro 0.9536 val_macro 0.9521 lr 5.00e-05 0.3s
epoch  12 loss 0.0935 clss 0.0935 var 0.0015 sc_mean 0.4316 sc_std 0.2003 val_micro 0.9542 val_macro 0.9541 lr 5.00e-05 0.3s
epoch  13 loss 0.0851 clss 0.0851 var 0.0013 sc_mean 0.4541 sc_std 0.2069 val_micro 0.9481 val_macro 0.9473 lr 5.00e-05 0.3s
epoch  14 loss 0.0793 clss 0.0793 var 0.0014 sc_mean 0.4479 sc_std 0.2061 val_micro 0.9481 val_macro 0.9473 lr 5.00e-05 0.4s
epoch  15 loss 0.0731 clss 0.0731 var 0.0018 sc_mean 0.4223 sc_std 0.2061 val_micro 0.9481 val_macro 0.9473 lr 5.00e-05 0.3s
epoch  16 loss 0.0708 clss 0.0708 var 0.0013 sc_mean 0.4413 sc_std 0.2102 val_micro 0.9481 val_macro 0.9473 lr 2.50e-05 0.3s
epoch  17 loss 0.0697 clss 0.0697 var 0.0012 sc_mean 0.4475 sc_std 0.2107 val_micro 0.9481 val_macro 0.9473 lr 2.50e-05 0.3s
early stop at epoch 17（连续 5 epoch val micro-F1 不提升）
done seed0 (split_seed0): best val micro-F1=0.9542 @ epoch; wall=8.2s train=5.9s graphs/s=1207.13 → runs/baseline_arch_buggy/gcn/seed0

=== [0.2 min] gcn/seed0/eval ===
[evaluate] 标签来源：file=/home/saumarez/projects/deep-learning/SSM-HG/alldata(readonly)/contract_labels.json key_mode=project
seed0 (split_seed0): test micro-F1 0.5=0.8615 / val_thr(0.8)=0.9043；macro 0.5=0.8484；mAP=0.9462 (classes used 7)

=== [0.2 min] gcn/seed1/train ===
epoch   0 loss 1.1882 clss 1.1881 var 0.0788 sc_mean 0.5229 sc_std 0.0212 val_micro 0.5970 val_macro 0.6099 lr 1.00e-04 0.7s
epoch   1 loss 1.0984 clss 1.0983 var 0.0657 sc_mean 0.5304 sc_std 0.0343 val_micro 0.7353 val_macro 0.7468 lr 1.00e-04 0.4s
epoch   2 loss 0.9466 clss 0.9466 var 0.0433 sc_mean 0.5407 sc_std 0.0568 val_micro 0.8228 val_macro 0.8296 lr 1.00e-04 0.4s
epoch   3 loss 0.7566 clss 0.7566 var 0.0213 sc_mean 0.5752 sc_std 0.0823 val_micro 0.8955 val_macro 0.8972 lr 1.00e-04 0.4s
epoch   4 loss 0.5590 clss 0.5589 var 0.0085 sc_mean 0.5643 sc_std 0.1084 val_micro 0.9231 val_macro 0.9270 lr 1.00e-04 0.4s
epoch   5 loss 0.3869 clss 0.3869 var 0.0040 sc_mean 0.4888 sc_std 0.1328 val_micro 0.9296 val_macro 0.9319 lr 1.00e-04 0.4s
epoch   6 loss 0.2567 clss 0.2567 var 0.0034 sc_mean 0.4403 sc_std 0.1469 val_micro 0.9343 val_macro 0.9355 lr 1.00e-04 0.4s
epoch   7 loss 0.1743 clss 0.1743 var 0.0029 sc_mean 0.3960 sc_std 0.1592 val_micro 0.9429 val_macro 0.9446 lr 1.00e-04 0.4s
epoch   8 loss 0.1232 clss 0.1232 var 0.0028 sc_mean 0.3260 sc_std 0.1603 val_micro 0.9379 val_macro 0.9343 lr 1.00e-04 0.4s
epoch   9 loss 0.0993 clss 0.0993 var 0.0027 sc_mean 0.3326 sc_std 0.1735 val_micro 0.9315 val_macro 0.9269 lr 1.00e-04 0.4s
epoch  10 loss 0.0732 clss 0.0732 var 0.0033 sc_mean 0.3222 sc_std 0.1781 val_micro 0.9342 val_macro 0.9363 lr 1.00e-04 0.3s
epoch  11 loss 0.0589 clss 0.0589 var 0.0025 sc_mean 0.2704 sc_std 0.1745 val_micro 0.9404 val_macro 0.9416 lr 5.00e-05 0.4s
epoch  12 loss 0.0479 clss 0.0479 var 0.0026 sc_mean 0.2946 sc_std 0.1833 val_micro 0.9404 val_macro 0.9416 lr 5.00e-05 0.4s
early stop at epoch 12（连续 5 epoch val micro-F1 不提升）
done seed1 (split_seed1): best val micro-F1=0.9429 @ epoch; wall=6.3s train=4.4s graphs/s=1189.30 → runs/baseline_arch_buggy/gcn/seed1

=== [0.4 min] gcn/seed1/eval ===
[evaluate] 标签来源：file=/home/saumarez/projects/deep-learning/SSM-HG/alldata(readonly)/contract_labels.json key_mode=project
seed1 (split_seed1): test micro-F1 0.5=0.9841 / val_thr(0.55)=0.9841；macro 0.5=0.9848；mAP=0.9833 (classes used 7)

=== [0.4 min] gcn/seed2/train ===
epoch   0 loss 1.1809 clss 1.1809 var 0.0714 sc_mean 0.5170 sc_std 0.0286 val_micro 0.7288 val_macro 0.7007 lr 1.00e-04 0.7s
epoch   1 loss 1.0632 clss 1.0632 var 0.0459 sc_mean 0.5729 sc_std 0.0549 val_micro 0.8725 val_macro 0.8799 lr 1.00e-04 0.4s
epoch   2 loss 0.8574 clss 0.8574 var 0.0202 sc_mean 0.6046 sc_std 0.0862 val_micro 0.9041 val_macro 0.9103 lr 1.00e-04 0.4s
epoch   3 loss 0.6851 clss 0.6851 var 0.0090 sc_mean 0.5481 sc_std 0.1157 val_micro 0.9577 val_macro 0.9592 lr 1.00e-04 0.4s
epoch   4 loss 0.5557 clss 0.5557 var 0.0053 sc_mean 0.4345 sc_std 0.1367 val_micro 0.9655 val_macro 0.9663 lr 1.00e-04 0.4s
epoch   5 loss 0.4039 clss 0.4039 var 0.0037 sc_mean 0.3326 sc_std 0.1423 val_micro 0.9722 val_macro 0.9724 lr 1.00e-04 0.4s
epoch   6 loss 0.3048 clss 0.3048 var 0.0037 sc_mean 0.2727 sc_std 0.1426 val_micro 0.9722 val_macro 0.9724 lr 1.00e-04 0.4s
epoch   7 loss 0.2274 clss 0.2274 var 0.0037 sc_mean 0.2332 sc_std 0.1423 val_micro 0.9722 val_macro 0.9724 lr 1.00e-04 0.4s
epoch   8 loss 0.1713 clss 0.1713 var 0.0037 sc_mean 0.2077 sc_std 0.1462 val_micro 0.9722 val_macro 0.9724 lr 1.00e-04 0.4s
epoch   9 loss 0.1278 clss 0.1278 var 0.0020 sc_mean 0.2525 sc_std 0.1732 val_micro 0.9722 val_macro 0.9724 lr 5.00e-05 0.4s
epoch  10 loss 0.1071 clss 0.1071 var 0.0029 sc_mean 0.2189 sc_std 0.1633 val_micro 0.9726 val_macro 0.9712 lr 5.00e-05 0.4s
epoch  11 loss 0.1020 clss 0.1020 var 0.0047 sc_mean 0.1909 sc_std 0.1544 val_micro 0.9726 val_macro 0.9712 lr 5.00e-05 0.3s
epoch  12 loss 0.0919 clss 0.0919 var 0.0050 sc_mean 0.1831 sc_std 0.1529 val_micro 0.9726 val_macro 0.9712 lr 5.00e-05 0.4s
epoch  13 loss 0.0835 clss 0.0835 var 0.0031 sc_mean 0.1887 sc_std 0.1596 val_micro 0.9726 val_macro 0.9712 lr 5.00e-05 0.5s
epoch  14 loss 0.0767 clss 0.0767 var 0.0046 sc_mean 0.1882 sc_std 0.1579 val_micro 0.9726 val_macro 0.9712 lr 2.50e-05 0.4s
epoch  15 loss 0.0741 clss 0.0741 var 0.0048 sc_mean 0.1649 sc_std 0.1530 val_micro 0.9726 val_macro 0.9712 lr 2.50e-05 0.4s
early stop at epoch 15（连续 5 epoch val micro-F1 不提升）
done seed2 (split_seed2): best val micro-F1=0.9726 @ epoch; wall=7.8s train=5.7s graphs/s=1121.37 → runs/baseline_arch_buggy/gcn/seed2

=== [0.6 min] gcn/seed2/eval ===
[evaluate] 标签来源：file=/home/saumarez/projects/deep-learning/SSM-HG/alldata(readonly)/contract_labels.json key_mode=project
seed2 (split_seed2): test micro-F1 0.5=0.9449 / val_thr(0.65)=0.9677；macro 0.5=0.9431；mAP=0.9749 (classes used 7)
summary: 3 seeds [0, 1, 2] → micro-F1(0.5) 0.930182±0.062602；micro-F1(val_thr) 0.952072±0.042135 → runs/baseline_arch_buggy/gcn/summary.json

=== [0.6 min] gat/seed0/train ===
epoch   0 loss 1.2236 clss 1.2236 var 0.0817 sc_mean 0.4996 sc_std 0.0183 val_micro 0.6853 val_macro 0.5790 lr 1.00e-04 0.5s
epoch   1 loss 1.0753 clss 1.0752 var 0.0682 sc_mean 0.5000 sc_std 0.0318 val_micro 0.7419 val_macro 0.6427 lr 1.00e-04 0.2s
epoch   2 loss 0.8990 clss 0.8990 var 0.0434 sc_mean 0.5067 sc_std 0.0578 val_micro 0.7919 val_macro 0.7491 lr 1.00e-04 0.3s
epoch   3 loss 0.6957 clss 0.6956 var 0.0199 sc_mean 0.4915 sc_std 0.0866 val_micro 0.8382 val_macro 0.7927 lr 1.00e-04 0.2s
epoch   4 loss 0.5143 clss 0.5143 var 0.0090 sc_mean 0.4638 sc_std 0.1138 val_micro 0.8820 val_macro 0.8894 lr 1.00e-04 0.3s
epoch   5 loss 0.4023 clss 0.4023 var 0.0071 sc_mean 0.4067 sc_std 0.1302 val_micro 0.9150 val_macro 0.9172 lr 1.00e-04 0.2s
epoch   6 loss 0.2882 clss 0.2882 var 0.0060 sc_mean 0.3076 sc_std 0.1330 val_micro 0.9359 val_macro 0.9363 lr 1.00e-04 0.3s
epoch   7 loss 0.2213 clss 0.2213 var 0.0061 sc_mean 0.2591 sc_std 0.1325 val_micro 0.9487 val_macro 0.9493 lr 1.00e-04 0.3s
epoch   8 loss 0.1698 clss 0.1698 var 0.0080 sc_mean 0.2241 sc_std 0.1294 val_micro 0.9494 val_macro 0.9518 lr 1.00e-04 0.3s
epoch   9 loss 0.1295 clss 0.1295 var 0.0074 sc_mean 0.2002 sc_std 0.1330 val_micro 0.9554 val_macro 0.9565 lr 1.00e-04 0.2s
epoch  10 loss 0.1137 clss 0.1137 var 0.0113 sc_mean 0.1831 sc_std 0.1304 val_micro 0.9494 val_macro 0.9518 lr 1.00e-04 0.2s
epoch  11 loss 0.0949 clss 0.0949 var 0.0101 sc_mean 0.1727 sc_std 0.1312 val_micro 0.9494 val_macro 0.9508 lr 1.00e-04 0.2s
epoch  12 loss 0.0894 clss 0.0894 var 0.0063 sc_mean 0.1894 sc_std 0.1465 val_micro 0.9434 val_macro 0.9441 lr 1.00e-04 0.2s
epoch  13 loss 0.0736 clss 0.0736 var 0.0059 sc_mean 0.1939 sc_std 0.1536 val_micro 0.9441 val_macro 0.9468 lr 5.00e-05 0.2s
epoch  14 loss 0.0665 clss 0.0665 var 0.0084 sc_mean 0.1839 sc_std 0.1412 val_micro 0.9494 val_macro 0.9492 lr 5.00e-05 0.2s
early stop at epoch 14（连续 5 epoch val micro-F1 不提升）
done seed0 (split_seed0): best val micro-F1=0.9554 @ epoch; wall=5.5s train=3.5s graphs/s=1687.55 → runs/baseline_arch_buggy/gat/seed0

=== [0.8 min] gat/seed0/eval ===
[evaluate] 标签来源：file=/home/saumarez/projects/deep-learning/SSM-HG/alldata(readonly)/contract_labels.json key_mode=project
seed0 (split_seed0): test micro-F1 0.5=0.8976 / val_thr(0.8)=0.9153；macro 0.5=0.8885；mAP=0.9390 (classes used 7)

=== [0.8 min] gat/seed1/train ===
epoch   0 loss 1.1913 clss 1.1913 var 0.0801 sc_mean 0.4742 sc_std 0.0199 val_micro 0.5341 val_macro 0.5757 lr 1.00e-04 0.5s
epoch   1 loss 1.1026 clss 1.1025 var 0.0647 sc_mean 0.4375 sc_std 0.0353 val_micro 0.6972 val_macro 0.6746 lr 1.00e-04 0.2s
epoch   2 loss 0.9689 clss 0.9689 var 0.0445 sc_mean 0.3517 sc_std 0.0555 val_micro 0.7652 val_macro 0.7534 lr 1.00e-04 0.3s
epoch   3 loss 0.7781 clss 0.7781 var 0.0261 sc_mean 0.2979 sc_std 0.0765 val_micro 0.8936 val_macro 0.8954 lr 1.00e-04 0.2s
epoch   4 loss 0.5795 clss 0.5795 var 0.0160 sc_mean 0.2674 sc_std 0.0933 val_micro 0.9067 val_macro 0.9023 lr 1.00e-04 0.2s
epoch   5 loss 0.4084 clss 0.4084 var 0.0106 sc_mean 0.2493 sc_std 0.1077 val_micro 0.9130 val_macro 0.9043 lr 1.00e-04 0.2s
epoch   6 loss 0.2817 clss 0.2817 var 0.0089 sc_mean 0.2310 sc_std 0.1173 val_micro 0.9306 val_macro 0.9239 lr 1.00e-04 0.2s
epoch   7 loss 0.1918 clss 0.1917 var 0.0091 sc_mean 0.1995 sc_std 0.1243 val_micro 0.9388 val_macro 0.9322 lr 1.00e-04 0.2s
epoch   8 loss 0.1431 clss 0.1431 var 0.0153 sc_mean 0.1776 sc_std 0.1127 val_micro 0.9452 val_macro 0.9405 lr 1.00e-04 0.2s
epoch   9 loss 0.1110 clss 0.1110 var 0.0153 sc_mean 0.1583 sc_std 0.1177 val_micro 0.9452 val_macro 0.9405 lr 1.00e-04 0.2s
epoch  10 loss 0.0806 clss 0.0806 var 0.0099 sc_mean 0.1712 sc_std 0.1313 val_micro 0.9452 val_macro 0.9405 lr 1.00e-04 0.2s
epoch  11 loss 0.0661 clss 0.0660 var 0.0170 sc_mean 0.1483 sc_std 0.1191 val_micro 0.9524 val_macro 0.9499 lr 1.00e-04 0.2s
epoch  12 loss 0.0518 clss 0.0518 var 0.0146 sc_mean 0.1537 sc_std 0.1274 val_micro 0.9524 val_macro 0.9499 lr 1.00e-04 0.2s
epoch  13 loss 0.0476 clss 0.0476 var 0.0110 sc_mean 0.1695 sc_std 0.1402 val_micro 0.9595 val_macro 0.9574 lr 1.00e-04 0.2s
epoch  14 loss 0.0380 clss 0.0380 var 0.0127 sc_mean 0.1598 sc_std 0.1359 val_micro 0.9595 val_macro 0.9574 lr 1.00e-04 0.2s
epoch  15 loss 0.0308 clss 0.0308 var 0.0133 sc_mean 0.1542 sc_std 0.1331 val_micro 0.9595 val_macro 0.9574 lr 1.00e-04 0.2s
epoch  16 loss 0.0271 clss 0.0271 var 0.0131 sc_mean 0.1479 sc_std 0.1387 val_micro 0.9595 val_macro 0.9574 lr 1.00e-04 0.2s
epoch  17 loss 0.0240 clss 0.0240 var 0.0137 sc_mean 0.1489 sc_std 0.1368 val_micro 0.9595 val_macro 0.9574 lr 5.00e-05 0.2s
epoch  18 loss 0.0218 clss 0.0218 var 0.0098 sc_mean 0.1590 sc_std 0.1467 val_micro 0.9595 val_macro 0.9574 lr 5.00e-05 0.3s
early stop at epoch 18（连续 5 epoch val micro-F1 不提升）
done seed1 (split_seed1): best val micro-F1=0.9595 @ epoch; wall=6.1s train=4.1s graphs/s=1853.67 → runs/baseline_arch_buggy/gat/seed1

=== [1.0 min] gat/seed1/eval ===
[evaluate] 标签来源：file=/home/saumarez/projects/deep-learning/SSM-HG/alldata(readonly)/contract_labels.json key_mode=project
seed1 (split_seed1): test micro-F1 0.5=0.9841 / val_thr(0.5)=0.9841；macro 0.5=0.9848；mAP=0.9844 (classes used 7)

=== [1.0 min] gat/seed2/train ===
epoch   0 loss 1.2067 clss 1.2066 var 0.0855 sc_mean 0.5258 sc_std 0.0145 val_micro 0.4914 val_macro 0.5475 lr 1.00e-04 0.6s
epoch   1 loss 1.1318 clss 1.1318 var 0.0725 sc_mean 0.5480 sc_std 0.0275 val_micro 0.7273 val_macro 0.7527 lr 1.00e-04 0.3s
epoch   2 loss 0.9556 clss 0.9556 var 0.0501 sc_mean 0.5656 sc_std 0.0502 val_micro 0.9037 val_macro 0.9066 lr 1.00e-04 0.2s
epoch   3 loss 0.7601 clss 0.7601 var 0.0260 sc_mean 0.5314 sc_std 0.0772 val_micro 0.9444 val_macro 0.9484 lr 1.00e-04 0.3s
epoch   4 loss 0.5678 clss 0.5678 var 0.0112 sc_mean 0.4304 sc_std 0.1015 val_micro 0.9796 val_macro 0.9802 lr 1.00e-04 0.2s
epoch   5 loss 0.3874 clss 0.3874 var 0.0119 sc_mean 0.2832 sc_std 0.1035 val_micro 0.9730 val_macro 0.9718 lr 1.00e-04 0.2s
epoch   6 loss 0.2773 clss 0.2772 var 0.0262 sc_mean 0.1962 sc_std 0.0909 val_micro 0.9655 val_macro 0.9674 lr 1.00e-04 0.3s
epoch   7 loss 0.2056 clss 0.2056 var 0.0351 sc_mean 0.1643 sc_std 0.0821 val_micro 0.9655 val_macro 0.9674 lr 1.00e-04 0.3s
epoch   8 loss 0.1541 clss 0.1541 var 0.0381 sc_mean 0.1446 sc_std 0.0811 val_micro 0.9655 val_macro 0.9674 lr 5.00e-05 0.3s
epoch   9 loss 0.1246 clss 0.1245 var 0.0307 sc_mean 0.1671 sc_std 0.0908 val_micro 0.9589 val_macro 0.9589 lr 5.00e-05 0.2s
early stop at epoch 9（连续 5 epoch val micro-F1 不提升）
done seed2 (split_seed2): best val micro-F1=0.9796 @ epoch; wall=4.5s train=2.6s graphs/s=1513.86 → runs/baseline_arch_buggy/gat/seed2

=== [1.1 min] gat/seed2/eval ===
[evaluate] 标签来源：file=/home/saumarez/projects/deep-learning/SSM-HG/alldata(readonly)/contract_labels.json key_mode=project
seed2 (split_seed2): test micro-F1 0.5=0.9524 / val_thr(0.45)=0.9231；macro 0.5=0.9492；mAP=0.9688 (classes used 7)
summary: 3 seeds [0, 1, 2] → micro-F1(0.5) 0.944715±0.043751；micro-F1(val_thr) 0.940819±0.037709 → runs/baseline_arch_buggy/gat/summary.json

=== [1.2 min] sage/seed0/train ===
epoch   0 loss 1.2317 clss 1.2317 var 0.0767 sc_mean 0.5256 sc_std 0.0233 val_micro 0.5430 val_macro 0.6555 lr 1.00e-04 0.7s
epoch   1 loss 1.1172 clss 1.1172 var 0.0505 sc_mean 0.5920 sc_std 0.0495 val_micro 0.6951 val_macro 0.7338 lr 1.00e-04 0.4s
epoch   2 loss 0.9645 clss 0.9645 var 0.0162 sc_mean 0.6984 sc_std 0.0868 val_micro 0.8201 val_macro 0.7938 lr 1.00e-04 0.5s
epoch   3 loss 0.7476 clss 0.7476 var 0.0032 sc_mean 0.7728 sc_std 0.1219 val_micro 0.8571 val_macro 0.8486 lr 1.00e-04 0.4s
epoch   4 loss 0.5240 clss 0.5240 var 0.0011 sc_mean 0.7588 sc_std 0.1626 val_micro 0.9211 val_macro 0.9231 lr 1.00e-04 0.5s
epoch   5 loss 0.3776 clss 0.3776 var 0.0004 sc_mean 0.6426 sc_std 0.2114 val_micro 0.9388 val_macro 0.9412 lr 1.00e-04 0.4s
epoch   6 loss 0.2499 clss 0.2499 var 0.0003 sc_mean 0.5053 sc_std 0.2463 val_micro 0.9324 val_macro 0.9356 lr 1.00e-04 0.4s
epoch   7 loss 0.1967 clss 0.1967 var 0.0002 sc_mean 0.5073 sc_std 0.2870 val_micro 0.9359 val_macro 0.9380 lr 1.00e-04 0.3s
epoch   8 loss 0.1496 clss 0.1496 var 0.0003 sc_mean 0.5114 sc_std 0.3105 val_micro 0.9359 val_macro 0.9365 lr 1.00e-04 0.5s
epoch   9 loss 0.1170 clss 0.1170 var 0.0002 sc_mean 0.5113 sc_std 0.3295 val_micro 0.9241 val_macro 0.9244 lr 5.00e-05 0.3s
epoch  10 loss 0.1099 clss 0.1099 var 0.0002 sc_mean 0.4904 sc_std 0.3264 val_micro 0.9299 val_macro 0.9297 lr 5.00e-05 0.5s
early stop at epoch 10（连续 5 epoch val micro-F1 不提升）
done seed0 (split_seed0): best val micro-F1=0.9388 @ epoch; wall=6.5s train=4.5s graphs/s=973.43 → runs/baseline_arch_buggy/sage/seed0

=== [1.4 min] sage/seed0/eval ===
[evaluate] 标签来源：file=/home/saumarez/projects/deep-learning/SSM-HG/alldata(readonly)/contract_labels.json key_mode=project
seed0 (split_seed0): test micro-F1 0.5=0.8125 / val_thr(0.75)=0.8142；macro 0.5=0.8093；mAP=0.9163 (classes used 7)

=== [1.4 min] sage/seed1/train ===
epoch   0 loss 1.2052 clss 1.2051 var 0.0866 sc_mean 0.4889 sc_std 0.0134 val_micro 0.5209 val_macro 0.5216 lr 1.00e-04 0.6s
epoch   1 loss 1.1321 clss 1.1320 var 0.0682 sc_mean 0.5142 sc_std 0.0318 val_micro 0.6480 val_macro 0.7137 lr 1.00e-04 0.3s
epoch   2 loss 0.9775 clss 0.9775 var 0.0344 sc_mean 0.5411 sc_std 0.0660 val_micro 0.8345 val_macro 0.8311 lr 1.00e-04 0.3s
epoch   3 loss 0.7701 clss 0.7701 var 0.0086 sc_mean 0.5784 sc_std 0.1235 val_micro 0.8741 val_macro 0.8746 lr 1.00e-04 0.3s
epoch   4 loss 0.5360 clss 0.5360 var 0.0038 sc_mean 0.5052 sc_std 0.1664 val_micro 0.8939 val_macro 0.8939 lr 1.00e-04 0.3s
epoch   5 loss 0.3697 clss 0.3697 var 0.0025 sc_mean 0.4007 sc_std 0.1877 val_micro 0.9077 val_macro 0.9063 lr 1.00e-04 0.3s
epoch   6 loss 0.2644 clss 0.2644 var 0.0015 sc_mean 0.3659 sc_std 0.2130 val_micro 0.9143 val_macro 0.9035 lr 1.00e-04 0.4s
epoch   7 loss 0.2000 clss 0.2000 var 0.0016 sc_mean 0.3667 sc_std 0.2467 val_micro 0.9185 val_macro 0.9137 lr 1.00e-04 0.4s
epoch   8 loss 0.1573 clss 0.1573 var 0.0008 sc_mean 0.3367 sc_std 0.2528 val_micro 0.9143 val_macro 0.9035 lr 1.00e-04 0.4s
epoch   9 loss 0.1385 clss 0.1385 var 0.0015 sc_mean 0.3141 sc_std 0.2567 val_micro 0.9353 val_macro 0.9271 lr 1.00e-04 0.3s
epoch  10 loss 0.1076 clss 0.1076 var 0.0009 sc_mean 0.3066 sc_std 0.2662 val_micro 0.9241 val_macro 0.9177 lr 1.00e-04 0.3s
epoch  11 loss 0.0918 clss 0.0918 var 0.0016 sc_mean 0.2834 sc_std 0.2649 val_micro 0.9437 val_macro 0.9380 lr 1.00e-04 0.3s
epoch  12 loss 0.0744 clss 0.0744 var 0.0015 sc_mean 0.3041 sc_std 0.2807 val_micro 0.9571 val_macro 0.9522 lr 1.00e-04 0.3s
epoch  13 loss 0.0681 clss 0.0681 var 0.0015 sc_mean 0.3003 sc_std 0.2848 val_micro 0.9504 val_macro 0.9454 lr 1.00e-04 0.3s
epoch  14 loss 0.0526 clss 0.0526 var 0.0007 sc_mean 0.3178 sc_std 0.2986 val_micro 0.9517 val_macro 0.9549 lr 1.00e-04 0.3s
epoch  15 loss 0.0445 clss 0.0445 var 0.0018 sc_mean 0.2851 sc_std 0.2849 val_micro 0.9388 val_macro 0.9345 lr 1.00e-04 0.3s
epoch  16 loss 0.0374 clss 0.0374 var 0.0017 sc_mean 0.2503 sc_std 0.2726 val_micro 0.9510 val_macro 0.9474 lr 5.00e-05 0.3s
epoch  17 loss 0.0345 clss 0.0344 var 0.0016 sc_mean 0.2553 sc_std 0.2730 val_micro 0.9452 val_macro 0.9389 lr 5.00e-05 0.3s
early stop at epoch 17（连续 5 epoch val micro-F1 不提升）
done seed1 (split_seed1): best val micro-F1=0.9571 @ epoch; wall=7.5s train=5.3s graphs/s=1346.89 → runs/baseline_arch_buggy/sage/seed1

=== [1.6 min] sage/seed1/eval ===
[evaluate] 标签来源：file=/home/saumarez/projects/deep-learning/SSM-HG/alldata(readonly)/contract_labels.json key_mode=project
seed1 (split_seed1): test micro-F1 0.5=0.9612 / val_thr(0.8)=0.9760；macro 0.5=0.9594；mAP=0.9853 (classes used 7)

=== [1.6 min] sage/seed2/train ===
epoch   0 loss 1.2093 clss 1.2092 var 0.0751 sc_mean 0.4352 sc_std 0.0249 val_micro 0.4743 val_macro 0.5854 lr 1.00e-04 0.6s
epoch   1 loss 1.1495 clss 1.1494 var 0.0481 sc_mean 0.3671 sc_std 0.0519 val_micro 0.7458 val_macro 0.7175 lr 1.00e-04 0.3s
epoch   2 loss 0.9815 clss 0.9814 var 0.0304 sc_mean 0.2833 sc_std 0.0715 val_micro 0.8652 val_macro 0.8642 lr 1.00e-04 0.3s
epoch   3 loss 0.7648 clss 0.7648 var 0.0348 sc_mean 0.2380 sc_std 0.0721 val_micro 0.8609 val_macro 0.8666 lr 1.00e-04 0.3s
epoch   4 loss 0.5432 clss 0.5432 var 0.0131 sc_mean 0.2453 sc_std 0.1051 val_micro 0.9189 val_macro 0.9167 lr 1.00e-04 0.3s
epoch   5 loss 0.3557 clss 0.3557 var 0.0059 sc_mean 0.2026 sc_std 0.1302 val_micro 0.9150 val_macro 0.9130 lr 1.00e-04 0.3s
epoch   6 loss 0.2642 clss 0.2642 var 0.0095 sc_mean 0.1367 sc_std 0.1190 val_micro 0.9178 val_macro 0.9195 lr 1.00e-04 0.3s
epoch   7 loss 0.2027 clss 0.2027 var 0.0145 sc_mean 0.1150 sc_std 0.1168 val_micro 0.9379 val_macro 0.9416 lr 1.00e-04 0.3s
epoch   8 loss 0.1620 clss 0.1620 var 0.0080 sc_mean 0.1339 sc_std 0.1502 val_micro 0.9452 val_macro 0.9469 lr 1.00e-04 0.3s
epoch   9 loss 0.1333 clss 0.1332 var 0.0075 sc_mean 0.1593 sc_std 0.1746 val_micro 0.9452 val_macro 0.9469 lr 1.00e-04 0.4s
epoch  10 loss 0.1105 clss 0.1105 var 0.0117 sc_mean 0.1094 sc_std 0.1357 val_micro 0.9396 val_macro 0.9359 lr 1.00e-04 0.4s
epoch  11 loss 0.1022 clss 0.1022 var 0.0092 sc_mean 0.1079 sc_std 0.1450 val_micro 0.9517 val_macro 0.9537 lr 1.00e-04 0.3s
epoch  12 loss 0.0839 clss 0.0839 var 0.0153 sc_mean 0.0938 sc_std 0.1286 val_micro 0.9589 val_macro 0.9586 lr 1.00e-04 0.3s
epoch  13 loss 0.0700 clss 0.0700 var 0.0125 sc_mean 0.1011 sc_std 0.1387 val_micro 0.9589 val_macro 0.9586 lr 1.00e-04 0.3s
epoch  14 loss 0.0740 clss 0.0740 var 0.0067 sc_mean 0.1230 sc_std 0.1652 val_micro 0.9655 val_macro 0.9670 lr 1.00e-04 0.3s
epoch  15 loss 0.0625 clss 0.0625 var 0.0072 sc_mean 0.1124 sc_std 0.1605 val_micro 0.9595 val_macro 0.9568 lr 1.00e-04 0.3s
epoch  16 loss 0.0537 clss 0.0537 var 0.0090 sc_mean 0.1079 sc_std 0.1564 val_micro 0.9467 val_macro 0.9472 lr 1.00e-04 0.3s
epoch  17 loss 0.0539 clss 0.0539 var 0.0127 sc_mean 0.0971 sc_std 0.1418 val_micro 0.9459 val_macro 0.9499 lr 1.00e-04 0.3s
epoch  18 loss 0.0514 clss 0.0513 var 0.0133 sc_mean 0.0949 sc_std 0.1367 val_micro 0.9530 val_macro 0.9556 lr 5.00e-05 0.3s
epoch  19 loss 0.0494 clss 0.0494 var 0.0125 sc_mean 0.0965 sc_std 0.1401 val_micro 0.9530 val_macro 0.9556 lr 5.00e-05 0.3s
early stop at epoch 19（连续 5 epoch val micro-F1 不提升）
done seed2 (split_seed2): best val micro-F1=0.9655 @ epoch; wall=8.0s train=5.8s graphs/s=1368.38 → runs/baseline_arch_buggy/sage/seed2

=== [1.8 min] sage/seed2/eval ===
[evaluate] 标签来源：file=/home/saumarez/projects/deep-learning/SSM-HG/alldata(readonly)/contract_labels.json key_mode=project
seed2 (split_seed2): test micro-F1 0.5=0.9313 / val_thr(0.8)=0.9302；macro 0.5=0.9256；mAP=0.9764 (classes used 7)
summary: 3 seeds [0, 1, 2] → micro-F1(0.5) 0.901679±0.078669；micro-F1(val_thr) 0.906797±0.083427 → runs/baseline_arch_buggy/sage/summary.json

[arch-baselines] 参数量（**必须随结果一起报**，见模块 docstring 口径 2）：
  gcn   total=None  conv_type=gcn
  gat   total=None  conv_type=gat
  sage  total=None  conv_type=sage

完成，用时 1.9 min → runs/baseline_arch_buggy
--- buggy 侧 run 数 ---
  runs/buggy_canon            3
  runs/ablation_buggy         63
  runs/baseline_arch_buggy    9
--- 编码器 best_val_macro_f1（应显著高于旧的 16 轮档）---
  ss0: best_val_macro_f1=0.9430  epoch=7  epochs=20
  ss1: best_val_macro_f1=0.9830  epoch=11  epochs=20
  ss2: best_val_macro_f1=0.9671  epoch=14  epochs=20
--- 磁盘 ---
C:\             201G  171G   30G  86% /mnt/c
