=== 训练结束，开始后处理 19:48:32 ===
--- [1/3] evaluate 24 个正典 run + summarize ---
[rerun] 归档 runs/prior_badmetric：24 个 run；prune=last evaluate=False dry_run=False
[1/24] augmentation/seed0 ✓ 已评估
[2/24] augmentation/seed1 ✓ 已评估
[3/24] augmentation/seed2 ✓ 已评估
[4/24] augmentation_dedup/seed0 ✓ 已评估
[5/24] augmentation_dedup/seed1 ✓ 已评估
[6/24] augmentation_dedup/seed2 ✓ 已评估
[7/24] loss_asl/seed0 ✓ 已评估
[8/24] loss_asl/seed1 ✓ 已评估
[9/24] loss_asl/seed2 ✓ 已评估
[10/24] loss_focal/seed0 ✓ 已评估
[11/24] loss_focal/seed1 ✓ 已评估
[12/24] loss_focal/seed2 ✓ 已评估
[13/24] neardup/seed0 ✓ 已评估
[14/24] neardup/seed1 ✓ 已评估
[15/24] neardup/seed2 ✓ 已评估
[16/24] pw_unclamped/seed0 ✓ 已评估
[17/24] pw_unclamped/seed1 ✓ 已评估
[18/24] pw_unclamped/seed2 ✓ 已评估
[19/24] seed0 ✓ 已评估
[20/24] seed1 ✓ 已评估
[21/24] seed2 ✓ 已评估
[22/24] withbuggy/seed0 ✓ 已评估
[23/24] withbuggy/seed1 ✓ 已评估
[24/24] withbuggy/seed2 ✓ 已评估
[summarize] /home/saumarez/projects/deep-learning/SSM-HG/runs ✓
[summarize] /home/saumarez/projects/deep-learning/SSM-HG/runs/augmentation ✓
[summarize] /home/saumarez/projects/deep-learning/SSM-HG/runs/augmentation_dedup ✓
[summarize] runs/loss_asl ✓
[summarize] runs/loss_focal ✓
[summarize] runs/neardup ✓
[summarize] runs/pw_unclamped ✓
[summarize] runs/withbuggy ✓

[rerun] 完成 24/24，用时 97.4s
--- [2/3] 逐类诊断（主库 + 三个干预臂）---
seed1: 逐类诊断完成 → runs/seed1/diagnosis.json （test pos 3,2,1,1,6,1,7）
seed2: 逐类诊断完成 → runs/seed2/diagnosis.json （test pos 3,3,1,1,5,1,7）
跨种子聚合 → runs/diagnosis_summary.json
seed2: 逐类诊断完成 → runs/seed2/diagnosis.json （test pos 3,3,1,1,5,1,7）
跨种子聚合 → runs/loss_focal/diagnosis_summary.json
seed2: 逐类诊断完成 → runs/seed2/diagnosis.json （test pos 3,3,1,1,5,1,7）
跨种子聚合 → runs/loss_asl/diagnosis_summary.json
seed2: 逐类诊断完成 → runs/seed2/diagnosis.json （test pos 3,3,1,1,5,1,7）
跨种子聚合 → runs/pw_unclamped/diagnosis_summary.json
--- [3/3] 标定补充分析 ---
seed0: T=0.5715 (val BCE 0.3446→0.3117) | test micro-F1 基线 0.4262 / 温度 0.4528 / per-class 0.3000 / 组合 0.4138
seed1: T=0.7841 (val BCE 0.3128→0.3051) | test micro-F1 基线 0.4561 / 温度 0.5306 / per-class 0.3662 / 组合 0.4000
seed2: T=0.7090 (val BCE 0.2723→0.2555) | test micro-F1 基线 0.3944 / 温度 0.3830 / per-class 0.3934 / 组合 0.4127
跨种子聚合 → /home/saumarez/projects/deep-learning/SSM-HG/eval_results/calibration/summary.json
=== 后处理结束 19:50:41 ===
