=== 19:50:49 开始剪除研究臂权重 ===
待删 81 个（全部位于研究臂目录，均为本次重训新建）：
合计 405.2 MB
  - runs/loss_study/asl_ts3_ss0/seed3/best.pt
  - runs/loss_study/asl_ts3_ss1/seed3/best.pt
  - runs/loss_study/asl_ts3_ss2/seed3/best.pt
  - runs/loss_study/asl_ts4_ss0/seed4/best.pt
  - runs/loss_study/asl_ts4_ss1/seed4/best.pt
  - runs/loss_study/asl_ts4_ss2/seed4/best.pt
  - runs/loss_study/asl_ts5_ss0/seed5/best.pt
  - runs/loss_study/asl_ts5_ss1/seed5/best.pt
  - runs/loss_study/asl_ts5_ss2/seed5/best.pt
  - runs/loss_study/focal_ts3_ss0/seed3/best.pt
  - runs/loss_study/focal_ts3_ss1/seed3/best.pt
  - runs/loss_study/focal_ts3_ss2/seed3/best.pt
  - runs/loss_study/focal_ts4_ss0/seed4/best.pt
  - runs/loss_study/focal_ts4_ss1/seed4/best.pt
  - runs/loss_study/focal_ts4_ss2/seed4/best.pt
  - runs/loss_study/focal_ts5_ss0/seed5/best.pt
  - runs/loss_study/focal_ts5_ss1/seed5/best.pt
  - runs/loss_study/focal_ts5_ss2/seed5/best.pt
  - runs/loss_study/pw0_ts3_ss0/seed3/best.pt
  - runs/loss_study/pw0_ts3_ss1/seed3/best.pt
  - runs/loss_study/pw0_ts3_ss2/seed3/best.pt
  - runs/loss_study/pw0_ts4_ss0/seed4/best.pt
  - runs/loss_study/pw0_ts4_ss1/seed4/best.pt
  - runs/loss_study/pw0_ts4_ss2/seed4/best.pt
  - runs/loss_study/pw0_ts5_ss0/seed5/best.pt
  - runs/loss_study/pw0_ts5_ss1/seed5/best.pt
  - runs/loss_study/pw0_ts5_ss2/seed5/best.pt
  - runs/prior_dropout_study/ablatesv_ts3_ss0/seed3/best.pt
  - runs/prior_dropout_study/ablatesv_ts3_ss1/seed3/best.pt
  - runs/prior_dropout_study/ablatesv_ts3_ss2/seed3/best.pt
  - runs/prior_dropout_study/ablatesv_ts4_ss0/seed4/best.pt
  - runs/prior_dropout_study/ablatesv_ts4_ss1/seed4/best.pt
  - runs/prior_dropout_study/ablatesv_ts4_ss2/seed4/best.pt
  - runs/prior_dropout_study/ablatesv_ts5_ss0/seed5/best.pt
  - runs/prior_dropout_study/ablatesv_ts5_ss1/seed5/best.pt
  - runs/prior_dropout_study/ablatesv_ts5_ss2/seed5/best.pt
  - runs/prior_dropout_study/drop0_ts3_ss0/seed3/best.pt
  - runs/prior_dropout_study/drop0_ts3_ss1/seed3/best.pt
  - runs/prior_dropout_study/drop0_ts3_ss2/seed3/best.pt
  - runs/prior_dropout_study/drop0_ts4_ss0/seed4/best.pt
  - runs/prior_dropout_study/drop0_ts4_ss1/seed4/best.pt
  - runs/prior_dropout_study/drop0_ts4_ss2/seed4/best.pt
  - runs/prior_dropout_study/drop0_ts5_ss0/seed5/best.pt
  - runs/prior_dropout_study/drop0_ts5_ss1/seed5/best.pt
  - runs/prior_dropout_study/drop0_ts5_ss2/seed5/best.pt
  - runs/prior_dropout_study/drop100_ts3_ss0/seed3/best.pt
  - runs/prior_dropout_study/drop100_ts3_ss1/seed3/best.pt
  - runs/prior_dropout_study/drop100_ts3_ss2/seed3/best.pt
  - runs/prior_dropout_study/drop100_ts4_ss0/seed4/best.pt
  - runs/prior_dropout_study/drop100_ts4_ss1/seed4/best.pt
  - runs/prior_dropout_study/drop100_ts4_ss2/seed4/best.pt
  - runs/prior_dropout_study/drop100_ts5_ss0/seed5/best.pt
  - runs/prior_dropout_study/drop100_ts5_ss1/seed5/best.pt
  - runs/prior_dropout_study/drop100_ts5_ss2/seed5/best.pt
  - runs/prior_dropout_study/drop20_ts3_ss0/seed3/best.pt
  - runs/prior_dropout_study/drop20_ts3_ss1/seed3/best.pt
  - runs/prior_dropout_study/drop20_ts3_ss2/seed3/best.pt
  - runs/prior_dropout_study/drop20_ts4_ss0/seed4/best.pt
  - runs/prior_dropout_study/drop20_ts4_ss1/seed4/best.pt
  - runs/prior_dropout_study/drop20_ts4_ss2/seed4/best.pt
  - runs/prior_dropout_study/drop20_ts5_ss0/seed5/best.pt
  - runs/prior_dropout_study/drop20_ts5_ss1/seed5/best.pt
  - runs/prior_dropout_study/drop20_ts5_ss2/seed5/best.pt
  - runs/prior_dropout_study/drop50_ts3_ss0/seed3/best.pt
  - runs/prior_dropout_study/drop50_ts3_ss1/seed3/best.pt
  - runs/prior_dropout_study/drop50_ts3_ss2/seed3/best.pt
  - runs/prior_dropout_study/drop50_ts4_ss0/seed4/best.pt
  - runs/prior_dropout_study/drop50_ts4_ss1/seed4/best.pt
  - runs/prior_dropout_study/drop50_ts4_ss2/seed4/best.pt
  - runs/prior_dropout_study/drop50_ts5_ss0/seed5/best.pt
  - runs/prior_dropout_study/drop50_ts5_ss1/seed5/best.pt
  - runs/prior_dropout_study/drop50_ts5_ss2/seed5/best.pt
  - runs/prior_dropout_study/drop80_ts3_ss0/seed3/best.pt
  - runs/prior_dropout_study/drop80_ts3_ss1/seed3/best.pt
  - runs/prior_dropout_study/drop80_ts3_ss2/seed3/best.pt
  - runs/prior_dropout_study/drop80_ts4_ss0/seed4/best.pt
  - runs/prior_dropout_study/drop80_ts4_ss1/seed4/best.pt
  - runs/prior_dropout_study/drop80_ts4_ss2/seed4/best.pt
  - runs/prior_dropout_study/drop80_ts5_ss0/seed5/best.pt
  - runs/prior_dropout_study/drop80_ts5_ss1/seed5/best.pt
  - runs/prior_dropout_study/drop80_ts5_ss2/seed5/best.pt

已删除 81 个 best.pt；保留 val_best_probs.pt + config/log/results/thresholds.json
=== 剪除结束 ===
354M	runs
