=== [20:04:50] ① 主库队列结束，接跑 ② 增强集 ===
=== [20:04:50] aug/variant_callback_rev ===
  ✓ variant_callback_rev
=== [20:13:18] aug/train_rev ===
  ✓ train_rev
=== [20:20:03] aug/variant_callback_unlimited ===
  ✓ variant_callback_unlimited
=== [20:28:58] aug/train_unlimited ===
  ✓ train_unlimited
=== [20:36:28] aug/finetune_ss0 ===
  ✓ finetune_ss0
=== [21:46:32] aug/finetune_ss1 ===
  ✓ finetune_ss1
=== [22:57:27] aug/finetune_ss2 ===
  ✓ finetune_ss2
=== [00:06:23] aug/variant_cb_ft_ss0 ===
  ✓ variant_cb_ft_ss0
=== [00:56:55] aug/variant_cb_ft_ss1 ===
  ✓ variant_cb_ft_ss1
=== [01:47:48] aug/variant_cb_ft_ss2 ===
  ✓ variant_cb_ft_ss2
=== [02:38:40] aug/train_ft ===
  ✓ train_ft
=== [02:41:34] aug 队列结束，fail=0 ===
=== [02:41:34] ② 增强集队列结束 ===
