=== main/variant_callback_rev：已存在，跳过 ===
=== [18:42:36] main/train_rev ===
  ✓ train_rev
=== main/variant_callback_unlimited：已存在，跳过 ===
=== [18:42:41] main/train_unlimited ===
  ✓ train_unlimited
=== [18:43:59] main/finetune_ss0 ===
  ✓ finetune_ss0
=== [19:01:13] main/finetune_ss1 ===
  ✓ finetune_ss1
=== [19:18:36] main/finetune_ss2 ===
  ✓ finetune_ss2
=== [19:31:18] main/variant_cb_ft_ss0 ===
  ✓ variant_cb_ft_ss0
=== [19:42:51] main/variant_cb_ft_ss1 ===
  ✓ variant_cb_ft_ss1
=== [19:53:22] main/variant_cb_ft_ss2 ===
  ✓ variant_cb_ft_ss2
=== [20:03:56] main/train_ft ===
  ✓ train_ft
=== [20:04:49] main 队列结束，fail=0 ===
