[rerun] 归档 runs/prior_badmetric：105 个 run；prune=last evaluate=False dry_run=False
[1/105] augmentation/seed0 ✓ 121.7s val_micro=0.9653 epoch=37 剪除 last.pt
[2/105] augmentation/seed1 ✓ 151.2s val_micro=0.9763 epoch=46 剪除 last.pt
[3/105] augmentation/seed2 ✓ 158.6s val_micro=0.9836 epoch=51 剪除 last.pt
[4/105] augmentation_dedup/seed0 ✓  58.9s val_micro=0.9364 epoch=27 剪除 last.pt
[5/105] augmentation_dedup/seed1 ✓  60.0s val_micro=0.8608 epoch=29 剪除 last.pt
[6/105] augmentation_dedup/seed2 ✓  75.8s val_micro=0.9772 epoch=39 剪除 last.pt
[7/105] loss_asl/seed0 ✓  18.8s val_micro=0.6000 epoch=15 剪除 last.pt
[8/105] loss_asl/seed1 ✓  21.2s val_micro=0.6000 epoch=26 剪除 last.pt
[9/105] loss_asl/seed2 ✓  17.6s val_micro=0.5532 epoch=15 剪除 last.pt
[10/105] loss_focal/seed0 ✓  21.3s val_micro=0.6275 epoch=25 剪除 last.pt
[11/105] loss_focal/seed1 ✓  21.3s val_micro=0.5714 epoch=18 剪除 last.pt
[12/105] loss_focal/seed2 ✓  18.3s val_micro=0.5714 epoch=19 剪除 last.pt
[13/105] loss_study/asl_ts3_ss0/seed3 ✓  23.4s val_micro=0.5909 epoch=27 剪除 last.pt
[14/105] loss_study/asl_ts3_ss1/seed3 ✓  20.9s val_micro=0.6667 epoch=23 剪除 last.pt
[15/105] loss_study/asl_ts3_ss2/seed3 ✓  18.2s val_micro=0.5306 epoch=16 剪除 last.pt
[16/105] loss_study/asl_ts4_ss0/seed4 ✓  21.4s val_micro=0.6316 epoch=24 剪除 last.pt
[17/105] loss_study/asl_ts4_ss1/seed4 ✓  16.0s val_micro=0.5909 epoch=12 剪除 last.pt
[18/105] loss_study/asl_ts4_ss2/seed4 ✓  23.7s val_micro=0.7000 epoch=31 剪除 last.pt
[19/105] loss_study/asl_ts5_ss0/seed5 ✓  18.5s val_micro=0.6538 epoch=17 剪除 last.pt
[20/105] loss_study/asl_ts5_ss1/seed5 ✓  15.1s val_micro=0.5000 epoch=10 剪除 last.pt
[21/105] loss_study/asl_ts5_ss2/seed5 ✓  21.9s val_micro=0.5778 epoch=20 剪除 last.pt
[22/105] loss_study/focal_ts3_ss0/seed3 ✓  19.6s val_micro=0.6400 epoch=17 剪除 last.pt
[23/105] loss_study/focal_ts3_ss1/seed3 ✓  17.2s val_micro=0.5283 epoch=12 剪除 last.pt
[24/105] loss_study/focal_ts3_ss2/seed3 ✓  22.2s val_micro=0.6829 epoch=25 剪除 last.pt
[25/105] loss_study/focal_ts4_ss0/seed4 ✓  20.2s val_micro=0.5500 epoch=20 剪除 last.pt
[26/105] loss_study/focal_ts4_ss1/seed4 ✓  17.8s val_micro=0.6154 epoch=16 剪除 last.pt
[27/105] loss_study/focal_ts4_ss2/seed4 ✓  21.1s val_micro=0.6842 epoch=24 剪除 last.pt
[28/105] loss_study/focal_ts5_ss0/seed5 ✓  21.9s val_micro=0.6047 epoch=17 剪除 last.pt
[29/105] loss_study/focal_ts5_ss1/seed5 ✓  17.1s val_micro=0.5116 epoch=13 剪除 last.pt
[30/105] loss_study/focal_ts5_ss2/seed5 ✓  22.0s val_micro=0.5946 epoch=18 剪除 last.pt
[31/105] loss_study/pw0_ts3_ss0/seed3 ✓  16.9s val_micro=0.4737 epoch=13 剪除 last.pt
[32/105] loss_study/pw0_ts3_ss1/seed3 ✓  16.5s val_micro=0.4516 epoch=13 剪除 last.pt
[33/105] loss_study/pw0_ts3_ss2/seed3 ✓  17.2s val_micro=0.4444 epoch=13 剪除 last.pt
[34/105] loss_study/pw0_ts4_ss0/seed4 ✓  18.5s val_micro=0.5660 epoch=18 剪除 last.pt
[35/105] loss_study/pw0_ts4_ss1/seed4 ✓  16.2s val_micro=0.4638 epoch=13 剪除 last.pt
[36/105] loss_study/pw0_ts4_ss2/seed4 ✓  18.1s val_micro=0.5185 epoch=15 剪除 last.pt
[37/105] loss_study/pw0_ts5_ss0/seed5 ✓  17.6s val_micro=0.5769 epoch=16 剪除 last.pt
[38/105] loss_study/pw0_ts5_ss1/seed5 ✓  16.5s val_micro=0.4333 epoch=13 剪除 last.pt
[39/105] loss_study/pw0_ts5_ss2/seed5 ✓  19.2s val_micro=0.4865 epoch=18 剪除 last.pt
[40/105] neardup/seed0 ✓  15.2s val_micro=0.2913 epoch=7 剪除 last.pt
[41/105] neardup/seed1 ✓  17.9s val_micro=0.4231 epoch=11 剪除 last.pt
[42/105] neardup/seed2 ✓  14.8s val_micro=0.3243 epoch=8 剪除 last.pt
[43/105] prior_dropout_study/ablatesv_ts3_ss0/seed3 ✓  18.1s val_micro=0.5455 epoch=16 剪除 last.pt
[44/105] prior_dropout_study/ablatesv_ts3_ss1/seed3 ✓  22.1s val_micro=0.6250 epoch=23 剪除 last.pt
[45/105] prior_dropout_study/ablatesv_ts3_ss2/seed3 ✓  18.6s val_micro=0.5333 epoch=19 剪除 last.pt
[46/105] prior_dropout_study/ablatesv_ts4_ss0/seed4 ✓  19.9s val_micro=0.4706 epoch=12 剪除 last.pt
[47/105] prior_dropout_study/ablatesv_ts4_ss1/seed4 ✓  19.6s val_micro=0.5660 epoch=20 剪除 last.pt
[48/105] prior_dropout_study/ablatesv_ts4_ss2/seed4 ✓  18.6s val_micro=0.5581 epoch=16 剪除 last.pt
[49/105] prior_dropout_study/ablatesv_ts5_ss0/seed5 ✓  26.6s val_micro=0.7000 epoch=36 剪除 last.pt
[50/105] prior_dropout_study/ablatesv_ts5_ss1/seed5 ✓  17.8s val_micro=0.5000 epoch=15 剪除 last.pt
[51/105] prior_dropout_study/ablatesv_ts5_ss2/seed5 ✓  21.8s val_micro=0.6111 epoch=20 剪除 last.pt
[52/105] prior_dropout_study/drop0_ts3_ss0/seed3 ✓  19.9s val_micro=0.5957 epoch=24 剪除 last.pt
[53/105] prior_dropout_study/drop0_ts3_ss1/seed3 ✓  16.4s val_micro=0.5091 epoch=14 剪除 last.pt
[54/105] prior_dropout_study/drop0_ts3_ss2/seed3 ✓  24.8s val_micro=0.5455 epoch=34 剪除 last.pt
[55/105] prior_dropout_study/drop0_ts4_ss0/seed4 ✓  21.9s val_micro=0.5833 epoch=28 剪除 last.pt
[56/105] prior_dropout_study/drop0_ts4_ss1/seed4 ✓  17.5s val_micro=0.5455 epoch=16 剪除 last.pt
[57/105] prior_dropout_study/drop0_ts4_ss2/seed4 ✓  19.1s val_micro=0.5455 epoch=16 剪除 last.pt
[58/105] prior_dropout_study/drop0_ts5_ss0/seed5 ✓  20.4s val_micro=0.6842 epoch=23 剪除 last.pt
[59/105] prior_dropout_study/drop0_ts5_ss1/seed5 ✓  15.4s val_micro=0.5238 epoch=10 剪除 last.pt
[60/105] prior_dropout_study/drop0_ts5_ss2/seed5 ✓  22.4s val_micro=0.6486 epoch=28 剪除 last.pt
[61/105] prior_dropout_study/drop100_ts3_ss0/seed3 ✓  27.7s val_micro=0.6038 epoch=35 剪除 last.pt
[62/105] prior_dropout_study/drop100_ts3_ss1/seed3 ✓  19.8s val_micro=0.6250 epoch=23 剪除 last.pt
[63/105] prior_dropout_study/drop100_ts3_ss2/seed3 ✓  19.5s val_micro=0.5217 epoch=16 剪除 last.pt
[64/105] prior_dropout_study/drop100_ts4_ss0/seed4 ✓  23.5s val_micro=0.6486 epoch=34 剪除 last.pt
[65/105] prior_dropout_study/drop100_ts4_ss1/seed4 ✓  18.4s val_micro=0.5769 epoch=16 剪除 last.pt
[66/105] prior_dropout_study/drop100_ts4_ss2/seed4 ✓  18.6s val_micro=0.5581 epoch=16 剪除 last.pt
[67/105] prior_dropout_study/drop100_ts5_ss0/seed5 ✓  27.7s val_micro=0.7500 epoch=42 剪除 last.pt
[68/105] prior_dropout_study/drop100_ts5_ss1/seed5 ✓  17.3s val_micro=0.5000 epoch=15 剪除 last.pt
[69/105] prior_dropout_study/drop100_ts5_ss2/seed5 ✓  22.3s val_micro=0.6154 epoch=25 剪除 last.pt
[70/105] prior_dropout_study/drop20_ts3_ss0/seed3 ✓  20.6s val_micro=0.5833 epoch=23 剪除 last.pt
[71/105] prior_dropout_study/drop20_ts3_ss1/seed3 ✓  20.5s val_micro=0.6154 epoch=23 剪除 last.pt
[72/105] prior_dropout_study/drop20_ts3_ss2/seed3 ✓  17.8s val_micro=0.5366 epoch=18 剪除 last.pt
[73/105] prior_dropout_study/drop20_ts4_ss0/seed4 ✓  21.0s val_micro=0.5172 epoch=21 剪除 last.pt
[74/105] prior_dropout_study/drop20_ts4_ss1/seed4 ✓  17.6s val_micro=0.5405 epoch=17 剪除 last.pt
[75/105] prior_dropout_study/drop20_ts4_ss2/seed4 ✓  18.2s val_micro=0.5778 epoch=16 剪除 last.pt
[76/105] prior_dropout_study/drop20_ts5_ss0/seed5 ✓  24.9s val_micro=0.7179 epoch=36 剪除 last.pt
[77/105] prior_dropout_study/drop20_ts5_ss1/seed5 ✓  17.4s val_micro=0.5185 epoch=16 剪除 last.pt
[78/105] prior_dropout_study/drop20_ts5_ss2/seed5 ✓  18.9s val_micro=0.6111 epoch=20 剪除 last.pt
[79/105] prior_dropout_study/drop50_ts3_ss0/seed3 ✓  17.5s val_micro=0.5263 epoch=16 剪除 last.pt
[80/105] prior_dropout_study/drop50_ts3_ss1/seed3 ✓  19.8s val_micro=0.6400 epoch=23 剪除 last.pt
[81/105] prior_dropout_study/drop50_ts3_ss2/seed3 ✓  20.1s val_micro=0.5455 epoch=19 剪除 last.pt
[82/105] prior_dropout_study/drop50_ts4_ss0/seed4 ✓  19.8s val_micro=0.5490 epoch=23 剪除 last.pt
[83/105] prior_dropout_study/drop50_ts4_ss1/seed4 ✓  17.7s val_micro=0.5600 epoch=16 剪除 last.pt
[84/105] prior_dropout_study/drop50_ts4_ss2/seed4 ✓  17.5s val_micro=0.5455 epoch=16 剪除 last.pt
[85/105] prior_dropout_study/drop50_ts5_ss0/seed5 ✓  20.5s val_micro=0.6829 epoch=23 剪除 last.pt
[86/105] prior_dropout_study/drop50_ts5_ss1/seed5 ✓  19.4s val_micro=0.5116 epoch=10 剪除 last.pt
[87/105] prior_dropout_study/drop50_ts5_ss2/seed5 ✓  20.0s val_micro=0.6341 epoch=28 剪除 last.pt
[88/105] prior_dropout_study/drop80_ts3_ss0/seed3 ✓  15.3s val_micro=0.5143 epoch=11 剪除 last.pt
[89/105] prior_dropout_study/drop80_ts3_ss1/seed3 ✓  17.5s val_micro=0.5769 epoch=17 剪除 last.pt
[90/105] prior_dropout_study/drop80_ts3_ss2/seed3 ✓  16.8s val_micro=0.5455 epoch=15 剪除 last.pt
[91/105] prior_dropout_study/drop80_ts4_ss0/seed4 ✓  16.1s val_micro=0.5200 epoch=13 剪除 last.pt
[92/105] prior_dropout_study/drop80_ts4_ss1/seed4 ✓  14.1s val_micro=0.5385 epoch=10 剪除 last.pt
[93/105] prior_dropout_study/drop80_ts4_ss2/seed4 ✓  16.9s val_micro=0.5116 epoch=16 剪除 last.pt
[94/105] prior_dropout_study/drop80_ts5_ss0/seed5 ✓  20.3s val_micro=0.6829 epoch=23 剪除 last.pt
[95/105] prior_dropout_study/drop80_ts5_ss1/seed5 ✓  14.2s val_micro=0.5238 epoch=10 剪除 last.pt
[96/105] prior_dropout_study/drop80_ts5_ss2/seed5 ✓  24.9s val_micro=0.6111 epoch=32 剪除 last.pt
[97/105] pw_unclamped/seed0 ✓  21.9s val_micro=0.5106 epoch=26 剪除 last.pt
[98/105] pw_unclamped/seed1 ✓  16.4s val_micro=0.4444 epoch=15 剪除 last.pt
[99/105] pw_unclamped/seed2 ✓  18.4s val_micro=0.5714 epoch=19 剪除 last.pt
[100/105] seed0 → 跳过：/home/saumarez/projects/deep-learning/SSM-HG/runs/seed0 已有 config.json（先归档再重放）
[101/105] seed1 ✓  19.7s val_micro=0.5517 epoch=21 剪除 last.pt
[102/105] seed2 ✓  19.6s val_micro=0.5556 epoch=22 剪除 last.pt
[103/105] withbuggy/seed0 ✓  24.5s val_micro=0.9182 epoch=26 剪除 last.pt
[104/105] withbuggy/seed1 ✓  18.5s val_micro=0.6735 epoch=16 剪除 last.pt
[105/105] withbuggy/seed2 ✓  22.9s val_micro=0.7453 epoch=22 剪除 last.pt

[rerun] 完成 104/105，用时 2530.9s
  ✗ seed0: /home/saumarez/projects/deep-learning/SSM-HG/runs/seed0 已存在，拒绝覆盖
